
> nomicore@0.1.0 test /home/wangjian/nomicore-fix-issue-26
> vitest run --typecheck

Testing types with tsc and vue-tsc is an experimental feature.
Breaking changes might not follow SemVer, please pin Vitest's version when using it.

 RUN  v3.2.7 /home/wangjian/nomicore-fix-issue-26

 ✓  TS  packages/vfsl-protocol/test/vfsl-protocol-empty-fail-closed.test-d.ts (3 tests)
 ✓  TS  packages/vfsl-protocol/test/vfsl-protocol-projection.test-d.ts (16 tests)
 ✓ packages/vfsl/test/validate-snapshot-sa7.test.ts (14 tests) 12438ms
   ✓ SA7 补充：全局工作预算 WorkBudgetExceeded（设计 §3.4——首次动态触发的持久锚定） > 预算内照常完成（WORK_LIMIT 是上界不是配额）：100k 键 × 120 成员联合 → 101 条截断输出  1348ms
   ✓ SA7 补充：全局工作预算 WorkBudgetExceeded（设计 §3.4——首次动态触发的持久锚定） > 超预算 loud fail-closed：900k 键 × 120 成员联合（≈2.2×10⁸ 单位 > 2×10⁸）→ 单条预算耗尽 issue  9858ms
   ✓ SA7 补充：崩溃边界 E100 收编（设计 §10 R3——RangeError 触发面） > 深 ref 链（解析后深度 3×10⁴，表达式嵌套每层=2）× 等深快照 → RangeError 收编为单条 E100  453ms
   ✓ SA7 补充：SA2 R2-1 前瞻攻击构造回归锚（设计 §6.4 包络表 202 行） > lookMemo 稀疏物化：200 条空前瞻 × 10⁷ 码元 → 4M 钳制 loud，无 GB 级内存面（毫秒级返回）  409ms
 ✓ packages/vfsl/test/parse-vfsl-sa7-supplementary.test.ts (8 tests) 750ms
   ✓ SA7 补充 — 资源界 / 必终止 / 声明序不变性（设计 §11 SA7 动态验证位） > T-l：20k 裸引用链 + Record 键 → ok:true（栈安全回归，无 RangeError、无挂起）  303ms
 ✓ packages/vfsl/test/validate-snapshot.test.ts (35 tests) 57ms
 ✓ packages/vfsl/test/evaluate-derived-schema.test.ts (37 tests) 29ms
 ✓ packages/vfsl/test/parse-vfsl-forbidden-matrix.test.ts (79 tests) 32ms
 ✓ packages/vfsl/test/vfsl-assets-fullchain-e2e.test.ts (16 tests) 30ms
 ✓ packages/vfsl/test/schemasource-seam.test.ts (13 tests) 20ms
 ✓ packages/vfsl/test/parse-vfsl-containers-markers.test.ts (33 tests) 19ms
 ✓ packages/vfsl/test/evaluate-derived-docs-audit.test.ts (15 tests) 17ms
 ✓ packages/vfsl/test/parse-vfsl-cycle-detection.test.ts (16 tests) 16ms
 ✓ packages/vfsl/test/parse-vfsl-root-convention.test.ts (36 tests) 16ms
 ✓ packages/vfsl/test/evaluate-derived-docs-typecls.test.ts (8 tests) 14ms
 ✓ packages/vfsl/test/parse-vfsl-errors.test.ts (19 tests) 11ms
 ✓ packages/vfsl/test/parse-vfsl.test.ts (11 tests) 8ms
 ✓ packages/vfsl/test/parse-vfsl-jsdoc.test.ts (7 tests) 8ms
 ✓ packages/vfsl/test/parse-vfsl-r3-regression.test.ts (7 tests) 7ms
 ✓ packages/vfsl-protocol/test/vfsl-protocol-empty-module.test.ts (1 test) 3ms
stdout | packages/vfsl/test/domains-scaffold.test.ts > AC5 — 仓内脚手架校验（经 SchemaSource 接缝消费） > domains/ 下全部领域 schema 可经接缝加载且 parseVfsl 直接可解析（空集 = pass + notice）
[domains-scaffold] 0 domain schemas found（domains/ 不存在或为空——G 票落地后此处自然非空）

 ✓ packages/vfsl/test/domains-scaffold.test.ts (2 tests) 4ms

 Test Files  20 passed (20)
      Tests  376 passed (376)
Type Errors  no errors
   Start at  17:32:37
   Duration  17.20s (transform 417ms, setup 0ms, collect 990ms, tests 13.48s, environment 3ms, prepare 920ms, typecheck 1.16s)

BASELINE_EXIT=0
