
> nomicore@0.1.0 test /home/wangjian/nomicore-fix-issue-54
> vitest run --typecheck

Testing types with tsc and vue-tsc is an experimental feature.
Breaking changes might not follow SemVer, please pin Vitest's version when using it.

 RUN  v3.2.7 /home/wangjian/nomicore-fix-issue-54

 ✓  TS  domains/vfs3-assets/test/vfs3-assets-migration.test-d.ts (6 tests)
 ✓  TS  domains/vfs3-assets/test/vfs3-assets-projection.test-d.ts (19 tests)
 ✓  TS  packages/vfsl-codegen/test/generate-discriminated-narrow.test-d.ts (6 tests)
 ✓  TS  packages/vfsl-protocol/test/vfsl-protocol-empty-fail-closed.test-d.ts (3 tests)
 ✓  TS  packages/vfsl-protocol/test/vfsl-protocol-projection.test-d.ts (16 tests)
 ✓ packages/vfsl/test/validate-patch-sa7.test.ts (22 tests) 35584ms
   ✓ SA7 补充：WorkBudgetExceeded 穿透 validateSubtree（SA4 动态重点#3） > 预算内对照：100k 键 × 120 成员联合经 validatePatch 新键写 -> 101 条截断输出（不误伤）  3316ms
   ✓ SA7 补充：WorkBudgetExceeded 穿透 validateSubtree（SA4 动态重点#3） > 超预算 loud fail-closed：900k 键 × 120 成员联合写入 -> 单条预算 issue + rebase 边界前缀 [m]  32235ms
 ✓ packages/vfsl/test/validate-snapshot-sa7.test.ts (14 tests) 34033ms
   ✓ SA7 补充：全局工作预算 WorkBudgetExceeded（设计 §3.4——首次动态触发的持久锚定） > 预算内照常完成（WORK_LIMIT 是上界不是配额）：100k 键 × 120 成员联合 → 101 条截断输出  2916ms
   ✓ SA7 补充：全局工作预算 WorkBudgetExceeded（设计 §3.4——首次动态触发的持久锚定） > 超预算 loud fail-closed：900k 键 × 120 成员联合（≈2.2×10⁸ 单位 > 2×10⁸）→ 单条预算耗尽 issue  29721ms
   ✓ SA7 补充：崩溃边界 E100 收编（设计 §10 R3——RangeError 触发面） > 深 ref 链（解析后深度 3×10⁴，表达式嵌套每层=2）× 等深快照 → RangeError 收编为单条 E100  535ms
   ✓ SA7 补充：SA2 R2-1 前瞻攻击构造回归锚（设计 §6.4 包络表 202 行） > lookMemo 稀疏物化：200 条空前瞻 × 10⁷ 码元 → 4M 钳制 loud，无 GB 级内存面（毫秒级返回）  434ms
 ✓ packages/vfsl-codegen/test/generate-cli-check.test.ts (3 tests) 2130ms
   ✓ AC4 — pnpm generate 存在且幂等（全量重新生成 + 写盘） > pnpm generate 命令存在且成功退出（退出码 0）——被测 CLI 存在的事实锚点  428ms
   ✓ AC4 — generate --check 对过期生成物退出非零，对新鲜生成物退出 0 > generate 后再 --check → diff 为空 → 退出 0（新鲜生成物）  838ms
   ✓ AC4 — generate --check 对过期生成物退出非零，对新鲜生成物退出 0 > 源漂移后 --check → 退出非零（源改动 → 重新生成后 diff 非空）  862ms
 ✓ packages/vfsl-codegen/test/generate-protocol-import.test.ts (5 tests) 873ms
   ✓ AC-1 — 生成物原样（孤立 program）tsc --noEmit 可编译（编译级锚） > 具名别名域生成物孤立编译零诊断（N1：TS2304/TS2664 治愈锚）  537ms
   ✓ AC-1 — 生成物原样（孤立 program）tsc --noEmit 可编译（编译级锚） > 零别名域生成物 + 协议消费方同 program 编译零诊断（N2：script 遮蔽治愈锚——消费方不被毒化）  328ms
 ✓ packages/vfsl/test/parse-vfsl-sa7-supplementary.test.ts (8 tests) 805ms
   ✓ SA7 补充 — 资源界 / 必终止 / 声明序不变性（设计 §11 SA7 动态验证位） > T-l：20k 裸引用链 + Record 键 → ok:true（栈安全回归，无 RangeError、无挂起）  327ms
 ✓ packages/vfsl-codegen/test/generate-error-message-tail.test.ts (4 tests) 448ms
   ✓ AC-4 — CLI 端到端：错误消息尾串经结构化 stderr 可见（exit 2） > 异形 ROOT 域经 pnpm generate → exit 2 且 stderr 消息尾串 = 见 #44  441ms
 ✓ packages/vfsl-codegen/test/generate-alias-collision-guard.test.ts (4 tests) 474ms
   ✓ AC-3 — CLI 端到端：碰撞域响亮失败（exit 2 + 结构化 stderr，非 exit 0 静默产出） > pnpm generate 对碰撞域 → exit 2，stderr 含独立错误码与碰撞别名  456ms
 ✓ packages/vfsl/test/validate-snapshot.test.ts (35 tests) 61ms
 ✓ packages/vfsl/test/docscope-guards.test.ts (6 tests) 51ms
 ✓ packages/vfsl/test/parse-vfsl-forbidden-matrix.test.ts (79 tests) 26ms
 ✓ packages/vfsl/test/vfsl-assets-fullchain-e2e.test.ts (16 tests) 32ms
 ✓ packages/vfsl/test/evaluate-derived-schema.test.ts (37 tests) 31ms
 ✓ domains/vfs3-assets/test/vfs3-assets-tsdoc.test.ts (6 tests) 30ms
 ✓ packages/vfsl/test/validate-patch.test.ts (36 tests) 31ms
 ✓ packages/vfsl/test/docscope-getcompiled.test.ts (13 tests) 17ms
 ✓ packages/vfsl/test/parse-vfsl-containers-markers.test.ts (33 tests) 22ms
 ✓ packages/vfsl/test/schemasource-seam.test.ts (13 tests) 36ms
 ✓ packages/vfsl/test/parse-vfsl-root-convention.test.ts (36 tests) 17ms
 ✓ packages/vfsl-codegen/test/generate-mapping-table.test.ts (13 tests) 20ms
 ✓ packages/vfsl/test/evaluate-derived-docs-audit.test.ts (15 tests) 18ms
 ✓ packages/vfsl/test/parse-vfsl-cycle-detection.test.ts (16 tests) 17ms
 ✓ packages/vfsl/test/parse-schema-envelope.test.ts (13 tests) 16ms
 ✓ packages/vfsl/test/evaluate-derived-docs-typecls.test.ts (8 tests) 15ms
 ✓ packages/vfsl-codegen/test/generate-discriminated-emission.test.ts (10 tests) 17ms
 ✓ packages/vfsl/test/docscope-sha256.test.ts (13 tests) 11ms
 ✓ packages/vfsl/test/parse-vfsl-errors.test.ts (19 tests) 12ms
 ✓ packages/vfsl/test/parse-vfsl-r3-regression.test.ts (7 tests) 8ms
 ✓ packages/vfsl/test/parse-vfsl.test.ts (11 tests) 9ms
 ✓ packages/vfsl/test/domains-scaffold.test.ts (2 tests) 9ms
 ✓ packages/vfsl/test/parse-vfsl-jsdoc.test.ts (7 tests) 8ms
 ✓ packages/vfsl-protocol/test/vfsl-protocol-empty-module.test.ts (1 test) 3ms
⎯⎯⎯⎯⎯⎯ Unhandled Errors ⎯⎯⎯⎯⎯⎯

Vitest caught 1 unhandled error during the test run.
This might cause false positive tests. Resolve unhandled errors to make sure your tests are not affected.

⎯⎯⎯ Unhandled Source Error ⎯⎯⎯
TypeCheckError: Expected 1 arguments, but got 0.
 ❯ packages/vfsl/test/docscope-getcompiled.test.ts:247:5
    245|     // = 顺序依赖）。此处显式消费剩余武装（结果弃置，仅清队列）并清空调用史，
    246|     // 消除跨用例状态泄漏。
    247|     evaluateMock(); // 消费剩余的一次性失败武装（结果弃置）
       |     ^
    248|     evaluateMock.mockClear();
    249|   });

⎯⎯⎯⎯⎯⎯⎯⎯⎯⎯⎯⎯⎯⎯⎯⎯⎯⎯⎯⎯⎯⎯⎯⎯⎯⎯⎯⎯⎯⎯


 Test Files  36 passed (36)
      Tests  555 passed (555)
Type Errors  no errors
     Errors  1 error
   Start at  18:29:42
   Duration  83.01s (transform 619ms, setup 0ms, collect 3.15s, tests 74.87s, environment 5ms, prepare 1.65s, typecheck 2.06s)

 ELIFECYCLE  Test failed. See above for more details.
