=== [1/3] TARGETED: docscope + H1 regression ===
Testing types with tsc and vue-tsc is an experimental feature.
Breaking changes might not follow SemVer, please pin Vitest's version when using it.

 RUN  v3.2.7 /home/wangjian/nomicore-fix-issue-54

 ❯ packages/vfsl/test/docscope-getcompiled.test.ts (13 tests | 2 failed) 27ms
   ✓ getCompiled — AC1 同文本同一对象引用（缓存命中可证） > 同文本两次调用（独立信封对象、不同 id）→ module/derived/容器同一对象引用，且派生正确 6ms
   ✓ getCompiled — AC1 同文本同一对象引用（缓存命中可证） > 缓存命中不重算：注入 evaluate 失败后，同文本再次调用仍 ok、同引用，且 evaluate 未被再次调用 1ms
   × getCompiled — AC1 同文本同一对象引用（缓存命中可证） > 信封形式与文本形式（同一文本）→ 同一缓存项（键 = 文本内容哈希，非信封载体） 6ms
     → expected false to be true // Object.is equality
   ✓ getCompiled — AC2 仅空白差异 = 不同键（内容哈希纪律） > 空白差异变体（内部空白 / 尾随换行）→ 各自独立缓存项：语义深相等、引用全异 3ms
   ✓ getCompiled — AC2 仅空白差异 = 不同键（内容哈希纪律） > 前缀共享文本（base 是变体的真前缀）→ 不同键（全文哈希，非前缀/规范化去重） 1ms
   ✓ getCompiled — AC3 多文本并存互不影响（隔离性） > 交错调用 A、B、A、B → 各文本内部引用稳定、跨文本互异、派生物各自对应自身文本 2ms
   ✓ getCompiled — AC4 未知方言经 H1 通道拒绝、不产生缓存项 > 未知方言（lang 非 vfsl / version 非 1）→ ok:false，issues 与 parseSchemaEnvelope 同输入全等 1ms
   ✓ getCompiled — AC4 未知方言经 H1 通道拒绝、不产生缓存项 > 拒绝不产生缓存项：同文本合法信封随后正常编译（拒绝未污染/未占用缓存键） 1ms
   × getCompiled — AC5 evaluate 失败不污染缓存（可重试语义） > evaluate 失败 → 失败经返回值通道（不抛错、非 ok:true）；同文本重试 → 重新求值成功并可命中 2ms
     → expected "evaluate" to be called 2 times, but got 3 times
   ✓ getCompiled — AC6 纯引擎、零新运行时依赖 > packages/vfsl/package.json 无运行时 dependencies（清单契约：不得新增运行时依赖） 0ms
   ✓ getCompiled — AC6 纯引擎、零新运行时依赖 > getCompiled 是包公共导出函数（引擎公共面），可经公共入口直接调用 0ms
   ✓ getCompiled — 边界：非法文本（语法错误）拒绝且不落缓存 > 语法错误文本（信封与文本两种形式）→ ok:false，kind:vfsl 文本通道、VFSL-E 前缀 1ms
   ✓ getCompiled — 边界：非法文本（语法错误）拒绝且不落缓存 > 非法文本拒绝不污染缓存：其后合法文本正常编译、坏文本重复拒绝幂等 1ms
 ✓ packages/vfsl/test/parse-schema-envelope.test.ts (13 tests) 21ms
 ✓ packages/vfsl/test/docscope-sha256.test.ts (13 tests) 11ms
 ✓ packages/vfsl/test/docscope-guards.test.ts (6 tests) 56ms

⎯⎯⎯⎯⎯⎯⎯ Failed Tests 2 ⎯⎯⎯⎯⎯⎯⎯

 FAIL  packages/vfsl/test/docscope-getcompiled.test.ts > getCompiled — AC1 同文本同一对象引用（缓存命中可证） > 信封形式与文本形式（同一文本）→ 同一缓存项（键 = 文本内容哈希，非信封载体）
AssertionError: expected false to be true // Object.is equality

- Expected
+ Received

- true
+ false

 ❯ freshDerived packages/vfsl/test/docscope-getcompiled.test.ts:177:16
    175|   }
    176|   const e = evaluate(p.module);
    177|   expect(e.ok).toBe(true);
       |                ^
    178|   if (!e.ok) {
    179|     throw new Error(`fixture 自检失败（evaluate）: ${JSON.stringify(e.issues…
 ❯ packages/vfsl/test/docscope-getcompiled.test.ts:242:37

⎯⎯⎯⎯⎯⎯⎯⎯⎯⎯⎯⎯⎯⎯⎯⎯⎯⎯⎯⎯⎯⎯⎯⎯[1/2]⎯

 FAIL  packages/vfsl/test/docscope-getcompiled.test.ts > getCompiled — AC5 evaluate 失败不污染缓存（可重试语义） > evaluate 失败 → 失败经返回值通道（不抛错、非 ok:true）；同文本重试 → 重新求值成功并可命中
AssertionError: expected "evaluate" to be called 2 times, but got 3 times
 ❯ packages/vfsl/test/docscope-getcompiled.test.ts:380:26
    378|     const retried = expectOk(await compiledOf(envelopeOf(TEXT_RETRY)));
    379|     expect(retried.derived).toEqual(freshDerived(TEXT_RETRY));
    380|     expect(evaluateMock).toHaveBeenCalledTimes(2); // 第一次失败 + 重试重算
       |                          ^
    381|     // 重试成功后缓存持有好条目：第三次同引用且不再触发 evaluate
    382|     const third = expectOk(await compiledOf(envelopeOf(TEXT_RETRY)));

⎯⎯⎯⎯⎯⎯⎯⎯⎯⎯⎯⎯⎯⎯⎯⎯⎯⎯⎯⎯⎯⎯⎯⎯[2/2]⎯


 Test Files  1 failed | 3 passed (4)
      Tests  2 failed | 43 passed (45)
Type Errors  no errors
   Start at  18:17:40
   Duration  1.28s (transform 263ms, setup 0ms, collect 472ms, tests 115ms, environment 3ms, prepare 243ms)

TARGETED_EXIT=1

=== [2/3] FULL SUITE (pnpm test) ===

> nomicore@0.1.0 test /home/wangjian/nomicore-fix-issue-54
> vitest run --typecheck

Testing types with tsc and vue-tsc is an experimental feature.
Breaking changes might not follow SemVer, please pin Vitest's version when using it.

 RUN  v3.2.7 /home/wangjian/nomicore-fix-issue-54

 ❯ packages/vfsl/test/docscope-getcompiled.test.ts (13 tests | 2 failed) 78ms
   ✓ getCompiled — AC1 同文本同一对象引用（缓存命中可证） > 同文本两次调用（独立信封对象、不同 id）→ module/derived/容器同一对象引用，且派生正确 11ms
   ✓ getCompiled — AC1 同文本同一对象引用（缓存命中可证） > 缓存命中不重算：注入 evaluate 失败后，同文本再次调用仍 ok、同引用，且 evaluate 未被再次调用 1ms
   × getCompiled — AC1 同文本同一对象引用（缓存命中可证） > 信封形式与文本形式（同一文本）→ 同一缓存项（键 = 文本内容哈希，非信封载体） 23ms
     → expected false to be true // Object.is equality
   ✓ getCompiled — AC2 仅空白差异 = 不同键（内容哈希纪律） > 空白差异变体（内部空白 / 尾随换行）→ 各自独立缓存项：语义深相等、引用全异 9ms
   ✓ getCompiled — AC2 仅空白差异 = 不同键（内容哈希纪律） > 前缀共享文本（base 是变体的真前缀）→ 不同键（全文哈希，非前缀/规范化去重） 6ms
   ✓ getCompiled — AC3 多文本并存互不影响（隔离性） > 交错调用 A、B、A、B → 各文本内部引用稳定、跨文本互异、派生物各自对应自身文本 4ms
   ✓ getCompiled — AC4 未知方言经 H1 通道拒绝、不产生缓存项 > 未知方言（lang 非 vfsl / version 非 1）→ ok:false，issues 与 parseSchemaEnvelope 同输入全等 4ms
   ✓ getCompiled — AC4 未知方言经 H1 通道拒绝、不产生缓存项 > 拒绝不产生缓存项：同文本合法信封随后正常编译（拒绝未污染/未占用缓存键） 3ms
   × getCompiled — AC5 evaluate 失败不污染缓存（可重试语义） > evaluate 失败 → 失败经返回值通道（不抛错、非 ok:true）；同文本重试 → 重新求值成功并可命中 3ms
     → expected "evaluate" to be called 2 times, but got 3 times
   ✓ getCompiled — AC6 纯引擎、零新运行时依赖 > packages/vfsl/package.json 无运行时 dependencies（清单契约：不得新增运行时依赖） 0ms
   ✓ getCompiled — AC6 纯引擎、零新运行时依赖 > getCompiled 是包公共导出函数（引擎公共面），可经公共入口直接调用 2ms
   ✓ getCompiled — 边界：非法文本（语法错误）拒绝且不落缓存 > 语法错误文本（信封与文本两种形式）→ ok:false，kind:vfsl 文本通道、VFSL-E 前缀 1ms
   ✓ getCompiled — 边界：非法文本（语法错误）拒绝且不落缓存 > 非法文本拒绝不污染缓存：其后合法文本正常编译、坏文本重复拒绝幂等 6ms
 ✓  TS  domains/vfs3-assets/test/vfs3-assets-migration.test-d.ts (6 tests)
 ✓  TS  domains/vfs3-assets/test/vfs3-assets-projection.test-d.ts (19 tests)
 ✓  TS  packages/vfsl-codegen/test/generate-discriminated-narrow.test-d.ts (6 tests)
 ✓  TS  packages/vfsl-protocol/test/vfsl-protocol-empty-fail-closed.test-d.ts (3 tests)
 ✓  TS  packages/vfsl-protocol/test/vfsl-protocol-projection.test-d.ts (16 tests)
 ✓ packages/vfsl/test/validate-patch-sa7.test.ts (22 tests) 44100ms
   ✓ SA7 补充：WorkBudgetExceeded 穿透 validateSubtree（SA4 动态重点#3） > 预算内对照：100k 键 × 120 成员联合经 validatePatch 新键写 -> 101 条截断输出（不误伤）  4149ms
   ✓ SA7 补充：WorkBudgetExceeded 穿透 validateSubtree（SA4 动态重点#3） > 超预算 loud fail-closed：900k 键 × 120 成员联合写入 -> 单条预算 issue + rebase 边界前缀 [m]  39909ms
 ✓ packages/vfsl/test/validate-snapshot-sa7.test.ts (14 tests) 49751ms
   ✓ SA7 补充：全局工作预算 WorkBudgetExceeded（设计 §3.4——首次动态触发的持久锚定） > 预算内照常完成（WORK_LIMIT 是上界不是配额）：100k 键 × 120 成员联合 → 101 条截断输出  4813ms
   ✓ SA7 补充：全局工作预算 WorkBudgetExceeded（设计 §3.4——首次动态触发的持久锚定） > 超预算 loud fail-closed：900k 键 × 120 成员联合（≈2.2×10⁸ 单位 > 2×10⁸）→ 单条预算耗尽 issue  42804ms
   ✓ SA7 补充：崩溃边界 E100 收编（设计 §10 R3——RangeError 触发面） > 深 ref 链（解析后深度 3×10⁴，表达式嵌套每层=2）× 等深快照 → RangeError 收编为单条 E100  822ms
   ✓ SA7 补充：memo 65,536 封顶清空重建后正确性（设计 §3.4） > 70k distinct (节点,值) 对 → 封顶多次重建，输出仍精确（101 条 + 截断计数 300）  392ms
   ✓ SA7 补充：SA2 R2-1 前瞻攻击构造回归锚（设计 §6.4 包络表 202 行） > lookMemo 稀疏物化：200 条空前瞻 × 10⁷ 码元 → 4M 钳制 loud，无 GB 级内存面（毫秒级返回）  710ms
 ✓ packages/vfsl-codegen/test/generate-cli-check.test.ts (3 tests) 3510ms
   ✓ AC4 — pnpm generate 存在且幂等（全量重新生成 + 写盘） > pnpm generate 命令存在且成功退出（退出码 0）——被测 CLI 存在的事实锚点  771ms
   ✓ AC4 — generate --check 对过期生成物退出非零，对新鲜生成物退出 0 > generate 后再 --check → diff 为空 → 退出 0（新鲜生成物）  1363ms
   ✓ AC4 — generate --check 对过期生成物退出非零，对新鲜生成物退出 0 > 源漂移后 --check → 退出非零（源改动 → 重新生成后 diff 非空）  1373ms
 ✓ packages/vfsl/test/parse-vfsl-sa7-supplementary.test.ts (8 tests) 1542ms
   ✓ SA7 补充 — 资源界 / 必终止 / 声明序不变性（设计 §11 SA7 动态验证位） > T-l：20k 裸引用链 + Record 键 → ok:true（栈安全回归，无 RangeError、无挂起）  708ms
   ✓ SA7 补充 — fuzz 烟雾（SA4 动态审核重点 #3：不抛异常 / 二态 union / 兜底通道不可达） > 记号汤：3000 组种子随机输入全部落契约内  359ms
   ✓ SA7 补充 — fuzz 烟雾（SA4 动态审核重点 #3：不抛异常 / 二态 union / 兜底通道不可达） > fixture 变异/截断：3000 组 + 全前缀截断全部落契约内  451ms
 ✓ packages/vfsl-codegen/test/generate-protocol-import.test.ts (5 tests) 1417ms
   ✓ AC-1 — 生成物原样（孤立 program）tsc --noEmit 可编译（编译级锚） > 具名别名域生成物孤立编译零诊断（N1：TS2304/TS2664 治愈锚）  886ms
   ✓ AC-1 — 生成物原样（孤立 program）tsc --noEmit 可编译（编译级锚） > 零别名域生成物 + 协议消费方同 program 编译零诊断（N2：script 遮蔽治愈锚——消费方不被毒化）  518ms
 ✓ packages/vfsl-codegen/test/generate-alias-collision-guard.test.ts (4 tests) 687ms
   ✓ AC-3 — CLI 端到端：碰撞域响亮失败（exit 2 + 结构化 stderr，非 exit 0 静默产出） > pnpm generate 对碰撞域 → exit 2，stderr 含独立错误码与碰撞别名  671ms
 ✓ packages/vfsl-codegen/test/generate-error-message-tail.test.ts (4 tests) 724ms
   ✓ AC-4 — CLI 端到端：错误消息尾串经结构化 stderr 可见（exit 2） > 异形 ROOT 域经 pnpm generate → exit 2 且 stderr 消息尾串 = 见 #44  714ms
 ✓ packages/vfsl/test/validate-snapshot.test.ts (35 tests) 141ms
 ✓ packages/vfsl/test/evaluate-derived-schema.test.ts (37 tests) 63ms
 ✓ packages/vfsl/test/validate-patch.test.ts (36 tests) 50ms
 ✓ packages/vfsl/test/vfsl-assets-fullchain-e2e.test.ts (16 tests) 59ms
 ✓ packages/vfsl/test/docscope-guards.test.ts (6 tests) 94ms
 ✓ domains/vfs3-assets/test/vfs3-assets-tsdoc.test.ts (6 tests) 40ms
 ✓ packages/vfsl/test/parse-vfsl-forbidden-matrix.test.ts (79 tests) 48ms
 ✓ packages/vfsl/test/evaluate-derived-docs-audit.test.ts (15 tests) 30ms
 ✓ packages/vfsl/test/parse-vfsl-containers-markers.test.ts (33 tests) 44ms
 ✓ packages/vfsl/test/parse-vfsl-cycle-detection.test.ts (16 tests) 68ms
 ✓ packages/vfsl/test/schemasource-seam.test.ts (13 tests) 47ms
 ✓ packages/vfsl/test/parse-vfsl-root-convention.test.ts (36 tests) 27ms
 ✓ packages/vfsl-codegen/test/generate-mapping-table.test.ts (13 tests) 32ms
 ✓ packages/vfsl-codegen/test/generate-discriminated-emission.test.ts (10 tests) 22ms
 ✓ packages/vfsl/test/evaluate-derived-docs-typecls.test.ts (8 tests) 26ms
 ✓ packages/vfsl/test/parse-schema-envelope.test.ts (13 tests) 25ms
 ✓ packages/vfsl/test/parse-vfsl-jsdoc.test.ts (7 tests) 10ms
 ✓ packages/vfsl/test/docscope-sha256.test.ts (13 tests) 19ms
 ✓ packages/vfsl/test/parse-vfsl-errors.test.ts (19 tests) 20ms
 ✓ packages/vfsl/test/parse-vfsl.test.ts (11 tests) 18ms
 ✓ packages/vfsl/test/domains-scaffold.test.ts (2 tests) 14ms
 ✓ packages/vfsl/test/parse-vfsl-r3-regression.test.ts (7 tests) 11ms
 ✓ packages/vfsl-protocol/test/vfsl-protocol-empty-module.test.ts (1 test) 4ms

⎯⎯⎯⎯⎯⎯⎯ Failed Tests 2 ⎯⎯⎯⎯⎯⎯⎯

 FAIL  packages/vfsl/test/docscope-getcompiled.test.ts > getCompiled — AC1 同文本同一对象引用（缓存命中可证） > 信封形式与文本形式（同一文本）→ 同一缓存项（键 = 文本内容哈希，非信封载体）
AssertionError: expected false to be true // Object.is equality

- Expected
+ Received

- true
+ false

 ❯ freshDerived packages/vfsl/test/docscope-getcompiled.test.ts:177:16
    175|   }
    176|   const e = evaluate(p.module);
    177|   expect(e.ok).toBe(true);
       |                ^
    178|   if (!e.ok) {
    179|     throw new Error(`fixture 自检失败（evaluate）: ${JSON.stringify(e.issues…
 ❯ packages/vfsl/test/docscope-getcompiled.test.ts:242:37

⎯⎯⎯⎯⎯⎯⎯⎯⎯⎯⎯⎯⎯⎯⎯⎯⎯⎯⎯⎯⎯⎯⎯⎯[1/2]⎯

 FAIL  packages/vfsl/test/docscope-getcompiled.test.ts > getCompiled — AC5 evaluate 失败不污染缓存（可重试语义） > evaluate 失败 → 失败经返回值通道（不抛错、非 ok:true）；同文本重试 → 重新求值成功并可命中
AssertionError: expected "evaluate" to be called 2 times, but got 3 times
 ❯ packages/vfsl/test/docscope-getcompiled.test.ts:380:26
    378|     const retried = expectOk(await compiledOf(envelopeOf(TEXT_RETRY)));
    379|     expect(retried.derived).toEqual(freshDerived(TEXT_RETRY));
    380|     expect(evaluateMock).toHaveBeenCalledTimes(2); // 第一次失败 + 重试重算
       |                          ^
    381|     // 重试成功后缓存持有好条目：第三次同引用且不再触发 evaluate
    382|     const third = expectOk(await compiledOf(envelopeOf(TEXT_RETRY)));

⎯⎯⎯⎯⎯⎯⎯⎯⎯⎯⎯⎯⎯⎯⎯⎯⎯⎯⎯⎯⎯⎯⎯⎯[2/2]⎯

⎯⎯⎯⎯⎯⎯ Unhandled Errors ⎯⎯⎯⎯⎯⎯

Vitest caught 5 unhandled errors during the test run.
This might cause false positive tests. Resolve unhandled errors to make sure your tests are not affected.

⎯⎯⎯ Unhandled Source Error ⎯⎯⎯
TypeCheckError: Conversion of type 'GetCompiledResult' to type '{ ok false; issues [{ kind string; issue { code string; }; }]; }' may be a mistake because neither type sufficiently overlaps with the other. If this was intentional, convert the expression to 'unknown' first.
  Type '{ ok false; issues SchemaParseIssue[]; }' is not comparable to type '{ ok false; issues [{ kind string; issue { code string; }; }]; }'.
    Types of property 'issues' are incompatible.
      Type 'SchemaParseIssue[]' is not comparable to type '[{ kind string; issue { code string; }; }]'.
        Target requires 1 element(s) but source may have fewer.
 ❯ packages/vfsl/test/docscope-guards.test.ts:52:20
     50|     const r = getCompiled(adversarial as never);
     51|     expect(r.ok).toBe(false);
     52|     const first = (r as { ok: false; issues: [{ kind: string; issue: {…
       |                    ^
     53|     expect(first.kind).toBe('envelope');
     54|     expect(first.issue.code).toBe('100'); // ENV-100（H1 §6 同款崩溃边界）


⎯⎯⎯ Unhandled Source Error ⎯⎯⎯
TypeCheckError: Argument of type 'unknown' is not assignable to parameter of type 'DerivedSchema'.
 ❯ packages/vfsl/test/docscope-guards.test.ts:88:31
     86|     const fresh = freshDerived();
     87|     for (const snap of [SNAPSHOT_OK, SNAPSHOT_BAD]) {
     88|       expect(validateSnapshot(cached, snap)).toEqual(validateSnapshot(…
       |                               ^
     89|     }
     90|   });


⎯⎯⎯ Unhandled Source Error ⎯⎯⎯
TypeCheckError: Argument of type 'unknown' is not assignable to parameter of type 'DerivedSchema'.
 ❯ packages/vfsl/test/docscope-guards.test.ts:88:71
     86|     const fresh = freshDerived();
     87|     for (const snap of [SNAPSHOT_OK, SNAPSHOT_BAD]) {
     88|       expect(validateSnapshot(cached, snap)).toEqual(validateSnapshot(…
       |                                                                       ^
     89|     }
     90|   });


⎯⎯⎯ Unhandled Source Error ⎯⎯⎯
TypeCheckError: Argument of type 'unknown' is not assignable to parameter of type 'DerivedSchema'.
 ❯ packages/vfsl/test/docscope-guards.test.ts:97:28
     95|     const base = { a: 'old' };
     96|     for (const value of ['new', 42]) { // 合法替换（a: string）与类型违例（拒绝分支）
     97|       expect(validatePatch(cached, base, ['a'], value)).toEqual(valida…
       |                            ^
     98|     }
     99|   });


⎯⎯⎯ Unhandled Source Error ⎯⎯⎯
TypeCheckError: Argument of type 'unknown' is not assignable to parameter of type 'DerivedSchema'.
 ❯ packages/vfsl/test/docscope-guards.test.ts:97:79
     95|     const base = { a: 'old' };
     96|     for (const value of ['new', 42]) { // 合法替换（a: string）与类型违例（拒绝分支）
     97|       expect(validatePatch(cached, base, ['a'], value)).toEqual(valida…
       |                                                                               ^
     98|     }
     99|   });

⎯⎯⎯⎯⎯⎯⎯⎯⎯⎯⎯⎯⎯⎯⎯⎯⎯⎯⎯⎯⎯⎯⎯⎯⎯⎯⎯⎯⎯⎯


 Test Files  1 failed | 35 passed (36)
      Tests  2 failed | 553 passed (555)
Type Errors  no errors
     Errors  5 errors
   Start at  18:17:42
   Duration  116.23s (transform 840ms, setup 0ms, collect 4.82s, tests 102.72s, environment 5ms, prepare 2.65s, typecheck 3.53s)

 ELIFECYCLE  Test failed. See above for more details.
TEST_EXIT=1

=== [3/3] TYPECHECK (pnpm typecheck) ===

> nomicore@0.1.0 typecheck /home/wangjian/nomicore-fix-issue-54
> tsc -p packages/vfsl/tsconfig.json && tsc -p packages/vfsl-protocol/tsconfig.json && tsc -p packages/vfsl-codegen/tsconfig.json

packages/vfsl/test/docscope-guards.test.ts(52,20): error TS2352: Conversion of type 'GetCompiledResult' to type '{ ok: false; issues: [{ kind: string; issue: { code: string; }; }]; }' may be a mistake because neither type sufficiently overlaps with the other. If this was intentional, convert the expression to 'unknown' first.
  Type '{ ok: false; issues: SchemaParseIssue[]; }' is not comparable to type '{ ok: false; issues: [{ kind: string; issue: { code: string; }; }]; }'.
    Types of property 'issues' are incompatible.
      Type 'SchemaParseIssue[]' is not comparable to type '[{ kind: string; issue: { code: string; }; }]'.
        Target requires 1 element(s) but source may have fewer.
packages/vfsl/test/docscope-guards.test.ts(88,31): error TS2345: Argument of type 'unknown' is not assignable to parameter of type 'DerivedSchema'.
packages/vfsl/test/docscope-guards.test.ts(88,71): error TS2345: Argument of type 'unknown' is not assignable to parameter of type 'DerivedSchema'.
packages/vfsl/test/docscope-guards.test.ts(97,28): error TS2345: Argument of type 'unknown' is not assignable to parameter of type 'DerivedSchema'.
packages/vfsl/test/docscope-guards.test.ts(97,79): error TS2345: Argument of type 'unknown' is not assignable to parameter of type 'DerivedSchema'.
 ELIFECYCLE  Command failed with exit code 2.
TSC_EXIT=2
SA3_BG_ALL_DONE
