
> nomicore@0.1.0 test /home/wangjian/nomicore-fix-issue-26
> vitest run --typecheck

Testing types with tsc and vue-tsc is an experimental feature.
Breaking changes might not follow SemVer, please pin Vitest's version when using it.

 RUN  v3.2.7 /home/wangjian/nomicore-fix-issue-26

 ✓  TS  packages/vfsl-codegen/test/generate-discriminated-narrow.test-d.ts (6 tests)
 ✓  TS  packages/vfsl-protocol/test/vfsl-protocol-empty-fail-closed.test-d.ts (3 tests)
 ✓  TS  packages/vfsl-protocol/test/vfsl-protocol-projection.test-d.ts (16 tests)
 ❯ packages/vfsl-codegen/test/generate-cli-check.test.ts (3 tests | 3 failed) 1124ms
   × AC4 — pnpm generate 存在且幂等（全量重新生成 + 写盘） > pnpm generate 命令存在且成功退出（退出码 0）——被测 CLI 存在的事实锚点 420ms
     → expected 254 to be +0 // Object.is equality
   × AC4 — generate --check 对过期生成物退出非零，对新鲜生成物退出 0 > generate 后再 --check → diff 为空 → 退出 0（新鲜生成物） 406ms
     → expected 254 to be +0 // Object.is equality
   × AC4 — generate --check 对过期生成物退出非零，对新鲜生成物退出 0 > 源漂移后 --check → 退出非零（源改动 → 重新生成后 diff 非空） 297ms
     → expected 254 to be +0 // Object.is equality
 ✓ packages/vfsl/test/validate-snapshot-sa7.test.ts (14 tests) 12212ms
   ✓ SA7 补充：全局工作预算 WorkBudgetExceeded（设计 §3.4——首次动态触发的持久锚定） > 预算内照常完成（WORK_LIMIT 是上界不是配额）：100k 键 × 120 成员联合 → 101 条截断输出  1140ms
   ✓ SA7 补充：全局工作预算 WorkBudgetExceeded（设计 §3.4——首次动态触发的持久锚定） > 超预算 loud fail-closed：900k 键 × 120 成员联合（≈2.2×10⁸ 单位 > 2×10⁸）→ 单条预算耗尽 issue  9961ms
   ✓ SA7 补充：崩溃边界 E100 收编（设计 §10 R3——RangeError 触发面） > 深 ref 链（解析后深度 3×10⁴，表达式嵌套每层=2）× 等深快照 → RangeError 收编为单条 E100  431ms
   ✓ SA7 补充：SA2 R2-1 前瞻攻击构造回归锚（设计 §6.4 包络表 202 行） > lookMemo 稀疏物化：200 条空前瞻 × 10⁷ 码元 → 4M 钳制 loud，无 GB 级内存面（毫秒级返回）  411ms
 ✓ packages/vfsl/test/parse-vfsl-sa7-supplementary.test.ts (8 tests) 721ms
 ✓ packages/vfsl/test/validate-snapshot.test.ts (35 tests) 57ms
 ✓ packages/vfsl/test/vfsl-assets-fullchain-e2e.test.ts (16 tests) 30ms
 ✓ packages/vfsl/test/evaluate-derived-schema.test.ts (37 tests) 28ms
 ✓ packages/vfsl/test/parse-vfsl-forbidden-matrix.test.ts (79 tests) 26ms
 ✓ packages/vfsl/test/schemasource-seam.test.ts (13 tests) 21ms
 ✓ packages/vfsl/test/parse-vfsl-containers-markers.test.ts (33 tests) 19ms
 ✓ packages/vfsl/test/evaluate-derived-docs-audit.test.ts (15 tests) 17ms
 ✓ packages/vfsl/test/parse-vfsl-cycle-detection.test.ts (16 tests) 16ms
 ✓ packages/vfsl/test/parse-vfsl-root-convention.test.ts (36 tests) 16ms
 ✓ packages/vfsl/test/evaluate-derived-docs-typecls.test.ts (8 tests) 15ms
 ✓ packages/vfsl/test/parse-vfsl-errors.test.ts (19 tests) 11ms
 ✓ packages/vfsl/test/parse-vfsl.test.ts (11 tests) 8ms
 ✓ packages/vfsl/test/parse-vfsl-jsdoc.test.ts (7 tests) 7ms
 ✓ packages/vfsl/test/parse-vfsl-r3-regression.test.ts (7 tests) 7ms
stdout | packages/vfsl/test/domains-scaffold.test.ts > AC5 — 仓内脚手架校验（经 SchemaSource 接缝消费） > domains/ 下全部领域 schema 可经接缝加载且 parseVfsl 直接可解析（空集 = pass + notice）
[domains-scaffold] 0 domain schemas found（domains/ 不存在或为空——G 票落地后此处自然非空）

 ✓ packages/vfsl/test/domains-scaffold.test.ts (2 tests) 4ms
 ✓ packages/vfsl-protocol/test/vfsl-protocol-empty-module.test.ts (1 test) 2ms

⎯⎯⎯⎯⎯⎯ Failed Suites 2 ⎯⎯⎯⎯⎯⎯⎯

 FAIL  packages/vfsl-codegen/test/generate-discriminated-emission.test.ts [ packages/vfsl-codegen/test/generate-discriminated-emission.test.ts ]
Error: Cannot find package '@nomicore/vfsl-codegen' imported from '/home/wangjian/nomicore-fix-issue-26/packages/vfsl-codegen/test/generate-discriminated-emission.test.ts'
 ❯ packages/vfsl-codegen/test/generate-discriminated-emission.test.ts:25:1
     23| import { parseVfsl, evaluate } from '../../vfsl/src/index.js';
     24| /** 被测导出尚不存在 → module-not-found → 整文件红灯（真红根因，非语法/转译错误）。 */
     25| import { generateProjection } from '@nomicore/vfsl-codegen';
       | ^
     26| 
     27| /** 判别联合 fixture：member 0（image）独有 url；member 1（text）独有 richBody/title…

Caused by: Error: Failed to load url @nomicore/vfsl-codegen (resolved id: @nomicore/vfsl-codegen) in /home/wangjian/nomicore-fix-issue-26/packages/vfsl-codegen/test/generate-discriminated-emission.test.ts. Does the file exist?
 ❯ loadAndTransform node_modules/.pnpm/vite@7.3.6_@types+node@20.19.43/node_modules/vite/dist/node/chunks/config.js:22739:33

⎯⎯⎯⎯⎯⎯⎯⎯⎯⎯⎯⎯⎯⎯⎯⎯⎯⎯⎯⎯⎯⎯⎯⎯[1/5]⎯

 FAIL  packages/vfsl-codegen/test/generate-mapping-table.test.ts [ packages/vfsl-codegen/test/generate-mapping-table.test.ts ]
Error: Cannot find package '@nomicore/vfsl-codegen' imported from '/home/wangjian/nomicore-fix-issue-26/packages/vfsl-codegen/test/generate-mapping-table.test.ts'
 ❯ packages/vfsl-codegen/test/generate-mapping-table.test.ts:36:1
     34| import { parseVfsl, evaluate } from '../../vfsl/src/index.js';
     35| /** 被测导出尚不存在 → module-not-found → 整文件红灯（真红根因，非语法/转译错误）。 */
     36| import { generateProjection } from '@nomicore/vfsl-codegen';
       | ^
     37| 
     38| /** 覆盖全映射表的 .vfsl fixture：每行一种映射态（docs 三槽在 aliasDocs 位）。 */

Caused by: Error: Failed to load url @nomicore/vfsl-codegen (resolved id: @nomicore/vfsl-codegen) in /home/wangjian/nomicore-fix-issue-26/packages/vfsl-codegen/test/generate-discriminated-emission.test.ts. Does the file exist?
 ❯ loadAndTransform node_modules/.pnpm/vite@7.3.6_@types+node@20.19.43/node_modules/vite/dist/node/chunks/config.js:22739:33

⎯⎯⎯⎯⎯⎯⎯⎯⎯⎯⎯⎯⎯⎯⎯⎯⎯⎯⎯⎯⎯⎯⎯⎯[2/5]⎯


⎯⎯⎯⎯⎯⎯⎯ Failed Tests 3 ⎯⎯⎯⎯⎯⎯⎯

 FAIL  packages/vfsl-codegen/test/generate-cli-check.test.ts > AC4 — pnpm generate 存在且幂等（全量重新生成 + 写盘） > pnpm generate 命令存在且成功退出（退出码 0）——被测 CLI 存在的事实锚点
AssertionError: expected 254 to be +0 // Object.is equality

- Expected
+ Received

- 0
+ 254

 ❯ packages/vfsl-codegen/test/generate-cli-check.test.ts:52:22
     50|     const fx = await makeStaleFixture();
     51|     const r = runPnpm(['generate', '--domains', fx.dir], repoRoot);
     52|     expect(r.status).toBe(0);
       |                      ^
     53|   });
     54| });

⎯⎯⎯⎯⎯⎯⎯⎯⎯⎯⎯⎯⎯⎯⎯⎯⎯⎯⎯⎯⎯⎯⎯⎯[3/5]⎯

 FAIL  packages/vfsl-codegen/test/generate-cli-check.test.ts > AC4 — generate --check 对过期生成物退出非零，对新鲜生成物退出 0 > generate 后再 --check → diff 为空 → 退出 0（新鲜生成物）
AssertionError: expected 254 to be +0 // Object.is equality

- Expected
+ Received

- 0
+ 254

 ❯ packages/vfsl-codegen/test/generate-cli-check.test.ts:61:24
     59|     const gen = runPnpm(['generate', '--domains', fx.dir], repoRoot);
     60|     // 前置：generate 必须成功（若 CLI 不存在则前置红，本 it 一并红）
     61|     expect(gen.status).toBe(0);
       |                        ^
     62|     const check = runPnpm(['generate', '--check', '--domains', fx.dir]…
     63|     expect(check.status).toBe(0);

⎯⎯⎯⎯⎯⎯⎯⎯⎯⎯⎯⎯⎯⎯⎯⎯⎯⎯⎯⎯⎯⎯⎯⎯[4/5]⎯

 FAIL  packages/vfsl-codegen/test/generate-cli-check.test.ts > AC4 — generate --check 对过期生成物退出非零，对新鲜生成物退出 0 > 源漂移后 --check → 退出非零（源改动 → 重新生成后 diff 非空）
AssertionError: expected 254 to be +0 // Object.is equality

- Expected
+ Received

- 0
+ 254

 ❯ packages/vfsl-codegen/test/generate-cli-check.test.ts:69:24
     67|     const fx = await makeStaleFixture();
     68|     const gen = runPnpm(['generate', '--domains', fx.dir], repoRoot);
     69|     expect(gen.status).toBe(0);
       |                        ^
     70|     // 漂移源：在 .vfsl 追加字段，改变派生 schema → 现有生成物过期
     71|     await appendFile(join(fx.dir, 'domains', 'demo', 'schema.vfsl'), `…

⎯⎯⎯⎯⎯⎯⎯⎯⎯⎯⎯⎯⎯⎯⎯⎯⎯⎯⎯⎯⎯⎯⎯⎯[5/5]⎯


 Test Files  3 failed | 21 passed (24)
      Tests  3 failed | 382 passed (385)
Type Errors  no errors
   Start at  17:38:11
   Duration  18.33s (transform 318ms, setup 0ms, collect 726ms, tests 14.34s, environment 3ms, prepare 1.05s, typecheck 1.15s)

 ELIFECYCLE  Test failed. See above for more details.
SA6_FINAL_EXIT=1
