Testing types with tsc and vue-tsc is an experimental feature.
Breaking changes might not follow SemVer, please pin Vitest's version when using it.

 RUN  v3.2.7 /home/wangjian/nomicore-fix-issue-53

 ❯ packages/vfsl/test/validate-patch.test.ts (36 tests | 36 failed) 38ms
   × validatePatch — 接缝：导出、签名、结果形状与纯函数性（AC1） > AC1：validatePatch 与数组三操作均为包公共导出（函数） 8ms
     → expected 'undefined' to be 'function' // Object.is equality
   × validatePatch — 接缝：导出、签名、结果形状与纯函数性（AC1） > AC1：合法 patch → { ok: true }（恰含 ok 键，无多余字段） 4ms
     → (0 , validatePatch) is not a function
   × validatePatch — 接缝：导出、签名、结果形状与纯函数性（AC1） > AC1：非法 patch → { ok: false, issues }——issue 恰含 message 与 path（无行列） 1ms
     → (0 , validatePatch) is not a function
   × validatePatch — 接缝：导出、签名、结果形状与纯函数性（AC1） > AC1：结果可 JSON 序列化往返（ok 与 not-ok 两分支） 1ms
     → (0 , validatePatch) is not a function
   × validatePatch — 接缝：导出、签名、结果形状与纯函数性（AC1） > AC1：纯函数——同输入两次调用输出全等；derived 与 base 不被修改 1ms
     → (0 , validatePatch) is not a function
   × validatePatch — 接缝：导出、签名、结果形状与纯函数性（AC1） > AC1：同步、不抛错——结构拒绝/值拒绝/异常输入均以结果返回，异常不外泄 3ms
     → expected [Function] to not throw an error but 'TypeError: (0 , __vite_ssr_import_1__…' was thrown
   × validatePatch — 结构守卫：未知键 / leaf 下钻 / plain 下钻 / 越界替换（AC2） > AC2：未知键路径——封闭对象深层未声明键拒绝，issue path 为精确段数组 1ms
     → (0 , validatePatch) is not a function
   × validatePatch — 结构守卫：未知键 / leaf 下钻 / plain 下钻 / 越界替换（AC2） > AC2：未知键路径——ROOT 层未声明键拒绝 0ms
     → (0 , validatePatch) is not a function
   × validatePatch — 结构守卫：未知键 / leaf 下钻 / plain 下钻 / 越界替换（AC2） > AC2：leaf 下钻——路径穿过 leaf 终态（再下钻一层）拒绝并带精确 path 1ms
     → (0 , validatePatch) is not a function
   × validatePatch — 结构守卫：未知键 / leaf 下钻 / plain 下钻 / 越界替换（AC2） > AC2：plain 下钻——YPlainArray 位拒绝下标下钻（只能整体替换，ADR 0004 D1） 1ms
     → (0 , validatePatch) is not a function
   × validatePatch — 结构守卫：未知键 / leaf 下钻 / plain 下钻 / 越界替换（AC2） > AC2：xml-fragment 下钻——YXmlFragment 为结构树终态，下钻到此为止（ADR 0003 §5） 2ms
     → (0 , validatePatch) is not a function
   × validatePatch — 结构守卫：未知键 / leaf 下钻 / plain 下钻 / 越界替换（AC2） > AC2：数组下标越界 = 运行时错误（替换语义）——index ≥ length 拒绝并带精确 path 0ms
     → (0 , validatePatch) is not a function
   × validatePatch — 结构守卫：未知键 / leaf 下钻 / plain 下钻 / 越界替换（AC2） > AC2：plain 整体替换合法——YPlainArray 位收到整值数组通过（唯一允许的写入形态） 0ms
     → (0 , validatePatch) is not a function
   × validatePatch — 结构守卫：未知键 / leaf 下钻 / plain 下钻 / 越界替换（AC2） > AC2：plain 整体替换值非法——非数组整值拒绝（纯值上下文按值 schema 校验） 0ms
     → (0 , validatePatch) is not a function
   × validatePatch — 结构守卫：未知键 / leaf 下钻 / plain 下钻 / 越界替换（AC2） > AC2：合法深层替换通过——封闭对象成员字段写入 0ms
     → (0 , validatePatch) is not a function
   × validatePatch — 重建语义：union 成员写入他成员字段 → any-of 全拒绝（AC3） > AC3：向 union 成员写入他成员字段——重建后 any-of 全拒绝，报「联合成员 i/N」相对定位 1ms
     → (0 , validatePatch) is not a function
   × validatePatch — 重建语义：union 成员写入他成员字段 → any-of 全拒绝（AC3） > AC3：交叉写入与 validateSnapshot 同源——同重建值下 issue（message+path）与整快照校验全等（AC5 单一来源） 4ms
     → (0 , validatePatch) is not a function
   × validatePatch — 重建语义：union 成员写入他成员字段 → any-of 全拒绝（AC3） > AC3：成员互异字段双向——a 写 b 字段 / b 写 a 字段均拒绝，报失败距离最小成员 1ms
     → (0 , validatePatch) is not a function
   × validatePatch — 重建语义：union 成员写入他成员字段 → any-of 全拒绝（AC3） > AC3：命中成员自身字段类型错——重建后该成员拒绝，字段级 issue 带「联合成员 i/N」前缀与精确 path 0ms
     → (0 , validatePatch) is not a function
   × validatePatch — 重建语义：union 成员写入他成员字段 → any-of 全拒绝（AC3） > AC3：命中成员自身字段合法写入——重建后 any-of 接受 → ok:true 0ms
     → (0 , validatePatch) is not a function
   × validatePatch — 重建语义：union 成员写入他成员字段 → any-of 全拒绝（AC3） > AC3：判别式缓存透明——有/无缓存两派生物对交叉写入输出全等（ADR 0003 §3） 2ms
     → (0 , validatePatch) is not a function
   × validatePatch — 数组：下标替换 / insert（含末尾 append）/ delete 元素类型校验（AC4） > AC4：数组合法下标替换通过 0ms
     → (0 , validatePatch) is not a function
   × validatePatch — 数组：下标替换 / insert（含末尾 append）/ delete 元素类型校验（AC4） > AC4：替换元素类型错——重建后元素校验拒绝，path 含下标段 0ms
     → (0 , validatePatch) is not a function
   × validatePatch — 数组：下标替换 / insert（含末尾 append）/ delete 元素类型校验（AC4） > AC4：append 合法——末尾追加元素，重建数组通过 0ms
     → (0 , validateAppendToArray) is not a function
   × validatePatch — 数组：下标替换 / insert（含末尾 append）/ delete 元素类型校验（AC4） > AC4：append 元素类型错——追加值非元素类型拒绝，path 为新元素下标 0ms
     → (0 , validateAppendToArray) is not a function
   × validatePatch — 数组：下标替换 / insert（含末尾 append）/ delete 元素类型校验（AC4） > AC4：append 非数组路径拒绝（leaf 位置无数组语义） 0ms
     → (0 , validateAppendToArray) is not a function
   × validatePatch — 数组：下标替换 / insert（含末尾 append）/ delete 元素类型校验（AC4） > AC4：insert 合法——中位插入通过 0ms
     → (0 , validateInsertIntoArray) is not a function
   × validatePatch — 数组：下标替换 / insert（含末尾 append）/ delete 元素类型校验（AC4） > AC4：insert 末尾 append 语义——index == length 插入通过 0ms
     → (0 , validateInsertIntoArray) is not a function
   × validatePatch — 数组：下标替换 / insert（含末尾 append）/ delete 元素类型校验（AC4） > AC4：insert 元素类型错——插入值非元素类型拒绝，path 为插入下标 0ms
     → (0 , validateInsertIntoArray) is not a function
   × validatePatch — 数组：下标替换 / insert（含末尾 append）/ delete 元素类型校验（AC4） > AC4：delete 合法——删除中位与末位均通过 0ms
     → (0 , validateDeleteFromArray) is not a function
   × validatePatch — 数组：下标替换 / insert（含末尾 append）/ delete 元素类型校验（AC4） > AC4：delete 后剩余元素类型校验——重建数组中残留非法元素拒绝（path 按重建后下标） 0ms
     → (0 , validateDeleteFromArray) is not a function
   × validatePatch — 数组：下标替换 / insert（含末尾 append）/ delete 元素类型校验（AC4） > AC4：delete 越界拒绝（D1 越界归运行时校验） 0ms
     → (0 , validateDeleteFromArray) is not a function
   × validatePatch — 数组：下标替换 / insert（含末尾 append）/ delete 元素类型校验（AC4） > AC4：delete 非数组路径拒绝 0ms
     → (0 , validateDeleteFromArray) is not a function
   × validatePatch — 全收集 + 上限语义与 validateSnapshot 一致（AC5/AC6） > AC6：全收集——一次调用收集全部独立问题（多字段错一次报全） 1ms
     → (0 , validatePatch) is not a function
   × validatePatch — 全收集 + 上限语义与 validateSnapshot 一致（AC5/AC6） > AC6：上限语义——100 条真实 issue + 末条截断标记（与 validateSnapshot 同契约） 1ms
     → (0 , validatePatch) is not a function
   × validatePatch — 全收集 + 上限语义与 validateSnapshot 一致（AC5/AC6） > AC5：解释器单一来源——非联合值校验输出与 validateSnapshot 对同重建快照的输出全等 0ms
     → (0 , validatePatch) is not a function

⎯⎯⎯⎯⎯⎯ Failed Tests 36 ⎯⎯⎯⎯⎯⎯⎯

 FAIL  packages/vfsl/test/validate-patch.test.ts > validatePatch — 接缝：导出、签名、结果形状与纯函数性（AC1） > AC1：validatePatch 与数组三操作均为包公共导出（函数）
AssertionError: expected 'undefined' to be 'function' // Object.is equality

Expected: "function"
Received: "undefined"

 ❯ packages/vfsl/test/validate-patch.test.ts:170:34
    168| describe('validatePatch — 接缝：导出、签名、结果形状与纯函数性（AC1）', () => {
    169|   it('AC1：validatePatch 与数组三操作均为包公共导出（函数）', () => {
    170|     expect(typeof validatePatch).toBe('function');
       |                                  ^
    171|     expect(typeof validateAppendToArray).toBe('function');
    172|     expect(typeof validateInsertIntoArray).toBe('function');

⎯⎯⎯⎯⎯⎯⎯⎯⎯⎯⎯⎯⎯⎯⎯⎯⎯⎯⎯⎯⎯⎯⎯[1/36]⎯

 FAIL  packages/vfsl/test/validate-patch.test.ts > validatePatch — 接缝：导出、签名、结果形状与纯函数性（AC1） > AC1：合法 patch → { ok: true }（恰含 ok 键，无多余字段）
TypeError: (0 , validatePatch) is not a function
 ❯ packages/vfsl/test/validate-patch.test.ts:179:20
    177|     const derived = evaluateModule(GUARD_FIXTURE);
    178|     const base = { profile: { displayName: 'jim' }, name: 'jim', items…
    179|     const result = validatePatch(derived, base, ['profile', 'displayNa…
       |                    ^
    180|     expect(Object.keys(result)).toEqual(['ok']);
    181|     expect(result).toEqual({ ok: true });

⎯⎯⎯⎯⎯⎯⎯⎯⎯⎯⎯⎯⎯⎯⎯⎯⎯⎯⎯⎯⎯⎯⎯[2/36]⎯

 FAIL  packages/vfsl/test/validate-patch.test.ts > validatePatch — 接缝：导出、签名、结果形状与纯函数性（AC1） > AC1：非法 patch → { ok: false, issues }——issue 恰含 message 与 path（无行列）
TypeError: (0 , validatePatch) is not a function
 ❯ packages/vfsl/test/validate-patch.test.ts:187:20
    185|     const derived = evaluateModule(GUARD_FIXTURE);
    186|     const base = { profile: { displayName: 'jim' }, name: 'jim', items…
    187|     const result = validatePatch(derived, base, ['zzz'], 1);
       |                    ^
    188|     expect(result.ok).toBe(false);
    189|     if (!result.ok) {

⎯⎯⎯⎯⎯⎯⎯⎯⎯⎯⎯⎯⎯⎯⎯⎯⎯⎯⎯⎯⎯⎯⎯[3/36]⎯

 FAIL  packages/vfsl/test/validate-patch.test.ts > validatePatch — 接缝：导出、签名、结果形状与纯函数性（AC1） > AC1：结果可 JSON 序列化往返（ok 与 not-ok 两分支）
TypeError: (0 , validatePatch) is not a function
 ❯ packages/vfsl/test/validate-patch.test.ts:203:22
    201|     const derived = evaluateModule(GUARD_FIXTURE);
    202|     const base = { profile: { displayName: 'jim' }, name: 'jim', items…
    203|     const okResult = validatePatch(derived, base, ['name'], 'bob');
       |                      ^
    204|     expect(JSON.parse(JSON.stringify(okResult))).toEqual(okResult);
    205|     const badResult = validatePatch(derived, base, ['zzz'], 1);

⎯⎯⎯⎯⎯⎯⎯⎯⎯⎯⎯⎯⎯⎯⎯⎯⎯⎯⎯⎯⎯⎯⎯[4/36]⎯

 FAIL  packages/vfsl/test/validate-patch.test.ts > validatePatch — 接缝：导出、签名、结果形状与纯函数性（AC1） > AC1：纯函数——同输入两次调用输出全等；derived 与 base 不被修改
TypeError: (0 , validatePatch) is not a function
 ❯ packages/vfsl/test/validate-patch.test.ts:214:12
    212|     const derivedBefore = JSON.stringify(derived);
    213|     const baseBefore = JSON.stringify(base);
    214|     expect(validatePatch(derived, base, ['name'], 42)).toEqual(validat…
       |            ^
    215|     expect(validatePatch(derived, base, ['profile', 'displayName'], 'b…
    216|     expect(JSON.stringify(derived)).toBe(derivedBefore); // 校验不得污染输入派生物

⎯⎯⎯⎯⎯⎯⎯⎯⎯⎯⎯⎯⎯⎯⎯⎯⎯⎯⎯⎯⎯⎯⎯[5/36]⎯

 FAIL  packages/vfsl/test/validate-patch.test.ts > validatePatch — 接缝：导出、签名、结果形状与纯函数性（AC1） > AC1：同步、不抛错——结构拒绝/值拒绝/异常输入均以结果返回，异常不外泄
AssertionError: expected [Function] to not throw an error but 'TypeError: (0 , __vite_ssr_import_1__…' was thrown

- Expected: 
undefined

+ Received: 
"TypeError: (0 , __vite_ssr_import_1__.validatePatch) is not a function"

 ❯ packages/vfsl/test/validate-patch.test.ts:223:75
    221|     const derived = evaluateModule(GUARD_FIXTURE);
    222|     const base = { profile: { displayName: 'jim' }, name: 'jim', items…
    223|     expect(() => validatePatch(derived, base, ['name', 'deep'], 'x')).…
       |                                                                           ^
    224|     expect(() => validatePatch(derived, base, ['items', 5], 'x')).not.…
    225|     expect(() => validatePatch(derived, null, ['name'], 'x')).not.toTh…

⎯⎯⎯⎯⎯⎯⎯⎯⎯⎯⎯⎯⎯⎯⎯⎯⎯⎯⎯⎯⎯⎯⎯[6/36]⎯

 FAIL  packages/vfsl/test/validate-patch.test.ts > validatePatch — 结构守卫：未知键 / leaf 下钻 / plain 下钻 / 越界替换（AC2） > AC2：未知键路径——封闭对象深层未声明键拒绝，issue path 为精确段数组
TypeError: (0 , validatePatch) is not a function
 ❯ packages/vfsl/test/validate-patch.test.ts:237:20
    235|   it('AC2：未知键路径——封闭对象深层未声明键拒绝，issue path 为精确段数组', () => {
    236|     const derived = evaluateModule(GUARD_FIXTURE);
    237|     const result = validatePatch(derived, BASE, ['profile', 'nickname'…
       |                    ^
    238|     expect(result.ok).toBe(false);
    239|     if (!result.ok) {

⎯⎯⎯⎯⎯⎯⎯⎯⎯⎯⎯⎯⎯⎯⎯⎯⎯⎯⎯⎯⎯⎯⎯[7/36]⎯

 FAIL  packages/vfsl/test/validate-patch.test.ts > validatePatch — 结构守卫：未知键 / leaf 下钻 / plain 下钻 / 越界替换（AC2） > AC2：未知键路径——ROOT 层未声明键拒绝
TypeError: (0 , validatePatch) is not a function
 ❯ packages/vfsl/test/validate-patch.test.ts:246:20
    244|   it('AC2：未知键路径——ROOT 层未声明键拒绝', () => {
    245|     const derived = evaluateModule(GUARD_FIXTURE);
    246|     const result = validatePatch(derived, BASE, ['zzz'], 1);
       |                    ^
    247|     expect(result.ok).toBe(false);
    248|     if (!result.ok) {

⎯⎯⎯⎯⎯⎯⎯⎯⎯⎯⎯⎯⎯⎯⎯⎯⎯⎯⎯⎯⎯⎯⎯[8/36]⎯

 FAIL  packages/vfsl/test/validate-patch.test.ts > validatePatch — 结构守卫：未知键 / leaf 下钻 / plain 下钻 / 越界替换（AC2） > AC2：leaf 下钻——路径穿过 leaf 终态（再下钻一层）拒绝并带精确 path
TypeError: (0 , validatePatch) is not a function
 ❯ packages/vfsl/test/validate-patch.test.ts:255:20
    253|   it('AC2：leaf 下钻——路径穿过 leaf 终态（再下钻一层）拒绝并带精确 path', () => {
    254|     const derived = evaluateModule(GUARD_FIXTURE);
    255|     const result = validatePatch(derived, BASE, ['name', 'deep'], 'x');
       |                    ^
    256|     expect(result.ok).toBe(false);
    257|     if (!result.ok) {

⎯⎯⎯⎯⎯⎯⎯⎯⎯⎯⎯⎯⎯⎯⎯⎯⎯⎯⎯⎯⎯⎯⎯[9/36]⎯

 FAIL  packages/vfsl/test/validate-patch.test.ts > validatePatch — 结构守卫：未知键 / leaf 下钻 / plain 下钻 / 越界替换（AC2） > AC2：plain 下钻——YPlainArray 位拒绝下标下钻（只能整体替换，ADR 0004 D1）
TypeError: (0 , validatePatch) is not a function
 ❯ packages/vfsl/test/validate-patch.test.ts:264:20
    262|   it('AC2：plain 下钻——YPlainArray 位拒绝下标下钻（只能整体替换，ADR 0004 D1）', () => {
    263|     const derived = evaluateModule(GUARD_FIXTURE);
    264|     const result = validatePatch(derived, BASE, ['attachments', 0], 'y…
       |                    ^
    265|     expect(result.ok).toBe(false);
    266|     if (!result.ok) {

⎯⎯⎯⎯⎯⎯⎯⎯⎯⎯⎯⎯⎯⎯⎯⎯⎯⎯⎯⎯⎯⎯[10/36]⎯

 FAIL  packages/vfsl/test/validate-patch.test.ts > validatePatch — 结构守卫：未知键 / leaf 下钻 / plain 下钻 / 越界替换（AC2） > AC2：xml-fragment 下钻——YXmlFragment 为结构树终态，下钻到此为止（ADR 0003 §5）
TypeError: (0 , validatePatch) is not a function
 ❯ packages/vfsl/test/validate-patch.test.ts:273:20
    271|   it('AC2：xml-fragment 下钻——YXmlFragment 为结构树终态，下钻到此为止（ADR 0003 §5）', (…
    272|     const derived = evaluateModule(FIXTURE);
    273|     const result = validatePatch(derived, validSnapshot(), ['assets', …
       |                    ^
    274|     expect(result.ok).toBe(false);
    275|     if (!result.ok) {

⎯⎯⎯⎯⎯⎯⎯⎯⎯⎯⎯⎯⎯⎯⎯⎯⎯⎯⎯⎯⎯⎯[11/36]⎯

 FAIL  packages/vfsl/test/validate-patch.test.ts > validatePatch — 结构守卫：未知键 / leaf 下钻 / plain 下钻 / 越界替换（AC2） > AC2：数组下标越界 = 运行时错误（替换语义）——index ≥ length 拒绝并带精确 path
TypeError: (0 , validatePatch) is not a function
 ❯ packages/vfsl/test/validate-patch.test.ts:282:20
    280|   it('AC2：数组下标越界 = 运行时错误（替换语义）——index ≥ length 拒绝并带精确 path', () => {
    281|     const derived = evaluateModule(GUARD_FIXTURE);
    282|     const result = validatePatch(derived, BASE, ['items', 5], 'x'); //…
       |                    ^
    283|     expect(result.ok).toBe(false);
    284|     if (!result.ok) {

⎯⎯⎯⎯⎯⎯⎯⎯⎯⎯⎯⎯⎯⎯⎯⎯⎯⎯⎯⎯⎯⎯[12/36]⎯

 FAIL  packages/vfsl/test/validate-patch.test.ts > validatePatch — 结构守卫：未知键 / leaf 下钻 / plain 下钻 / 越界替换（AC2） > AC2：plain 整体替换合法——YPlainArray 位收到整值数组通过（唯一允许的写入形态）
TypeError: (0 , validatePatch) is not a function
 ❯ packages/vfsl/test/validate-patch.test.ts:291:12
    289|   it('AC2：plain 整体替换合法——YPlainArray 位收到整值数组通过（唯一允许的写入形态）', () => {
    290|     const derived = evaluateModule(GUARD_FIXTURE);
    291|     expect(validatePatch(derived, BASE, ['attachments'], ['y', 'z']).o…
       |            ^
    292|   });
    293| 

⎯⎯⎯⎯⎯⎯⎯⎯⎯⎯⎯⎯⎯⎯⎯⎯⎯⎯⎯⎯⎯⎯[13/36]⎯

 FAIL  packages/vfsl/test/validate-patch.test.ts > validatePatch — 结构守卫：未知键 / leaf 下钻 / plain 下钻 / 越界替换（AC2） > AC2：plain 整体替换值非法——非数组整值拒绝（纯值上下文按值 schema 校验）
TypeError: (0 , validatePatch) is not a function
 ❯ packages/vfsl/test/validate-patch.test.ts:296:20
    294|   it('AC2：plain 整体替换值非法——非数组整值拒绝（纯值上下文按值 schema 校验）', () => {
    295|     const derived = evaluateModule(GUARD_FIXTURE);
    296|     const result = validatePatch(derived, BASE, ['attachments'], 'not-…
       |                    ^
    297|     expect(result.ok).toBe(false);
    298|     if (!result.ok) {

⎯⎯⎯⎯⎯⎯⎯⎯⎯⎯⎯⎯⎯⎯⎯⎯⎯⎯⎯⎯⎯⎯[14/36]⎯

 FAIL  packages/vfsl/test/validate-patch.test.ts > validatePatch — 结构守卫：未知键 / leaf 下钻 / plain 下钻 / 越界替换（AC2） > AC2：合法深层替换通过——封闭对象成员字段写入
TypeError: (0 , validatePatch) is not a function
 ❯ packages/vfsl/test/validate-patch.test.ts:305:12
    303|   it('AC2：合法深层替换通过——封闭对象成员字段写入', () => {
    304|     const derived = evaluateModule(GUARD_FIXTURE);
    305|     expect(validatePatch(derived, BASE, ['profile', 'displayName'], 'b…
       |            ^
    306|   });
    307| });

⎯⎯⎯⎯⎯⎯⎯⎯⎯⎯⎯⎯⎯⎯⎯⎯⎯⎯⎯⎯⎯⎯[15/36]⎯

 FAIL  packages/vfsl/test/validate-patch.test.ts > validatePatch — 重建语义：union 成员写入他成员字段 → any-of 全拒绝（AC3） > AC3：向 union 成员写入他成员字段——重建后 any-of 全拒绝，报「联合成员 i/N」相对定位
TypeError: (0 , validatePatch) is not a function
 ❯ packages/vfsl/test/validate-patch.test.ts:314:20
    312|     const base = validSnapshot();
    313|     // img1 是 image 成员；body 是 text 成员独有字段（D2：类型层放行、运行时查成员适配）
    314|     const result = validatePatch(derived, base, ['assets', 'img1', 'bo…
       |                    ^
    315|     expect(result.ok).toBe(false);
    316|     if (!result.ok) {

⎯⎯⎯⎯⎯⎯⎯⎯⎯⎯⎯⎯⎯⎯⎯⎯⎯⎯⎯⎯⎯⎯[16/36]⎯

 FAIL  packages/vfsl/test/validate-patch.test.ts > validatePatch — 重建语义：union 成员写入他成员字段 → any-of 全拒绝（AC3） > AC3：交叉写入与 validateSnapshot 同源——同重建值下 issue（message+path）与整快照校验全等（AC5 单一来源）
TypeError: (0 , validatePatch) is not a function
 ❯ packages/vfsl/test/validate-patch.test.ts:331:22
    329|     const viaSnapshot = validateSnapshot(derived, rebuilt);
    330|     expect(viaSnapshot.ok).toBe(false);
    331|     const viaPatch = validatePatch(derived, base, ['assets', 'img1', '…
       |                      ^
    332|     expect(viaPatch.ok).toBe(false);
    333|     if (!viaSnapshot.ok && !viaPatch.ok) {

⎯⎯⎯⎯⎯⎯⎯⎯⎯⎯⎯⎯⎯⎯⎯⎯⎯⎯⎯⎯⎯⎯[17/36]⎯

 FAIL  packages/vfsl/test/validate-patch.test.ts > validatePatch — 重建语义：union 成员写入他成员字段 → any-of 全拒绝（AC3） > AC3：成员互异字段双向——a 写 b 字段 / b 写 a 字段均拒绝，报失败距离最小成员
TypeError: (0 , validatePatch) is not a function
 ❯ packages/vfsl/test/validate-patch.test.ts:342:16
    340|     const derived = evaluateModule(UNION_FIXTURE);
    341|     // base 命中 a：写 b 独有字段 y → 重建 {kind:"a",x,y}：a 未知键 y（距离 1）< b 判别错+缺…
    342|     const r1 = validatePatch(derived, { m: { kind: 'a', x: 'x' } }, ['…
       |                ^
    343|     expect(r1.ok).toBe(false);
    344|     if (!r1.ok) {

⎯⎯⎯⎯⎯⎯⎯⎯⎯⎯⎯⎯⎯⎯⎯⎯⎯⎯⎯⎯⎯⎯[18/36]⎯

 FAIL  packages/vfsl/test/validate-patch.test.ts > validatePatch — 重建语义：union 成员写入他成员字段 → any-of 全拒绝（AC3） > AC3：命中成员自身字段类型错——重建后该成员拒绝，字段级 issue 带「联合成员 i/N」前缀与精确 path
TypeError: (0 , validatePatch) is not a function
 ❯ packages/vfsl/test/validate-patch.test.ts:361:20
    359|   it('AC3：命中成员自身字段类型错——重建后该成员拒绝，字段级 issue 带「联合成员 i/N」前缀与精确 path', () =…
    360|     const derived = evaluateModule(UNION_FIXTURE);
    361|     const result = validatePatch(derived, { m: { kind: 'a', x: 'x' } }…
       |                    ^
    362|     expect(result.ok).toBe(false);
    363|     if (!result.ok) {

⎯⎯⎯⎯⎯⎯⎯⎯⎯⎯⎯⎯⎯⎯⎯⎯⎯⎯⎯⎯⎯⎯[19/36]⎯

 FAIL  packages/vfsl/test/validate-patch.test.ts > validatePatch — 重建语义：union 成员写入他成员字段 → any-of 全拒绝（AC3） > AC3：命中成员自身字段合法写入——重建后 any-of 接受 → ok:true
TypeError: (0 , validatePatch) is not a function
 ❯ packages/vfsl/test/validate-patch.test.ts:374:12
    372|   it('AC3：命中成员自身字段合法写入——重建后 any-of 接受 → ok:true', () => {
    373|     const derived = evaluateModule(UNION_FIXTURE);
    374|     expect(validatePatch(derived, { m: { kind: 'a', x: 'x' } }, ['m', …
       |            ^
    375|   });
    376| 

⎯⎯⎯⎯⎯⎯⎯⎯⎯⎯⎯⎯⎯⎯⎯⎯⎯⎯⎯⎯⎯⎯[20/36]⎯

 FAIL  packages/vfsl/test/validate-patch.test.ts > validatePatch — 重建语义：union 成员写入他成员字段 → any-of 全拒绝（AC3） > AC3：判别式缓存透明——有/无缓存两派生物对交叉写入输出全等（ADR 0003 §3）
TypeError: (0 , validatePatch) is not a function
 ❯ packages/vfsl/test/validate-patch.test.ts:381:23
    379|     const withoutCache = stripDiscriminators(clone(derived));
    380|     const base = validSnapshot();
    381|     const withCache = validatePatch(derived, base, ['assets', 'img1', …
       |                       ^
    382|     const without = validatePatch(withoutCache, base, ['assets', 'img1…
    383|     expect(withCache).toEqual(without);

⎯⎯⎯⎯⎯⎯⎯⎯⎯⎯⎯⎯⎯⎯⎯⎯⎯⎯⎯⎯⎯⎯[21/36]⎯

 FAIL  packages/vfsl/test/validate-patch.test.ts > validatePatch — 数组：下标替换 / insert（含末尾 append）/ delete 元素类型校验（AC4） > AC4：数组合法下标替换通过
TypeError: (0 , validatePatch) is not a function
 ❯ packages/vfsl/test/validate-patch.test.ts:393:12
    391|   it('AC4：数组合法下标替换通过', () => {
    392|     const derived = evaluateModule(GUARD_FIXTURE);
    393|     expect(validatePatch(derived, BASE, ['items', 0], 'x').ok).toBe(tr…
       |            ^
    394|     expect(validatePatch(derived, BASE, ['items', 1], 'y').ok).toBe(tr…
    395|   });

⎯⎯⎯⎯⎯⎯⎯⎯⎯⎯⎯⎯⎯⎯⎯⎯⎯⎯⎯⎯⎯⎯[22/36]⎯

 FAIL  packages/vfsl/test/validate-patch.test.ts > validatePatch — 数组：下标替换 / insert（含末尾 append）/ delete 元素类型校验（AC4） > AC4：替换元素类型错——重建后元素校验拒绝，path 含下标段
TypeError: (0 , validatePatch) is not a function
 ❯ packages/vfsl/test/validate-patch.test.ts:399:20
    397|   it('AC4：替换元素类型错——重建后元素校验拒绝，path 含下标段', () => {
    398|     const derived = evaluateModule(GUARD_FIXTURE);
    399|     const result = validatePatch(derived, BASE, ['items', 1], 42);
       |                    ^
    400|     expect(result.ok).toBe(false);
    401|     if (!result.ok) {

⎯⎯⎯⎯⎯⎯⎯⎯⎯⎯⎯⎯⎯⎯⎯⎯⎯⎯⎯⎯⎯⎯[23/36]⎯

 FAIL  packages/vfsl/test/validate-patch.test.ts > validatePatch — 数组：下标替换 / insert（含末尾 append）/ delete 元素类型校验（AC4） > AC4：append 合法——末尾追加元素，重建数组通过
TypeError: (0 , validateAppendToArray) is not a function
 ❯ packages/vfsl/test/validate-patch.test.ts:408:12
    406|   it('AC4：append 合法——末尾追加元素，重建数组通过', () => {
    407|     const derived = evaluateModule(GUARD_FIXTURE);
    408|     expect(validateAppendToArray(derived, BASE, ['items'], 'c').ok).to…
       |            ^
    409|   });
    410| 

⎯⎯⎯⎯⎯⎯⎯⎯⎯⎯⎯⎯⎯⎯⎯⎯⎯⎯⎯⎯⎯⎯[24/36]⎯

 FAIL  packages/vfsl/test/validate-patch.test.ts > validatePatch — 数组：下标替换 / insert（含末尾 append）/ delete 元素类型校验（AC4） > AC4：append 元素类型错——追加值非元素类型拒绝，path 为新元素下标
TypeError: (0 , validateAppendToArray) is not a function
 ❯ packages/vfsl/test/validate-patch.test.ts:413:20
    411|   it('AC4：append 元素类型错——追加值非元素类型拒绝，path 为新元素下标', () => {
    412|     const derived = evaluateModule(GUARD_FIXTURE);
    413|     const result = validateAppendToArray(derived, BASE, ['items'], 42);
       |                    ^
    414|     expect(result.ok).toBe(false);
    415|     if (!result.ok) {

⎯⎯⎯⎯⎯⎯⎯⎯⎯⎯⎯⎯⎯⎯⎯⎯⎯⎯⎯⎯⎯⎯[25/36]⎯

 FAIL  packages/vfsl/test/validate-patch.test.ts > validatePatch — 数组：下标替换 / insert（含末尾 append）/ delete 元素类型校验（AC4） > AC4：append 非数组路径拒绝（leaf 位置无数组语义）
TypeError: (0 , validateAppendToArray) is not a function
 ❯ packages/vfsl/test/validate-patch.test.ts:422:20
    420|   it('AC4：append 非数组路径拒绝（leaf 位置无数组语义）', () => {
    421|     const derived = evaluateModule(GUARD_FIXTURE);
    422|     const result = validateAppendToArray(derived, BASE, ['name'], 'x');
       |                    ^
    423|     expect(result.ok).toBe(false);
    424|     if (!result.ok) {

⎯⎯⎯⎯⎯⎯⎯⎯⎯⎯⎯⎯⎯⎯⎯⎯⎯⎯⎯⎯⎯⎯[26/36]⎯

 FAIL  packages/vfsl/test/validate-patch.test.ts > validatePatch — 数组：下标替换 / insert（含末尾 append）/ delete 元素类型校验（AC4） > AC4：insert 合法——中位插入通过
TypeError: (0 , validateInsertIntoArray) is not a function
 ❯ packages/vfsl/test/validate-patch.test.ts:431:12
    429|   it('AC4：insert 合法——中位插入通过', () => {
    430|     const derived = evaluateModule(GUARD_FIXTURE);
    431|     expect(validateInsertIntoArray(derived, BASE, ['items'], 0, 'x').o…
       |            ^
    432|     expect(validateInsertIntoArray(derived, BASE, ['items'], 1, 'y').o…
    433|   });

⎯⎯⎯⎯⎯⎯⎯⎯⎯⎯⎯⎯⎯⎯⎯⎯⎯⎯⎯⎯⎯⎯[27/36]⎯

 FAIL  packages/vfsl/test/validate-patch.test.ts > validatePatch — 数组：下标替换 / insert（含末尾 append）/ delete 元素类型校验（AC4） > AC4：insert 末尾 append 语义——index == length 插入通过
TypeError: (0 , validateInsertIntoArray) is not a function
 ❯ packages/vfsl/test/validate-patch.test.ts:437:12
    435|   it('AC4：insert 末尾 append 语义——index == length 插入通过', () => {
    436|     const derived = evaluateModule(GUARD_FIXTURE);
    437|     expect(validateInsertIntoArray(derived, BASE, ['items'], 2, 'c').o…
       |            ^
    438|   });
    439| 

⎯⎯⎯⎯⎯⎯⎯⎯⎯⎯⎯⎯⎯⎯⎯⎯⎯⎯⎯⎯⎯⎯[28/36]⎯

 FAIL  packages/vfsl/test/validate-patch.test.ts > validatePatch — 数组：下标替换 / insert（含末尾 append）/ delete 元素类型校验（AC4） > AC4：insert 元素类型错——插入值非元素类型拒绝，path 为插入下标
TypeError: (0 , validateInsertIntoArray) is not a function
 ❯ packages/vfsl/test/validate-patch.test.ts:442:20
    440|   it('AC4：insert 元素类型错——插入值非元素类型拒绝，path 为插入下标', () => {
    441|     const derived = evaluateModule(GUARD_FIXTURE);
    442|     const result = validateInsertIntoArray(derived, BASE, ['items'], 0…
       |                    ^
    443|     expect(result.ok).toBe(false);
    444|     if (!result.ok) {

⎯⎯⎯⎯⎯⎯⎯⎯⎯⎯⎯⎯⎯⎯⎯⎯⎯⎯⎯⎯⎯⎯[29/36]⎯

 FAIL  packages/vfsl/test/validate-patch.test.ts > validatePatch — 数组：下标替换 / insert（含末尾 append）/ delete 元素类型校验（AC4） > AC4：delete 合法——删除中位与末位均通过
TypeError: (0 , validateDeleteFromArray) is not a function
 ❯ packages/vfsl/test/validate-patch.test.ts:451:12
    449|   it('AC4：delete 合法——删除中位与末位均通过', () => {
    450|     const derived = evaluateModule(GUARD_FIXTURE);
    451|     expect(validateDeleteFromArray(derived, BASE, ['items'], 0).ok).to…
       |            ^
    452|     expect(validateDeleteFromArray(derived, BASE, ['items'], 1).ok).to…
    453|   });

⎯⎯⎯⎯⎯⎯⎯⎯⎯⎯⎯⎯⎯⎯⎯⎯⎯⎯⎯⎯⎯⎯[30/36]⎯

 FAIL  packages/vfsl/test/validate-patch.test.ts > validatePatch — 数组：下标替换 / insert（含末尾 append）/ delete 元素类型校验（AC4） > AC4：delete 后剩余元素类型校验——重建数组中残留非法元素拒绝（path 按重建后下标）
TypeError: (0 , validateDeleteFromArray) is not a function
 ❯ packages/vfsl/test/validate-patch.test.ts:458:20
    456|     const derived = evaluateModule(GUARD_FIXTURE);
    457|     const badBase = { profile: { displayName: 'jim' }, name: 'jim', it…
    458|     const result = validateDeleteFromArray(derived, badBase, ['items']…
       |                    ^
    459|     expect(result.ok).toBe(false);
    460|     if (!result.ok) {

⎯⎯⎯⎯⎯⎯⎯⎯⎯⎯⎯⎯⎯⎯⎯⎯⎯⎯⎯⎯⎯⎯[31/36]⎯

 FAIL  packages/vfsl/test/validate-patch.test.ts > validatePatch — 数组：下标替换 / insert（含末尾 append）/ delete 元素类型校验（AC4） > AC4：delete 越界拒绝（D1 越界归运行时校验）
TypeError: (0 , validateDeleteFromArray) is not a function
 ❯ packages/vfsl/test/validate-patch.test.ts:467:20
    465|   it('AC4：delete 越界拒绝（D1 越界归运行时校验）', () => {
    466|     const derived = evaluateModule(GUARD_FIXTURE);
    467|     const result = validateDeleteFromArray(derived, BASE, ['items'], 5…
       |                    ^
    468|     expect(result.ok).toBe(false);
    469|     if (!result.ok) {

⎯⎯⎯⎯⎯⎯⎯⎯⎯⎯⎯⎯⎯⎯⎯⎯⎯⎯⎯⎯⎯⎯[32/36]⎯

 FAIL  packages/vfsl/test/validate-patch.test.ts > validatePatch — 数组：下标替换 / insert（含末尾 append）/ delete 元素类型校验（AC4） > AC4：delete 非数组路径拒绝
TypeError: (0 , validateDeleteFromArray) is not a function
 ❯ packages/vfsl/test/validate-patch.test.ts:476:20
    474|   it('AC4：delete 非数组路径拒绝', () => {
    475|     const derived = evaluateModule(GUARD_FIXTURE);
    476|     const result = validateDeleteFromArray(derived, BASE, ['name'], 0);
       |                    ^
    477|     expect(result.ok).toBe(false);
    478|     if (!result.ok) {

⎯⎯⎯⎯⎯⎯⎯⎯⎯⎯⎯⎯⎯⎯⎯⎯⎯⎯⎯⎯⎯⎯[33/36]⎯

 FAIL  packages/vfsl/test/validate-patch.test.ts > validatePatch — 全收集 + 上限语义与 validateSnapshot 一致（AC5/AC6） > AC6：全收集——一次调用收集全部独立问题（多字段错一次报全）
TypeError: (0 , validatePatch) is not a function
 ❯ packages/vfsl/test/validate-patch.test.ts:487:20
    485|   it('AC6：全收集——一次调用收集全部独立问题（多字段错一次报全）', () => {
    486|     const derived = evaluateModule(UNION_FIXTURE);
    487|     const result = validatePatch(derived, { m: { kind: 'a', x: 'x' } }…
       |                    ^
    488|     expect(result.ok).toBe(false);
    489|     if (!result.ok) {

⎯⎯⎯⎯⎯⎯⎯⎯⎯⎯⎯⎯⎯⎯⎯⎯⎯⎯⎯⎯⎯⎯[34/36]⎯

 FAIL  packages/vfsl/test/validate-patch.test.ts > validatePatch — 全收集 + 上限语义与 validateSnapshot 一致（AC5/AC6） > AC6：上限语义——100 条真实 issue + 末条截断标记（与 validateSnapshot 同契约）
TypeError: (0 , validatePatch) is not a function
 ❯ packages/vfsl/test/validate-patch.test.ts:500:20
    498|     const derived = evaluateModule('type ROOT = { items: number[] };');
    499|     const base = { items: Array.from({ length: 150 }, () => 'not-a-num…
    500|     const result = validatePatch(derived, base, ['items', 0], 0); // 重…
       |                    ^
    501|     expect(result.ok).toBe(false);
    502|     if (!result.ok) {

⎯⎯⎯⎯⎯⎯⎯⎯⎯⎯⎯⎯⎯⎯⎯⎯⎯⎯⎯⎯⎯⎯[35/36]⎯

 FAIL  packages/vfsl/test/validate-patch.test.ts > validatePatch — 全收集 + 上限语义与 validateSnapshot 一致（AC5/AC6） > AC5：解释器单一来源——非联合值校验输出与 validateSnapshot 对同重建快照的输出全等
TypeError: (0 , validatePatch) is not a function
 ❯ packages/vfsl/test/validate-patch.test.ts:518:22
    516|     const viaSnapshot = validateSnapshot(derived, rebuilt);
    517|     expect(viaSnapshot.ok).toBe(false);
    518|     const viaPatch = validatePatch(derived, base, ['profile', 'display…
       |                      ^
    519|     expect(viaPatch.ok).toBe(false);
    520|     if (!viaSnapshot.ok && !viaPatch.ok) {

⎯⎯⎯⎯⎯⎯⎯⎯⎯⎯⎯⎯⎯⎯⎯⎯⎯⎯⎯⎯⎯⎯[36/36]⎯


 Test Files  1 failed (1)
      Tests  36 failed (36)
Type Errors  no errors
   Start at  13:46:11
   Duration  429ms (transform 144ms, setup 0ms, collect 176ms, tests 38ms, environment 0ms, prepare 56ms)

exit=1
