Testing types with tsc and vue-tsc is an experimental feature.
Breaking changes might not follow SemVer, please pin Vitest's version when using it.

 RUN  v3.2.7 /home/wangjian/nomicore-fix-issue-26

 ✓  TS  packages/vfsl-codegen/test/generate-discriminated-narrow.test-d.ts (6 tests)
 ❯ packages/vfsl-codegen/test/generate-cli-check.test.ts (4 tests | 3 failed) 1332ms
   × AC4 — pnpm generate 存在且幂等（全量重新生成 + 写盘） > pnpm generate 命令存在且成功退出（退出码 0）——被测 CLI 存在的事实锚点 439ms
     → expected 254 to be +0 // Object.is equality
   ✓ AC4 — generate --check 对过期生成物退出非零，对新鲜生成物退出 0 > 缺省 fixtures（无 domains fixture 时的真空语义）：--check 对过期/缺失生成物退出非零  362ms
   × AC4 — generate --check 对过期生成物退出非零，对新鲜生成物退出 0 > generate 后再 --check → diff 为空 → 退出 0（新鲜生成物） 297ms
     → expected 254 to be +0 // Object.is equality
   × AC4 — generate --check 对过期生成物退出非零，对新鲜生成物退出 0 > 源漂移后 --check → 退出非零（源改动 → 重新生成后 diff 非空） 233ms
     → expected 254 to be +0 // Object.is equality

⎯⎯⎯⎯⎯⎯ Failed Suites 2 ⎯⎯⎯⎯⎯⎯⎯

 FAIL  packages/vfsl-codegen/test/generate-discriminated-emission.test.ts [ packages/vfsl-codegen/test/generate-discriminated-emission.test.ts ]
Error: Cannot find package '@nomicore/vfsl-codegen' imported from '/home/wangjian/nomicore-fix-issue-26/packages/vfsl-codegen/test/generate-discriminated-emission.test.ts'
 ❯ packages/vfsl-codegen/test/generate-discriminated-emission.test.ts:25:1
     23| import { parseVfsl, evaluate } from '../../vfsl/src/index.js';
     24| /** 被测导出尚不存在 → module-not-found → 整文件红灯（真红根因，非语法/转译错误）。 */
     25| import { generateProjection } from '@nomicore/vfsl-codegen';
       | ^
     26| 
     27| /** 判别联合 fixture：member 0（image）独有 url；member 1（text）独有 richBody/title…

Caused by: Error: Failed to load url @nomicore/vfsl-codegen (resolved id: @nomicore/vfsl-codegen) in /home/wangjian/nomicore-fix-issue-26/packages/vfsl-codegen/test/generate-discriminated-emission.test.ts. Does the file exist?
 ❯ loadAndTransform node_modules/.pnpm/vite@7.3.6_@types+node@20.19.43/node_modules/vite/dist/node/chunks/config.js:22739:33

⎯⎯⎯⎯⎯⎯⎯⎯⎯⎯⎯⎯⎯⎯⎯⎯⎯⎯⎯⎯⎯⎯⎯⎯[1/5]⎯

 FAIL  packages/vfsl-codegen/test/generate-mapping-table.test.ts [ packages/vfsl-codegen/test/generate-mapping-table.test.ts ]
Error: Cannot find package '@nomicore/vfsl-codegen' imported from '/home/wangjian/nomicore-fix-issue-26/packages/vfsl-codegen/test/generate-mapping-table.test.ts'
 ❯ packages/vfsl-codegen/test/generate-mapping-table.test.ts:36:1
     34| import { parseVfsl, evaluate } from '../../vfsl/src/index.js';
     35| /** 被测导出尚不存在 → module-not-found → 整文件红灯（真红根因，非语法/转译错误）。 */
     36| import { generateProjection } from '@nomicore/vfsl-codegen';
       | ^
     37| 
     38| /** 覆盖全映射表的 .vfsl fixture：每行一种映射态（docs 三槽在 aliasDocs 位）。 */

Caused by: Error: Failed to load url @nomicore/vfsl-codegen (resolved id: @nomicore/vfsl-codegen) in /home/wangjian/nomicore-fix-issue-26/packages/vfsl-codegen/test/generate-discriminated-emission.test.ts. Does the file exist?
 ❯ loadAndTransform node_modules/.pnpm/vite@7.3.6_@types+node@20.19.43/node_modules/vite/dist/node/chunks/config.js:22739:33

⎯⎯⎯⎯⎯⎯⎯⎯⎯⎯⎯⎯⎯⎯⎯⎯⎯⎯⎯⎯⎯⎯⎯⎯[2/5]⎯


⎯⎯⎯⎯⎯⎯⎯ Failed Tests 3 ⎯⎯⎯⎯⎯⎯⎯

 FAIL  packages/vfsl-codegen/test/generate-cli-check.test.ts > AC4 — pnpm generate 存在且幂等（全量重新生成 + 写盘） > pnpm generate 命令存在且成功退出（退出码 0）——被测 CLI 存在的事实锚点
AssertionError: expected 254 to be +0 // Object.is equality

- Expected
+ Received

- 0
+ 254

 ❯ packages/vfsl-codegen/test/generate-cli-check.test.ts:52:22
     50|     const fx = await makeStaleFixture();
     51|     const r = runPnpm(['generate', '--domains', fx.dir], repoRoot);
     52|     expect(r.status).toBe(0);
       |                      ^
     53|   });
     54| });

⎯⎯⎯⎯⎯⎯⎯⎯⎯⎯⎯⎯⎯⎯⎯⎯⎯⎯⎯⎯⎯⎯⎯⎯[3/5]⎯

 FAIL  packages/vfsl-codegen/test/generate-cli-check.test.ts > AC4 — generate --check 对过期生成物退出非零，对新鲜生成物退出 0 > generate 后再 --check → diff 为空 → 退出 0（新鲜生成物）
AssertionError: expected 254 to be +0 // Object.is equality

- Expected
+ Received

- 0
+ 254

 ❯ packages/vfsl-codegen/test/generate-cli-check.test.ts:68:24
     66|     const gen = runPnpm(['generate', '--domains', fx.dir], repoRoot);
     67|     // 前置：generate 必须成功（若 CLI 不存在则前置红，本 it 一并红）
     68|     expect(gen.status).toBe(0);
       |                        ^
     69|     const check = runPnpm(['generate', '--check', '--domains', fx.dir]…
     70|     expect(check.status).toBe(0);

⎯⎯⎯⎯⎯⎯⎯⎯⎯⎯⎯⎯⎯⎯⎯⎯⎯⎯⎯⎯⎯⎯⎯⎯[4/5]⎯

 FAIL  packages/vfsl-codegen/test/generate-cli-check.test.ts > AC4 — generate --check 对过期生成物退出非零，对新鲜生成物退出 0 > 源漂移后 --check → 退出非零（源改动 → 重新生成后 diff 非空）
AssertionError: expected 254 to be +0 // Object.is equality

- Expected
+ Received

- 0
+ 254

 ❯ packages/vfsl-codegen/test/generate-cli-check.test.ts:76:24
     74|     const fx = await makeStaleFixture();
     75|     const gen = runPnpm(['generate', '--domains', fx.dir], repoRoot);
     76|     expect(gen.status).toBe(0);
       |                        ^
     77|     // 漂移源：在 .vfsl 追加字段，改变派生 schema → 现有生成物过期
     78|     await appendFile(join(fx.dir, 'domains', 'demo', 'schema.vfsl'), `…

⎯⎯⎯⎯⎯⎯⎯⎯⎯⎯⎯⎯⎯⎯⎯⎯⎯⎯⎯⎯⎯⎯⎯⎯[5/5]⎯


 Test Files  3 failed | 1 passed (4)
      Tests  3 failed | 7 passed (10)
Type Errors  no errors
   Start at  17:36:57
   Duration  2.09s (transform 157ms, setup 0ms, collect 33ms, tests 1.33s, environment 0ms, prepare 178ms, typecheck 1.20s)

SA6_RED_EXIT=1
