Testing types with tsc and vue-tsc is an experimental feature.
Breaking changes might not follow SemVer, please pin Vitest's version when using it.

 RUN  v3.2.7 /home/wangjian/nomicore-fix-issue-26

 ❯ packages/vfsl-codegen/test/generate-discriminated-emission.test.ts (9 tests | 1 failed) 45ms
   ✓ ADR 0005 §4 — 生成文件头注 GENERATED + 源文本哈希（确定性） > 头注含 GENERATED 与 DO NOT EDIT 与源文本哈希 23ms
   ✓ ADR 0005 §4 — 生成文件头注 GENERATED + 源文本哈希（确定性） > 确定性可复现：两次调用生成文本逐字节一致（regen-diff 差异唯一来源 = 源/生成器漂移） 3ms
   ✓ AC3 — 判别式联合发射为可窄化 TS 判别联合（文案级） > 判别字段 kind 以精确字面量发射（image/text），供 tsc 逐成员窄化 1ms
   ✓ AC3 — 判别式联合发射为可窄化 TS 判别联合（文案级） > union 节点 kind = 'map'（判别联合是 map 载体） 1ms
   ✓ AC3 — 判别式联合发射为可窄化 TS 判别联合（文案级） > 成员互异字段按声明类型发射（url / richBody / title），联合键空间 = 并集 1ms
   ✓ §3.2.1 — ROOT 形态范围限界（R4/C：设计文本升为契约） > 联合形 ROOT（含前导 |）经 parse+evaluate ok 后，generateProjection 抛 UnsupportedRootShapeError 3ms
   × §3.4 R3 — ref→ROOT 按需具名发射（R5/D：裁决 (b)） > ROOT 被引用时：不抛 + 段② ROOT 具名声明在场 + 引用位按名引用 PathSchema<ROOT, 'map'> 9ms
     → expected '/**\n * GENERATED FILE — DO NOT EDIT.…' to match /export type ROOT\s*=/
   ✓ §3.2 union 行 — 联合 kind 同形裁决（R5/F） > 同形联合（array|array）→ 联合 kind 精确 'array'（成员 = 去外壳的 Record<`${number}`, …>） 2ms
   ✓ §3.2 union 行 — 联合 kind 同形裁决（R5/F） > 异形联合（map 别名 | array 别名）→ 抛 UnsupportedUnionKindError（消息前缀：联合成员结构 kind 异形） 1ms
 ✓  TS  packages/vfsl-codegen/test/generate-discriminated-narrow.test-d.ts (6 tests)
 ✓ packages/vfsl-codegen/test/generate-cli-check.test.ts (3 tests) 2444ms
   ✓ AC4 — pnpm generate 存在且幂等（全量重新生成 + 写盘） > pnpm generate 命令存在且成功退出（退出码 0）——被测 CLI 存在的事实锚点  689ms
   ✓ AC4 — generate --check 对过期生成物退出非零，对新鲜生成物退出 0 > generate 后再 --check → diff 为空 → 退出 0（新鲜生成物）  874ms
   ✓ AC4 — generate --check 对过期生成物退出非零，对新鲜生成物退出 0 > 源漂移后 --check → 退出非零（源改动 → 重新生成后 diff 非空）  878ms
 ✓ packages/vfsl-codegen/test/generate-mapping-table.test.ts (13 tests) 20ms

⎯⎯⎯⎯⎯⎯⎯ Failed Tests 1 ⎯⎯⎯⎯⎯⎯⎯

 FAIL  packages/vfsl-codegen/test/generate-discriminated-emission.test.ts > §3.4 R3 — ref→ROOT 按需具名发射（R5/D：裁决 (b)） > ROOT 被引用时：不抛 + 段② ROOT 具名声明在场 + 引用位按名引用 PathSchema<ROOT, 'map'>
AssertionError: expected '/**\n * GENERATED FILE — DO NOT EDIT.…' to match /export type ROOT\s*=/

- Expected: 
/export type ROOT\s*=/

+ Received: 
"/**
 * GENERATED FILE — DO NOT EDIT.
 * Generator: @nomicore/vfsl-codegen@0.1.0
 * Source hash: sha256:088d8e4b68116acb45672c3b177176b42f9a013e867e1171155aa8a4b03b1d01
 * Regenerate with: pnpm generate
 */

export type Node = { 'r': PathSchema<ROOT, 'map'> };

declare module '@nomicore/vfsl-protocol' {
  interface VfslPathMap {
    a: PathSchema<string, 'leaf'>;
  }
}
"

 ❯ packages/vfsl-codegen/test/generate-discriminated-emission.test.ts:120:17
    118|     expect(typeof out).toBe('string');
    119|     // (b) 案：按需具名声明（ROOT 因被引用而进入段②）
    120|     expect(out).toMatch(/export type ROOT\s*=/);
       |                 ^
    121|     // 引用位（对象字面量成员键带引号，§3.5）；值侧 ref ROOT → 规则 0 按名引用
    122|     expect(out).toMatch(/['"]r['"]\s*:\s*PathSchema<ROOT,\s*'map'>/);

⎯⎯⎯⎯⎯⎯⎯⎯⎯⎯⎯⎯⎯⎯⎯⎯⎯⎯⎯⎯⎯⎯⎯⎯[1/1]⎯


 Test Files  1 failed | 3 passed (4)
      Tests  1 failed | 30 passed (31)
Type Errors  no errors
   Start at  21:44:45
   Duration  3.91s (transform 419ms, setup 0ms, collect 637ms, tests 2.51s, environment 0ms, prepare 289ms, typecheck 1.85s)

SA6_R5_ALL_EXIT=1
