Testing types with tsc and vue-tsc is an experimental feature.
Breaking changes might not follow SemVer, please pin Vitest's version when using it.

 RUN  v3.2.7 /home/wangjian/nomicore-fix-issue-26

 ❯ packages/vfsl-codegen/test/generate-discriminated-emission.test.ts (9 tests | 1 failed) 18ms
   ✓ ADR 0005 §4 — 生成文件头注 GENERATED + 源文本哈希（确定性） > 头注含 GENERATED 与 DO NOT EDIT 与源文本哈希 6ms
   ✓ ADR 0005 §4 — 生成文件头注 GENERATED + 源文本哈希（确定性） > 确定性可复现：两次调用生成文本逐字节一致（regen-diff 差异唯一来源 = 源/生成器漂移） 1ms
   ✓ AC3 — 判别式联合发射为可窄化 TS 判别联合（文案级） > 判别字段 kind 以精确字面量发射（image/text），供 tsc 逐成员窄化 1ms
   ✓ AC3 — 判别式联合发射为可窄化 TS 判别联合（文案级） > union 节点 kind = 'map'（判别联合是 map 载体） 1ms
   ✓ AC3 — 判别式联合发射为可窄化 TS 判别联合（文案级） > 成员互异字段按声明类型发射（url / richBody / title），联合键空间 = 并集 1ms
   ✓ §3.2.1 — ROOT 形态范围限界（R4/C：设计文本升为契约） > 联合形 ROOT（含前导 |）经 parse+evaluate ok 后，generateProjection 抛 UnsupportedRootShapeError 1ms
   × §3.4 R3 — ref→ROOT 命名化 loud 拒绝（R5/D：裁决 (a)） > ROOT 被引用时：generateProjection 抛 UnsupportedRootReferenceError（消息前缀：ROOT 不可被引用） 6ms
     → expected [Function] to throw an error
   ✓ §3.2 union 行 — 联合 kind 同形裁决（R5/F） > 同形联合（array|array）→ 联合 kind 精确 'array'（成员 = 去外壳的 Record<`${number}`, …>） 1ms
   ✓ §3.2 union 行 — 联合 kind 同形裁决（R5/F） > 异形联合（map 别名 | array 别名）→ 抛 UnsupportedUnionKindError（消息前缀：联合成员结构 kind 异形） 1ms

⎯⎯⎯⎯⎯⎯⎯ Failed Tests 1 ⎯⎯⎯⎯⎯⎯⎯

 FAIL  packages/vfsl-codegen/test/generate-discriminated-emission.test.ts > §3.4 R3 — ref→ROOT 命名化 loud 拒绝（R5/D：裁决 (a)） > ROOT 被引用时：generateProjection 抛 UnsupportedRootReferenceError（消息前缀：ROOT 不可被引用）
AssertionError: expected [Function] to throw an error

- Expected: 
null

+ Received: 
undefined

 ❯ packages/vfsl-codegen/test/generate-discriminated-emission.test.ts:121:54
    119|     if (!result.ok) throw new Error(`evaluate 失败：${JSON.stringify(resu…
    120|     // (a) 案：UnsupportedRootReferenceError 消息前缀契约（命名化错误，CLI → exit 2）
    121|     expect(() => generateProjection(result.derived)).toThrow(/ROOT 不可被…
       |                                                      ^
    122|   });
    123| });

⎯⎯⎯⎯⎯⎯⎯⎯⎯⎯⎯⎯⎯⎯⎯⎯⎯⎯⎯⎯⎯⎯⎯⎯[1/1]⎯


 Test Files  1 failed (1)
      Tests  1 failed | 8 passed (9)
Type Errors  no errors
   Start at  21:55:45
   Duration  449ms (transform 201ms, setup 0ms, collect 245ms, tests 18ms, environment 0ms, prepare 74ms)

SA6_R5FIX_EXIT=1
