Testing types with tsc and vue-tsc is an experimental feature.
Breaking changes might not follow SemVer, please pin Vitest's version when using it.

 RUN  v3.2.7 /home/wangjian/nomicore-fix-issue-26


⎯⎯⎯⎯⎯⎯ Failed Suites 1 ⎯⎯⎯⎯⎯⎯⎯

 FAIL  packages/vfsl-codegen/test/generate-mapping-table.test.ts [ packages/vfsl-codegen/test/generate-mapping-table.test.ts ]
Error: Cannot find package '@nomicore/vfsl-codegen' imported from '/home/wangjian/nomicore-fix-issue-26/packages/vfsl-codegen/test/generate-mapping-table.test.ts'
 ❯ packages/vfsl-codegen/test/generate-mapping-table.test.ts:36:1
     34| import { parseVfsl, evaluate } from '../../vfsl/src/index.js';
     35| /** 被测导出尚不存在 → module-not-found → 整文件红灯（真红根因，非语法/转译错误）。 */
     36| import { generateProjection } from '@nomicore/vfsl-codegen';
       | ^
     37| 
     38| /** 覆盖全映射表的 .vfsl fixture：每行一种映射态（docs 三槽在 aliasDocs 位）。 */

Caused by: Error: Failed to load url @nomicore/vfsl-codegen (resolved id: @nomicore/vfsl-codegen) in /home/wangjian/nomicore-fix-issue-26/packages/vfsl-codegen/test/generate-mapping-table.test.ts. Does the file exist?
 ❯ loadAndTransform node_modules/.pnpm/vite@7.3.6_@types+node@20.19.43/node_modules/vite/dist/node/chunks/config.js:22739:33

⎯⎯⎯⎯⎯⎯⎯⎯⎯⎯⎯⎯⎯⎯⎯⎯⎯⎯⎯⎯⎯⎯⎯⎯[1/1]⎯


 Test Files  1 failed (1)
      Tests  no tests
Type Errors  no errors
   Start at  20:16:17
   Duration  386ms (transform 180ms, setup 0ms, collect 0ms, tests 0ms, environment 0ms, prepare 71ms)

SA6_R3_EXIT=1
