Testing types with tsc and vue-tsc is an experimental feature.
Breaking changes might not follow SemVer, please pin Vitest's version when using it.

 RUN  v3.2.7 /home/wangjian/nomicore-fix-issue-54

 ❯ packages/vfsl/test/docscope-getcompiled.test.ts (13 tests | 12 failed) 12ms
   × getCompiled — AC1 同文本同一对象引用（缓存命中可证） > 同文本两次调用（独立信封对象、不同 id）→ module/derived/容器同一对象引用，且派生正确 4ms
     → getCompiled is not a function
   × getCompiled — AC1 同文本同一对象引用（缓存命中可证） > 缓存命中不重算：注入 evaluate 失败后，同文本再次调用仍 ok、同引用，且 evaluate 未被再次调用 1ms
     → getCompiled is not a function
   × getCompiled — AC1 同文本同一对象引用（缓存命中可证） > 信封形式与文本形式（同一文本）→ 同一缓存项（键 = 文本内容哈希，非信封载体） 1ms
     → getCompiled is not a function
   × getCompiled — AC2 仅空白差异 = 不同键（内容哈希纪律） > 空白差异变体（内部空白 / 尾随换行）→ 各自独立缓存项：语义深相等、引用全异 0ms
     → getCompiled is not a function
   × getCompiled — AC2 仅空白差异 = 不同键（内容哈希纪律） > 前缀共享文本（base 是变体的真前缀）→ 不同键（全文哈希，非前缀/规范化去重） 0ms
     → getCompiled is not a function
   × getCompiled — AC3 多文本并存互不影响（隔离性） > 交错调用 A、B、A、B → 各文本内部引用稳定、跨文本互异、派生物各自对应自身文本 0ms
     → getCompiled is not a function
   × getCompiled — AC4 未知方言经 H1 通道拒绝、不产生缓存项 > 未知方言（lang 非 vfsl / version 非 1）→ ok:false，issues 与 parseSchemaEnvelope 同输入全等 0ms
     → getCompiled is not a function
   × getCompiled — AC4 未知方言经 H1 通道拒绝、不产生缓存项 > 拒绝不产生缓存项：同文本合法信封随后正常编译（拒绝未污染/未占用缓存键） 0ms
     → getCompiled is not a function
   × getCompiled — AC5 evaluate 失败不污染缓存（可重试语义） > evaluate 失败 → 失败经返回值通道（不抛错、非 ok:true）；同文本重试 → 重新求值成功并可命中 0ms
     → getCompiled is not a function
   ✓ getCompiled — AC6 纯引擎、零新运行时依赖 > packages/vfsl/package.json 无运行时 dependencies（清单契约：不得新增运行时依赖） 1ms
   × getCompiled — AC6 纯引擎、零新运行时依赖 > getCompiled 是包公共导出函数（引擎公共面），可经公共入口直接调用 3ms
     → expected 'undefined' to be 'function' // Object.is equality
   × getCompiled — 边界：非法文本（语法错误）拒绝且不落缓存 > 语法错误文本（信封与文本两种形式）→ ok:false，kind:vfsl 文本通道、VFSL-E 前缀 0ms
     → getCompiled is not a function
   × getCompiled — 边界：非法文本（语法错误）拒绝且不落缓存 > 非法文本拒绝不污染缓存：其后合法文本正常编译、坏文本重复拒绝幂等 0ms
     → getCompiled is not a function

⎯⎯⎯⎯⎯⎯ Failed Tests 12 ⎯⎯⎯⎯⎯⎯⎯

 FAIL  packages/vfsl/test/docscope-getcompiled.test.ts > getCompiled — AC1 同文本同一对象引用（缓存命中可证） > 同文本两次调用（独立信封对象、不同 id）→ module/derived/容器同一对象引用，且派生正确
TypeError: getCompiled is not a function
 ❯ compiledOf packages/vfsl/test/docscope-getcompiled.test.ts:118:13
    116|  */
    117| async function compiledOf(input: unknown): Promise<CompiledResult> {
    118|   const r = getCompiled(input) as unknown;
       |             ^
    119|   if (
    120|     r !== null &&
 ❯ packages/vfsl/test/docscope-getcompiled.test.ts:193:31

⎯⎯⎯⎯⎯⎯⎯⎯⎯⎯⎯⎯⎯⎯⎯⎯⎯⎯⎯⎯⎯⎯⎯[1/12]⎯

 FAIL  packages/vfsl/test/docscope-getcompiled.test.ts > getCompiled — AC1 同文本同一对象引用（缓存命中可证） > 缓存命中不重算：注入 evaluate 失败后，同文本再次调用仍 ok、同引用，且 evaluate 未被再次调用
TypeError: getCompiled is not a function
 ❯ compiledOf packages/vfsl/test/docscope-getcompiled.test.ts:118:13
    116|  */
    117| async function compiledOf(input: unknown): Promise<CompiledResult> {
    118|   const r = getCompiled(input) as unknown;
       |             ^
    119|   if (
    120|     r !== null &&
 ❯ packages/vfsl/test/docscope-getcompiled.test.ts:207:34

⎯⎯⎯⎯⎯⎯⎯⎯⎯⎯⎯⎯⎯⎯⎯⎯⎯⎯⎯⎯⎯⎯⎯[2/12]⎯

 FAIL  packages/vfsl/test/docscope-getcompiled.test.ts > getCompiled — AC1 同文本同一对象引用（缓存命中可证） > 信封形式与文本形式（同一文本）→ 同一缓存项（键 = 文本内容哈希，非信封载体）
TypeError: getCompiled is not a function
 ❯ compiledOf packages/vfsl/test/docscope-getcompiled.test.ts:118:13
    116|  */
    117| async function compiledOf(input: unknown): Promise<CompiledResult> {
    118|   const r = getCompiled(input) as unknown;
       |             ^
    119|   if (
    120|     r !== null &&
 ❯ packages/vfsl/test/docscope-getcompiled.test.ts:223:40

⎯⎯⎯⎯⎯⎯⎯⎯⎯⎯⎯⎯⎯⎯⎯⎯⎯⎯⎯⎯⎯⎯⎯[3/12]⎯

 FAIL  packages/vfsl/test/docscope-getcompiled.test.ts > getCompiled — AC2 仅空白差异 = 不同键（内容哈希纪律） > 空白差异变体（内部空白 / 尾随换行）→ 各自独立缓存项：语义深相等、引用全异
TypeError: getCompiled is not a function
 ❯ compiledOf packages/vfsl/test/docscope-getcompiled.test.ts:118:13
    116|  */
    117| async function compiledOf(input: unknown): Promise<CompiledResult> {
    118|   const r = getCompiled(input) as unknown;
       |             ^
    119|   if (
    120|     r !== null &&
 ❯ packages/vfsl/test/docscope-getcompiled.test.ts:238:33

⎯⎯⎯⎯⎯⎯⎯⎯⎯⎯⎯⎯⎯⎯⎯⎯⎯⎯⎯⎯⎯⎯⎯[4/12]⎯

 FAIL  packages/vfsl/test/docscope-getcompiled.test.ts > getCompiled — AC2 仅空白差异 = 不同键（内容哈希纪律） > 前缀共享文本（base 是变体的真前缀）→ 不同键（全文哈希，非前缀/规范化去重）
TypeError: getCompiled is not a function
 ❯ compiledOf packages/vfsl/test/docscope-getcompiled.test.ts:118:13
    116|  */
    117| async function compiledOf(input: unknown): Promise<CompiledResult> {
    118|   const r = getCompiled(input) as unknown;
       |             ^
    119|   if (
    120|     r !== null &&
 ❯ packages/vfsl/test/docscope-getcompiled.test.ts:255:33

⎯⎯⎯⎯⎯⎯⎯⎯⎯⎯⎯⎯⎯⎯⎯⎯⎯⎯⎯⎯⎯⎯⎯[5/12]⎯

 FAIL  packages/vfsl/test/docscope-getcompiled.test.ts > getCompiled — AC3 多文本并存互不影响（隔离性） > 交错调用 A、B、A、B → 各文本内部引用稳定、跨文本互异、派生物各自对应自身文本
TypeError: getCompiled is not a function
 ❯ compiledOf packages/vfsl/test/docscope-getcompiled.test.ts:118:13
    116|  */
    117| async function compiledOf(input: unknown): Promise<CompiledResult> {
    118|   const r = getCompiled(input) as unknown;
       |             ^
    119|   if (
    120|     r !== null &&
 ❯ packages/vfsl/test/docscope-getcompiled.test.ts:270:31

⎯⎯⎯⎯⎯⎯⎯⎯⎯⎯⎯⎯⎯⎯⎯⎯⎯⎯⎯⎯⎯⎯⎯[6/12]⎯

 FAIL  packages/vfsl/test/docscope-getcompiled.test.ts > getCompiled — AC4 未知方言经 H1 通道拒绝、不产生缓存项 > 未知方言（lang 非 vfsl / version 非 1）→ ok:false，issues 与 parseSchemaEnvelope 同输入全等
TypeError: getCompiled is not a function
 ❯ compiledOf packages/vfsl/test/docscope-getcompiled.test.ts:118:13
    116|  */
    117| async function compiledOf(input: unknown): Promise<CompiledResult> {
    118|   const r = getCompiled(input) as unknown;
       |             ^
    119|   if (
    120|     r !== null &&
 ❯ packages/vfsl/test/docscope-getcompiled.test.ts:305:23

⎯⎯⎯⎯⎯⎯⎯⎯⎯⎯⎯⎯⎯⎯⎯⎯⎯⎯⎯⎯⎯⎯⎯[7/12]⎯

 FAIL  packages/vfsl/test/docscope-getcompiled.test.ts > getCompiled — AC4 未知方言经 H1 通道拒绝、不产生缓存项 > 拒绝不产生缓存项：同文本合法信封随后正常编译（拒绝未污染/未占用缓存键）
TypeError: getCompiled is not a function
 ❯ compiledOf packages/vfsl/test/docscope-getcompiled.test.ts:118:13
    116|  */
    117| async function compiledOf(input: unknown): Promise<CompiledResult> {
    118|   const r = getCompiled(input) as unknown;
       |             ^
    119|   if (
    120|     r !== null &&
 ❯ packages/vfsl/test/docscope-getcompiled.test.ts:325:28

⎯⎯⎯⎯⎯⎯⎯⎯⎯⎯⎯⎯⎯⎯⎯⎯⎯⎯⎯⎯⎯⎯⎯[8/12]⎯

 FAIL  packages/vfsl/test/docscope-getcompiled.test.ts > getCompiled — AC5 evaluate 失败不污染缓存（可重试语义） > evaluate 失败 → 失败经返回值通道（不抛错、非 ok:true）；同文本重试 → 重新求值成功并可命中
TypeError: getCompiled is not a function
 ❯ compiledOf packages/vfsl/test/docscope-getcompiled.test.ts:118:13
    116|  */
    117| async function compiledOf(input: unknown): Promise<CompiledResult> {
    118|   const r = getCompiled(input) as unknown;
       |             ^
    119|   if (
    120|     r !== null &&
 ❯ packages/vfsl/test/docscope-getcompiled.test.ts:353:26

⎯⎯⎯⎯⎯⎯⎯⎯⎯⎯⎯⎯⎯⎯⎯⎯⎯⎯⎯⎯⎯⎯⎯[9/12]⎯

 FAIL  packages/vfsl/test/docscope-getcompiled.test.ts > getCompiled — AC6 纯引擎、零新运行时依赖 > getCompiled 是包公共导出函数（引擎公共面），可经公共入口直接调用
AssertionError: expected 'undefined' to be 'function' // Object.is equality

Expected: "function"
Received: "undefined"

 ❯ packages/vfsl/test/docscope-getcompiled.test.ts:386:32
    384| 
    385|   it('getCompiled 是包公共导出函数（引擎公共面），可经公共入口直接调用', async () => {
    386|     expect(typeof getCompiled).toBe('function');
       |                                ^
    387|     const ok = expectOk(await compiledOf(TEXT_B));
    388|     expect(ok.derived).toEqual(freshDerived(TEXT_B));

⎯⎯⎯⎯⎯⎯⎯⎯⎯⎯⎯⎯⎯⎯⎯⎯⎯⎯⎯⎯⎯⎯[10/12]⎯

 FAIL  packages/vfsl/test/docscope-getcompiled.test.ts > getCompiled — 边界：非法文本（语法错误）拒绝且不落缓存 > 语法错误文本（信封与文本两种形式）→ ok:false，kind:vfsl 文本通道、VFSL-E 前缀
TypeError: getCompiled is not a function
 ❯ compiledOf packages/vfsl/test/docscope-getcompiled.test.ts:118:13
    116|  */
    117| async function compiledOf(input: unknown): Promise<CompiledResult> {
    118|   const r = getCompiled(input) as unknown;
       |             ^
    119|   if (
    120|     r !== null &&
 ❯ packages/vfsl/test/docscope-getcompiled.test.ts:399:23

⎯⎯⎯⎯⎯⎯⎯⎯⎯⎯⎯⎯⎯⎯⎯⎯⎯⎯⎯⎯⎯⎯[11/12]⎯

 FAIL  packages/vfsl/test/docscope-getcompiled.test.ts > getCompiled — 边界：非法文本（语法错误）拒绝且不落缓存 > 非法文本拒绝不污染缓存：其后合法文本正常编译、坏文本重复拒绝幂等
TypeError: getCompiled is not a function
 ❯ compiledOf packages/vfsl/test/docscope-getcompiled.test.ts:118:13
    116|  */
    117| async function compiledOf(input: unknown): Promise<CompiledResult> {
    118|   const r = getCompiled(input) as unknown;
       |             ^
    119|   if (
    120|     r !== null &&
 ❯ packages/vfsl/test/docscope-getcompiled.test.ts:410:24

⎯⎯⎯⎯⎯⎯⎯⎯⎯⎯⎯⎯⎯⎯⎯⎯⎯⎯⎯⎯⎯⎯[12/12]⎯


 Test Files  1 failed (1)
      Tests  12 failed | 1 passed (13)
Type Errors  no errors
   Start at  16:52:37
   Duration  477ms (transform 226ms, setup 0ms, collect 277ms, tests 12ms, environment 0ms, prepare 74ms)

