# issue #239 复现原始证据日志

## 环境
- worktree: mabf/issue-239 @ 9e3f0bf（复现测试与 driver seam 为本 worktree 未提交工作区改动）
- date: 2026-09-06T16:37:48Z
- 命令: pnpm exec vitest run packages/ws-replication/test/ws-replication-issue239-repro.test.ts --reporter=verbose

## 单次 verbose 运行（完整 stdout）
```
Testing types with tsc and vue-tsc is an experimental feature.
Breaking changes might not follow SemVer, please pin Vitest's version when using it.

 RUN  v3.2.7 /home/wangjian/nomicore-fix-issue-239

stdout | packages/ws-replication/test/ws-replication-issue239-repro.test.ts > issue #239：periodic reconciliation 语义 no-op 不可观测 > 场景 1：已收敛副本 7 轮 periodic round —— state vector 不变但 bytes 恒非零、无语义字段
[issue239 repro] no-op round 1: hub sent/applied = [10]/[10] B, peer sent/applied = [10]/[10] B

stdout | packages/ws-replication/test/ws-replication-issue239-repro.test.ts > issue #239：periodic reconciliation 语义 no-op 不可观测 > 场景 1：已收敛副本 7 轮 periodic round —— state vector 不变但 bytes 恒非零、无语义字段
[issue239 repro] no-op round 2: hub sent/applied = [10]/[10] B, peer sent/applied = [10]/[10] B

stdout | packages/ws-replication/test/ws-replication-issue239-repro.test.ts > issue #239：periodic reconciliation 语义 no-op 不可观测 > 场景 1：已收敛副本 7 轮 periodic round —— state vector 不变但 bytes 恒非零、无语义字段
[issue239 repro] no-op round 3: hub sent/applied = [10]/[10] B, peer sent/applied = [10]/[10] B

stdout | packages/ws-replication/test/ws-replication-issue239-repro.test.ts > issue #239：periodic reconciliation 语义 no-op 不可观测 > 场景 1：已收敛副本 7 轮 periodic round —— state vector 不变但 bytes 恒非零、无语义字段
[issue239 repro] no-op round 4: hub sent/applied = [10]/[10] B, peer sent/applied = [10]/[10] B

stdout | packages/ws-replication/test/ws-replication-issue239-repro.test.ts > issue #239：periodic reconciliation 语义 no-op 不可观测 > 场景 1：已收敛副本 7 轮 periodic round —— state vector 不变但 bytes 恒非零、无语义字段
[issue239 repro] no-op round 5: hub sent/applied = [10]/[10] B, peer sent/applied = [10]/[10] B

stdout | packages/ws-replication/test/ws-replication-issue239-repro.test.ts > issue #239：periodic reconciliation 语义 no-op 不可观测 > 场景 1：已收敛副本 7 轮 periodic round —— state vector 不变但 bytes 恒非零、无语义字段
[issue239 repro] no-op round 6: hub sent/applied = [10]/[10] B, peer sent/applied = [10]/[10] B

stdout | packages/ws-replication/test/ws-replication-issue239-repro.test.ts > issue #239：periodic reconciliation 语义 no-op 不可观测 > 场景 1：已收敛副本 7 轮 periodic round —— state vector 不变但 bytes 恒非零、无语义字段
[issue239 repro] no-op round 7: hub sent/applied = [10]/[10] B, peer sent/applied = [10]/[10] B
[issue239 repro] no-op 事件字段形状（去重）: ["connectionId,from,side,to,type","connectionId,from,namespaceId,side,to,type","bytes,connectionId,namespaceId,side,type","from,side,to,type"]

 ✓ packages/ws-replication/test/ws-replication-issue239-repro.test.ts > issue #239：periodic reconciliation 语义 no-op 不可观测 > 场景 1：已收敛副本 7 轮 periodic round —— state vector 不变但 bytes 恒非零、无语义字段 191ms
stdout | packages/ws-replication/test/ws-replication-issue239-repro.test.ts > issue #239：periodic reconciliation 语义 no-op 不可观测 > 场景 2：静默漂移修复 round —— changed round 事件形状与 no-op 完全相同（仅 bytes）
[issue239 repro] drift-repair round: hub sent/applied = [36]/[10] B, peer sent/applied = [10]/[36] B
[issue239 repro] changed 事件字段形状（去重）: ["bytes,connectionId,namespaceId,side,type","connectionId,from,namespaceId,side,to,type"]

 ✓ packages/ws-replication/test/ws-replication-issue239-repro.test.ts > issue #239：periodic reconciliation 语义 no-op 不可观测 > 场景 2：静默漂移修复 round —— changed round 事件形状与 no-op 完全相同（仅 bytes） 31ms

 Test Files  1 passed (1)
      Tests  2 passed (2)
Type Errors  no errors
   Start at  00:37:50
   Duration  4.14s (transform 1.93s, setup 0ms, collect 2.57s, tests 224ms, environment 0ms, prepare 256ms)

```

## 稳定性：连续 20 次运行
```
STABILITY RESULT: PASS=20/20 FAIL=0（每次运行 2 tests passed，共 40/40；grep -c "2 passed" = 20）
     20  Test Files  1 passed (1)
     20       Tests  2 passed (2)
```
