Testing types with tsc and vue-tsc is an experimental feature.
Breaking changes might not follow SemVer, please pin Vitest's version when using it.

 RUN  v3.2.7 /home/wangjian/nomicore-fix-issue-270

stdout | apps/yjs-server/test/host-namespace-delete-sa7-dynamic.test.ts > issue #228 — SA7 动态验证：delete-namespace 并发/故障注入/重启/停机/peer 面 > SA7-重点9 SIGTERM 竞态：删除中 SIGTERM → 有界停机 exit 0；重启健康（新 id）；若删除回执先于退出到达则旧树 absent（ack 语义成立）
[SA7-DV] 重点9 round 0（+30ms）：exit=0；回执先于退出=true（{"event":"reply","op":"delete-namespace","id":"sa7-228-dyn-12","ok":true}）；退出耗时=5588ms

stdout | apps/yjs-server/test/host-namespace-delete-sa7-dynamic.test.ts > issue #228 — SA7 动态验证：delete-namespace 并发/故障注入/重启/停机/peer 面 > SA7-重点9 SIGTERM 竞态：删除中 SIGTERM → 有界停机 exit 0；重启健康（新 id）；若删除回执先于退出到达则旧树 absent（ack 语义成立）
[SA7-DV] 重点9 round 1（+80ms）：exit=0；回执先于退出=true（{"event":"reply","op":"delete-namespace","id":"sa7-228-dyn-13","ok":true}）；退出耗时=5572ms

stdout | apps/yjs-server/test/host-namespace-delete-sa7-dynamic.test.ts > issue #228 — SA7 动态验证：delete-namespace 并发/故障注入/重启/停机/peer 面 > SA7-重点9 SIGTERM 竞态：删除中 SIGTERM → 有界停机 exit 0；重启健康（新 id）；若删除回执先于退出到达则旧树 absent（ack 语义成立）
[SA7-DV] 重点9 round 2（+150ms）：exit=0；回执先于退出=true（{"event":"reply","op":"delete-namespace","id":"sa7-228-dyn-14","ok":true}）；退出耗时=5575ms

 ✓ apps/yjs-server/test/host-namespace-delete-sa7-dynamic.test.ts (7 tests) 84161ms
   ✓ issue #228 — SA7 动态验证：delete-namespace 并发/故障注入/重启/停机/peer 面 > SA7-重点3 G4 并发单飞：同 nsId 并发 delete ×5（stdin 多行不互相等待）→ 全部诚实终态 ok:true、终态清洁、进程存活、后续 op 正常应答  6055ms
   ✓ issue #228 — SA7 动态验证：delete-namespace 并发/故障注入/重启/停机/peer 面 > SA7-重点4 F5 注入（日志目录只读）：回执 {ok:false,code:"log-delete-failed",step:"marker",errno:"EACCES"} 值域透传；数据段已完成（快照 absent）；同进程 chmod 恢复后重试收敛 ok:true  6074ms
   ✓ issue #228 — SA7 动态验证：delete-namespace 并发/故障注入/重启/停机/peer 面 > SA7-重点5 F3 注入（数据目录只读）：回执 {ok:false,code:"delete-namespace-failed"}；数据未删（快照仍在）、日志未动；重试（tombstone 二删）收敛 ok:true 且全清  6584ms
   ✓ issue #228 — SA7 动态验证：delete-namespace 并发/故障注入/重启/停机/peer 面 > SA7-重点8 M4（marker 半态 × 重启 provision）：streams 只读 → log-delete-failed{step:"stream"} 且 deletion.json marker 落盘；重启 provision → 新 CSPRNG id 新流健康，无 stream-init-failed{reason:"namespace-log-deleted"}（marker 门不适用于新 id）  13393ms
   ✓ issue #228 — SA7 动态验证：delete-namespace 并发/故障注入/重启/停机/peer 面 > SA7-重点9 SIGTERM 竞态：删除中 SIGTERM → 有界停机 exit 0；重启健康（新 id）；若删除回执先于退出到达则旧树 absent（ack 语义成立）  30067ms
   ✓ issue #228 — SA7 动态验证：delete-namespace 并发/故障注入/重启/停机/peer 面 > SA7-重点2b 删除后重连拒绝：delete ack 后新 peer 以同 target 重连 → authorize 被拒（channel 永不 live）、hub 数据/日志保持 absent、hub 健康  14112ms
   ✓ issue #228 — SA7 动态验证：delete-namespace 并发/故障注入/重启/停机/peer 面 > SA7-重点10 peer 面：peer 发 delete-namespace → {ok:false,code:"unknown-op"}；之后 status 正常应答（进程继续可用）；hub 侧非法参数后后续 op 正常  7876ms
 ✓ apps/yjs-server/test/diagnostic-replay-host-lifecycle-red.test.ts (22 tests) 47334ms
   ✓ issue #155 — Host 生命周期 E2E（AC1/AC3/AC6） > E1 启用从 namespace 创建起：provision create → genesis-baseline + create/replication-enable 记录落地，策略不进数据面与 snapshot  7504ms
   ✓ issue #155 — Host 生命周期 E2E（AC1/AC3/AC6） > E2 ROOT/SCHEMA 变更链记录：verify-write 与 replace-schema 产生 committed 记录且 sequence 连续  7725ms
   ✓ issue #155 — Host 生命周期 E2E（AC1/AC3/AC6） > E3 Host 停机有界且日志完好：SIGTERM 干净退出（30s 界），停机后日志 strict 一致  7435ms
   ✓ issue #155 — Host 生命周期 E2E（AC1/AC3/AC6） > E4 日志故障隔离：diagnostics.rootDir 指向普通文件（stream init 失败）→ 业务不受影响（provision/read 照常）  7469ms
   ✓ issue #155 — Host 生命周期 E2E（AC1/AC3/AC6） > E5 hub 重启（多 Runtime generation）延续同一 stream；peer 不启用（Hub/Peer 独立本地旁路）且复制数据面无策略  17074ms
stdout | apps/yjs-server/test/phase5-mgmt-verbs-sa7.test.ts > Phase-5 SA7 补充：bump-epoch 回执值正确性 + fence 检出延迟实测 > 回执 replicationEpoch=2 与权威代际交叉验证；fence 事件时延记录（<30s 契约余量）
[SA7] fence detection latency: peer-1=9564ms peer-2=300ms (contract upper bound ackTimeoutMs=10s, assert <30s)

stdout | apps/yjs-server/test/phase5-mgmt-verbs-sa7.test.ts > Phase-5 SA7 补充：file 适配器 reset-replica 全周期 > reset ok + replica-reset 事件 + archive 落盘 + 进程内重引导收敛 + 崩溃重启恢复收敛
[SA7] file reset 后崩溃重启恢复路径: reconcile/sync（本地副本在档）

 ✓ apps/yjs-server/test/phase5-mgmt-verbs-sa7.test.ts (5 tests) 38583ms
   ✓ Phase-5 SA7 补充：bump-epoch 回执值正确性 + fence 检出延迟实测 > 回执 replicationEpoch=2 与权威代际交叉验证；fence 事件时延记录（<30s 契约余量）  11188ms
   ✓ Phase-5 SA7 补充：replace-schema 额外键响亮拒绝 + SCHEMA 未变 + 干净重提传播 > 5 键信封 → write-failed；旧 schema 写行为/读数不变；四键重提 ok；hub 写新字段收敛  1471ms
   ✓ Phase-5 SA7 补充：file 适配器 reset-replica 全周期 > reset ok + replica-reset 事件 + archive 落盘 + 进程内重引导收敛 + 崩溃重启恢复收敛  3923ms
   ✓ Phase-5 SA7 F1 回归锁：两轮 bump→fence→reset 运维循环的第二轮重引导 > 第二次成功 reset-replica 后重引导收敛；文档化恢复入口 add-target 有效  11134ms
   ✓ Phase-5 SA7 O-R3-1：终态通道（conflicted）+ peerOwners 在册 → add-target 放行 → target-added + 重建 > fence 终态下 add-target 不被幂等集短路：target-added 事件 + 通道离开终态 + 重建后 reset 收敛  10866ms
 ✓ apps/yjs-server/test/stdin-error-chain-red.test.ts (4 tests) 34965ms
   ✓ T7 stdin error chain + F1 verify-write bounded materialization wait (design §5-T7 / SA7 §2.5) > error chain: malformed-line / unknown-op / namespace-unknown; verify-write on a never-live known ns waits to the bounded deadline then verify-write-timeout (never a ~50ms write-failed)  7347ms
   ✓ T7 stdin error chain + F1 verify-write bounded materialization wait (design §5-T7 / SA7 §2.5) > F1 race: verify-write fired immediately after peer ready (zero settle) converges for a live namespace — fresh peer per round, concurrent burst  7363ms
   ✓ T7 stdin error chain + F1 verify-write bounded materialization wait (design §5-T7 / SA7 §2.5) > F1 race (deterministic window): verify-write issued while the hub is down stays in bounded wait (zero fast replies), then converges once the hub restarts  13828ms
   ✓ T7 stdin error chain + F1 verify-write bounded materialization wait (design §5-T7 / SA7 §2.5) > F1 race under load: verify-write fired immediately after peer ready while CPU burners contend — must converge, not fast write-failed (SA7 loaded repro shape)  6427ms
 ✓ apps/yjs-server/test/host-namespace-delete-diagnostic-link-red.test.ts (4 tests) 31615ms
   ✓ issue #228 — Host namespace 数据删除 ⇄ 诊断日志逻辑删除联动（AC1；PROPOSAL op `delete-namespace`） > D1 同步联动：delete-namespace ack(ok:true) 后同一周期内数据快照与诊断日志（locator/manifests/JSONL/BIN/marker/indexes 所在目录树）逻辑删除完成，进程干净停机  5991ms
   ✓ issue #228 — Host namespace 数据删除 ⇄ 诊断日志逻辑删除联动（AC1；PROPOSAL op `delete-namespace`） > D2 幂等收敛：已删除 namespace 二次 delete-namespace 仍回执 ok:true（重入无失败、目录保持 absent）  6252ms
   ✓ issue #228 — Host namespace 数据删除 ⇄ 诊断日志逻辑删除联动（AC1；PROPOSAL op `delete-namespace`） > D3 参数门：非法 namespaceId → ok:false/code:invalid-op-args，进程不退出  5976ms
   ✓ issue #228 — Host namespace 数据删除 ⇄ 诊断日志逻辑删除联动（AC1；PROPOSAL op `delete-namespace`） > D4 重启不复活已删流：delete ack 后进程重启健康 ready；重启重建（provision 语义）只产生全新 generation——已删旧 stream/快照绝不复活（无 stale 复活、无 deletion marker 残留面）  13395ms
 ✓ apps/yjs-server/test/smoke-skeleton-red.test.ts (4 tests) 31152ms
   ✓ T3-skeleton real-process smoke (design §5-T3 minimized / AC7/AC2) > deployable hub rejects missing and invalid bearer credentials before WebSocket upgrade  5956ms
   ✓ T3-skeleton real-process smoke (design §5-T3 minimized / AC7/AC2) > hub emits provisioned→listening(actual port)→ready; peer authenticates static target; verify-write converges to hub read; SIGTERM exits 0  6624ms
   ✓ T3-skeleton real-process smoke (design §5-T3 minimized / AC7/AC2) > clean shutdown releases the rootDir lock: same rootDir restarts and reads back the durable value  12349ms
   ✓ T3-skeleton real-process smoke (design §5-T3 minimized / AC7/AC2) > a second instance sharing an active file root is rejected loudly (lock guard, AC2)  6222ms
 ✓ apps/yjs-server/test/phase5-three-instance-acceptance-red.test.ts (6 tests) 25947ms
   ✓ Phase-5 close AC1/AC6 已交付验收（三实例收敛 / crash recovery 回归锁） > AC1（MemoryPersistence）：hub+p1+p2 并发 ROOT 写 → 三处收敛（独立 rootDir）  1171ms
   ✓ Phase-5 close AC1/AC6 已交付验收（三实例收敛 / crash recovery 回归锁） > AC1（FilePersistence）：hub+p1+p2 并发 ROOT 写 → 三处收敛（独立 rootDir）  1489ms
   ✓ Phase-5 close AC1/AC6 已交付验收（三实例收敛 / crash recovery 回归锁） > AC6（FilePersistence）：peer-2 崩溃（SIGKILL 真实 app pid）→ hub 期间写入 → 同 rootDir 重启 → 收敛  4141ms
   ✓ Phase-5 close AC3 红灯锚（hub SCHEMA 传播 / epoch fencing / guarded reset 管理面） > AC3-①: hub 合法 SCHEMA 替换单向传播到双 peer（replace-schema 动词）  1520ms
   ✓ Phase-5 close AC3 红灯锚（hub SCHEMA 传播 / epoch fencing / guarded reset 管理面） > AC3-②: hub bump-epoch → 双 peer channel 立即 identity-conflicted（epoch fencing）  16362ms
   ✓ Phase-5 close AC3 红灯锚（hub SCHEMA 传播 / epoch fencing / guarded reset 管理面） > AC3-③: 受控 reset-replica —— 错误 expected identity 稳定拒绝零破坏；正确 identity 归档重引导后收敛  1262ms
 ✓ apps/yjs-server/test/host-namespace-delete-under-replication.test.ts (1 test) 23544ms
   ✓ issue #228 — T-H5 删除×复制：活跃 peer channel（trusted 复制中）发起 delete-namespace（AD-7/R-2 行为锚） > hub 与 peer channel 达 live 且双向收敛后 delete → ack ok 且数据/日志全清；channel 失败收口（hub 事件终态、进程不崩）；重试/收口窗口内无快照复活、无日志重建；hub 健康直至干净停机  23543ms
 ✓ apps/yjs-server/test/hub-restart-static-target-red.test.ts (1 test) 18538ms
   ✓ issue #229：Hub 正常重启后 Peer 自动恢复静态 target > live → Hub SIGTERM → Peer 保持运行并 backoff → 同 endpoint 重启 → 自动 live 且收敛断线期 Hub 写  18538ms
 ✓ apps/yjs-server/test/host-diagnostic-retention-sweep.test.ts (1 test) 15255ms
   ✓ issue #228 — T-H7 retention 透传：config retention → 构造期 sweep：关闭段（前代 generation）被删、open group 不删（AC2 retention host 级锚） > boot1（provision + 写）干净停机 → 预置前代旧流（真记录拷贝、observedAt 远古化）→ boot2（同根、直引恢复 + retention）续写触发 sweepOnOpen：retention-swept{deletedGroups≥1} 事件、旧流组文件消失、当前流 strict 全绿且 sequence 连续（开组零损伤）、业务读写照常  15254ms
 ✓ apps/yjs-server/test/host-diagnostic-restart-resume.test.ts (1 test) 15200ms
   ✓ issue #228 — T-H6 重启续写：正常重启（无删除）→ current.json 续写同一 stream、记录 sequence 连续（AC2 restart 正向 host 级锚） > boot1（provision + 写）干净停机 → boot2（同根、直引恢复）再写：streamId 不变、恰一流、sequence 1..N 跨 boot 连续、数据恢复一致、strict 全绿  15199ms
 ✓ apps/yjs-server/test/root-lock-atomic-publication.test.ts (9 tests) 11692ms
   ✓ root lock atomic publication > T6: L1/L2 preset roots under 12 real contenders + 2 burners yield exactly one live owner per shape  1060ms
   ✓ root lock atomic publication > T7a: a live claim holder fails acquisition loudly after the wait budget without seizing the gate  5002ms
   ✓ root lock atomic publication > T7c: claim occupancy turnover resets the wait accounting — legal contention always succeeds  5624ms
 ✓ apps/yjs-server/test/rest-hosting-behavior.test.ts (4 tests) 10060ms
   ✓ issue #270 rest-hosting 行为（SA3） > 例 2（D4）：drain 预算尽时 abort 已接纳请求——有界停机 + 客户端传输层失败 + app-stopped 恰一次  10008ms
 ✓ apps/yjs-server/test/host-trusted-replication-diagnostics.test.ts (1 test) 8394ms
   ✓ issue #228 — T-H8 trusted+diag：hub 与 peer 双侧 diagnostics，peer 可信 apply 落 committed 记录，strict replay complete 且与数据一致（AC2 trusted replication host 级锚） > hub 写 → peer trusted 复制收敛：peer 本地诊断流含 committed attempt 记录、strict 读全绿（sequence 连续）；hub 流对 peer 远端写同样落 committed 记录；双侧日志与数据一致  8393ms
 ✓ apps/yjs-server/test/issue164-slice9-red.test.ts (10 tests) 7526ms
   ✓ issue #164 切片 9：apps/yjs-server 组合根（真实 WebSocket） > FS7 namespace 权限接线：未经授权 namespace → NAMESPACE_UNAUTHORIZED（连接不杀）  324ms
   ✓ issue #164 切片 9：apps/yjs-server 组合根（真实 WebSocket） > FS8 活性链路：hub 经真实 adapter 发送 WS ping；回 pong 连接保持（G5.1）  4008ms
   ✓ issue #164 切片 9：apps/yjs-server 组合根（真实 WebSocket） > FS9 活性链路反向：不回 pong → hub 以 pong-timeout 收口（onPong 面真实接线）  3012ms
 ✓ apps/yjs-server/test/root-lock-stale-reclaim-race-stress.test.ts (3 tests) 3902ms
   ✓ root lock stale-reclaim race — single live owner under loaded real-process contention > real-process stale reclaim over 6 loaded rounds: exactly one live owner per round (the CI red assertion — "expected acquired to have a length of 1 but got 2" — per round)  3607ms
stdout | apps/yjs-server/test/diagnostic-replay-host-lifecycle-sa7.test.ts > SA7 动态重点 1 — C1 并发 create 交错（数据键控归因，跨 namespace 误归因不可达） > Promise.all([create A(挂 gate), create B(createDoc 注入 OperationalError)])：B 以 NS_B 归属落自己的流（attempt transaction/NAMESPACE_CREATE_FAILED/rejected、目录存在）；全程零 unattributed 丢弃；A 流干净（genesis+#17、无 B marker、replay complete/issues=[]）
[SA7-DV] C1 并发交错：A 流 2 条记录（genesis+#17）；B 流 1 条（NS_B 归属 attempt）；sink 事件 [{"event":"diagnostic-log","namespaceId":"ns-00000000000000000000000000000001","type":"retention-swept","deletedGroups":0,"reclaimedBytes":0,"orphanBinsDeleted":0,"deletingMarkersCompleted":0,"leaseBlockedGroups":0,"failedSteps":0}]

stdout | apps/yjs-server/test/diagnostic-replay-host-lifecycle-sa7.test.ts > SA7 动态重点 3 — issues 镜像双份运行时复核（保守方向：只多不少，不影响三态） > 中段两行垃圾：invalid-json 恰 3 份（镜像 2 + 停止点 1）、partial、lastAppliedSequence 停在停止点前、snapshot 仍在
[SA7-DV] §六(a) 镜像双份实测：issues=[{"code":"invalid-json"},{"code":"invalid-json"},{"code":"invalid-json"}] status=partial

stdout | apps/yjs-server/test/diagnostic-replay-host-lifecycle-sa7.test.ts > SA7 动态重点 4 — fatal-committed effect:unknown 完整性不可证（#227 AC3：update-unknown + break、不推进） > 健康链中段含 fatal-unknown 记录：partial、issues=[update-unknown]、lastAppliedSequence 停在 fatal-unknown 之前、快照复现前缀态
[SA7-DV] #227 重点 4 改写后语义实测：status=partial issues=[{"code":"update-unknown"}] lastSeq=2

stdout | apps/yjs-server/test/diagnostic-replay-host-lifecycle-sa7.test.ts > SA7 动态重点 5 — D8 健康事件面 + D1 无泛滥（enabled 态进程级 NDJSON 摘录） > 启用态全生命周期：provision→write→SIGTERM exit 0；停机恰一次 diagnostics-closed；健康运行零 emission-dropped；数据通道记录落地
[SA7-DV] D8 enabled 态全生命周期 diagnostic* NDJSON 事件流：[{"event":"diagnostic-log","namespaceId":"ns-1fc3f80f50b899765d39b1cc263e4778","type":"retention-swept","deletedGroups":0,"reclaimedBytes":0,"orphanBinsDeleted":0,"deletingMarkersCompleted":0,"leaseBlockedGroups":0,"failedSteps":0},{"event":"diagnostics-closed"}]

 ✓ apps/yjs-server/test/diagnostic-replay-host-lifecycle-sa7.test.ts (6 tests) 6084ms
   ✓ SA7 动态重点 5 — D8 健康事件面 + D1 无泛滥（enabled 态进程级 NDJSON 摘录） > 启用态全生命周期：provision→write→SIGTERM exit 0；停机恰一次 diagnostics-closed；健康运行零 emission-dropped；数据通道记录落地  5992ms
 ✓ apps/yjs-server/test/issue164-sa7-dynamic.test.ts (6 tests) 1196ms
   ✓ issue #164 SA7 动态验证：SA4 §5 动态审核重点 > DV2（A1）：无 alert + 缺面 transportFactory → uncaughtException 捕获 TypeError(含 bufferedAmount)，unhandledRejection 零触达，零 HELLO_ACK + 1011 收口  640ms
   ✓ issue #164 SA7 动态验证：SA4 §5 动态审核重点 > DV3（A2）：永不 resolve 的 verifier → helloTimeoutMs + slack 内 503 Auth Timeout（pre-auth 封顶），服务存活  307ms
 ✓ apps/yjs-server/test/issue270-server-integration-red.test.ts (4 tests) 1171ms
   ✓ issue #270 AC3 — 有序停止（intake → settle → Lease/Session → Registry/Persistence） > T3：停止 intake 后已接纳 REST create 完成、新请求不再被接纳、WS Session 1001 关闭、Registry/Persistence 有序停止  1076ms
 ✓ apps/yjs-server/test/issue270-regression-anchors.test.ts (3 tests) 759ms
   ✓ issue #270 回归锚（contract must not break） > N2（SA8 A3）：诊断启用 + file persistence 下 stop() 有界且单一拆卸链  525ms
 ✓ apps/yjs-server/test/root-lock-atomic-reclaim-red.test.ts (7 tests) 792ms
   ✓ root lock atomic ownership > real-process stale reclaim race has exactly one live owner  668ms
 ✓ apps/yjs-server/test/lifecycle-watchdog-red.test.ts (1 test) 412ms
   ✓ B2: total-timeout watchdog vs configured dirty-flush drain window (SA4 §R-B2) > boot rejects maxDirtyMs above the stop-watchdog budget loudly (config-error + exit 1, never a watchdog-killed flush)  411ms
 ✓ apps/yjs-server/test/ordered-shutdown-red.test.ts (2 tests) 305ms
 ✓ apps/yjs-server/test/diagnostic-replay-lease-completeness-red.test.ts (18 tests) 249ms
 ✓ apps/yjs-server/test/app-config-red.test.ts (23 tests) 248ms
 ✓ apps/yjs-server/test/ws-server-upgrade-admission.test.ts (3 tests) 142ms
 ✓ apps/yjs-server/test/host-diagnostics-retirement-sa7-228.test.ts (2 tests) 131ms
 ✓ apps/yjs-server/test/ws-replication-issue190-sa7-real-transport.test.ts (3 tests) 100ms
 ✓ apps/yjs-server/test/third-party-composition-red.test.ts (3 tests) 119ms
 ✓ apps/yjs-server/test/node-hub-peer-live.test.ts (1 test) 78ms
 ✓ apps/yjs-server/test/issue164-transport-faces-red.test.ts (3 tests) 31ms
 ✓ apps/yjs-server/test/ws-transport-liveness.test.ts (3 tests) 20ms
 ✓ apps/yjs-server/test/shutdown-watchdog.test.ts (2 tests) 4ms

 Test Files  33 passed (33)
      Tests  173 passed (173)
Type Errors  no errors
   Start at  09:42:30
   Duration  428.52s (transform 928ms, setup 0ms, collect 4.37s, tests 419.71s, environment 4ms, prepare 1.42s)

exit=0
