==== SA7 final verification runs — issue #242 (dispatch sa-958585a4, 2026-09-08) ====
==== Host worktree: /home/wangjian/nomicore-fix-issue-242 @ cde0d4989d0b9888e00f2c9aa140d62503b00663 ====

=== P1-package-vitest-typecheck ===
CMD: NODE_OPTIONS=--conditions=nomicore-source pnpm exec vitest run --typecheck packages/replication-protocol
Testing types with tsc and vue-tsc is an experimental feature.
Breaking changes might not follow SemVer, please pin Vitest's version when using it.

 RUN  v3.2.7 /home/wangjian/nomicore-fix-issue-242

 ✓ packages/replication-protocol/test/codec-issue242-ac-red.test.ts (28 tests) 52ms
 ✓ packages/replication-protocol/test/codec-roundtrip-truncation.test.ts (8 tests) 291ms
 ✓ packages/replication-protocol/test/codec-fuzz-property.test.ts (5 tests) 489ms
 ✓ packages/replication-protocol/test/codec-version-interop.test.ts (25 tests) 80ms
 ✓ packages/replication-protocol/test/codec-messages-golden.test.ts (27 tests) 62ms
 ✓ packages/replication-protocol/test/codec-malformed.test.ts (37 tests) 55ms
 ✓ packages/replication-protocol/test/codec-envelope.test.ts (13 tests) 19ms
 ✓ packages/replication-protocol/test/codec-registries.test.ts (13 tests) 43ms
 ✓ packages/replication-protocol/test/codec-package-contract.test.ts (5 tests) 29ms
 ✓  TS  packages/replication-protocol/test/codec-api.test-d.ts (8 tests)

 Test Files  10 passed (10)
      Tests  169 passed (169)
Type Errors  no errors
   Start at  14:32:37
   Duration  4.37s (transform 565ms, setup 0ms, collect 2.23s, tests 1.12s, environment 1ms, prepare 1.76s, typecheck 4.21s)

EXIT: 0
=== P2-package-tsc ===
CMD: pnpm exec tsc -p packages/replication-protocol/tsconfig.json
EXIT: 0
=== P3-root-typecheck ===
CMD: pnpm typecheck

> nomicore@0.1.0 typecheck /home/wangjian/nomicore-fix-issue-242
> tsc -p packages/vfsl/tsconfig.json && tsc -p packages/vfsl-protocol/tsconfig.json && tsc -p packages/vfsl-codegen/tsconfig.json && tsc -p packages/persistence/tsconfig.json && tsc -p packages/dsh-persistence/tsconfig.json && tsc -p packages/doc-runtime/tsconfig.json && tsc -p packages/namespace-runtime/tsconfig.json && tsc -p packages/clock/tsconfig.json && tsc -p packages/instance/tsconfig.json && tsc -p packages/namespace-registry/tsconfig.json && tsc -p packages/replication-protocol/tsconfig.json && tsc -p packages/ws-replication/tsconfig.json && tsc -p apps/yjs-server/tsconfig.json

EXIT: 0
=== P4-root-test ===
CMD: pnpm test

> nomicore@0.1.0 test /home/wangjian/nomicore-fix-issue-242
> NODE_OPTIONS=--conditions=nomicore-source vitest run --typecheck

Testing types with tsc and vue-tsc is an experimental feature.
Breaking changes might not follow SemVer, please pin Vitest's version when using it.

 RUN  v3.2.7 /home/wangjian/nomicore-fix-issue-242

 ✓  TS  domains/vfs3-assets/test/vfs3-assets-migration.test-d.ts (6 tests)
 ✓  TS  domains/vfs3-assets/test/vfs3-assets-projection.test-d.ts (19 tests)
 ✓  TS  packages/clock/test/clock-contract.test-d.ts (7 tests)
 ✓  TS  packages/doc-runtime/test/public-surface-type-guard.test-d.ts (2 tests)
 ✓  TS  packages/doc-runtime/test/read-logical-value-at-path-schema-independent.test-d.ts (4 tests)
 ✓  TS  packages/instance/test/instance.test-d.ts (1 test)
 ✓  TS  packages/namespace-registry/test/registry-data-interface.test-d.ts (1 test)
 ✓  TS  packages/namespace-registry/test/registry-phase5-bootstrap-reset-r2-surface.test-d.ts (4 tests)
 ✓  TS  packages/namespace-registry/test/registry-phase5-bootstrap-reset-surface.test-d.ts (4 tests)
 ✓  TS  packages/namespace-registry/test/registry-phase5-identity-surface.test-d.ts (5 tests)
 ✓  TS  packages/namespace-registry/test/registry-phase5-replication-session-surface.test-d.ts (5 tests)
 ✓  TS  packages/namespace-registry/test/registry-phase5-replication-surface.test-d.ts (6 tests)
 ✓  TS  packages/namespace-runtime/test/runtime-close-lifecycle-type-guard.test-d.ts (3 tests)
 ✓  TS  packages/namespace-runtime/test/runtime-data-interface.test-d.ts (2 tests)
 ✓  TS  packages/namespace-runtime/test/runtime-registry-internal-type-guard.test-d.ts (3 tests)
 ✓  TS  packages/namespace-runtime/test/runtime-replace-schema-type-guard.test-d.ts (1 test)
 ✓  TS  packages/persistence/test/persistence-phase5-archive-surface.test-d.ts (4 tests)
 ✓  TS  packages/replication-protocol/test/codec-api.test-d.ts (8 tests)
 ✓  TS  packages/vfsl-codegen/test/generate-discriminated-narrow.test-d.ts (6 tests)
 ✓  TS  packages/vfsl-protocol/test/vfsl-protocol-empty-fail-closed.test-d.ts (3 tests)
 ✓  TS  packages/vfsl-protocol/test/vfsl-protocol-projection.test-d.ts (16 tests)
 ✓  TS  packages/ws-replication/test/ws-replication-api.test-d.ts (16 tests)
stdout | apps/yjs-server/test/phase5-mgmt-verbs-sa7.test.ts > Phase-5 SA7 补充：bump-epoch 回执值正确性 + fence 检出延迟实测 > 回执 replicationEpoch=2 与权威代际交叉验证；fence 事件时延记录（<30s 契约余量）
[SA7] fence detection latency: peer-1=8518ms peer-2=1359ms (contract upper bound ackTimeoutMs=10s, assert <30s)

stdout | apps/yjs-server/test/phase5-mgmt-verbs-sa7.test.ts > Phase-5 SA7 补充：file 适配器 reset-replica 全周期 > reset ok + replica-reset 事件 + archive 落盘 + 进程内重引导收敛 + 崩溃重启恢复收敛
[SA7] file reset 后崩溃重启恢复路径: reconcile/sync（本地副本在档）

 ✓ packages/vfsl/test/validate-snapshot-sa7.test.ts (14 tests) 30297ms
   ✓ SA7 补充：四类 pattern loud 消息逐一触发（设计 §6.5；此前仅两类被间接覆盖） > 匹配步数预算耗尽：(?=.*;)z × 5000 码元 → 4M 钳制 loud（「无法判定」，非「不匹配」）  606ms
   ✓ SA7 补充：全局工作预算 WorkBudgetExceeded（设计 §3.4——首次动态触发的持久锚定） > 预算内照常完成（WORK_LIMIT 是上界不是配额）：100k 键 × 120 成员联合 → 101 条截断输出  5929ms
   ✓ SA7 补充：全局工作预算 WorkBudgetExceeded（设计 §3.4——首次动态触发的持久锚定） > 超预算 loud fail-closed：900k 键 × 120 成员联合（≈2.2×10⁸ 单位 > 2×10⁸）→ 单条预算耗尽 issue  22390ms
   ✓ SA7 补充：崩溃边界 E100 收编（设计 §10 R3——RangeError 触发面） > 深 ref 链（解析后深度 3×10⁴，表达式嵌套每层=2）× 等深快照 → RangeError 收编为单条 E100  639ms
   ✓ SA7 补充：SA2 R2-1 前瞻攻击构造回归锚（设计 §6.4 包络表 202 行） > lookMemo 稀疏物化：200 条空前瞻 × 10⁷ 码元 → 4M 钳制 loud，无 GB 级内存面（毫秒级返回）  413ms
 ✓ apps/yjs-server/test/stdin-error-chain-red.test.ts (4 tests) 41497ms
   ✓ T7 stdin error chain + F1 verify-write bounded materialization wait (design §5-T7 / SA7 §2.5) > error chain: malformed-line / unknown-op / namespace-unknown; verify-write on a never-live known ns waits to the bounded deadline then verify-write-timeout (never a ~50ms write-failed)  10358ms
   ✓ T7 stdin error chain + F1 verify-write bounded materialization wait (design §5-T7 / SA7 §2.5) > F1 race: verify-write fired immediately after peer ready (zero settle) converges for a live namespace — fresh peer per round, concurrent burst  8730ms
   ✓ T7 stdin error chain + F1 verify-write bounded materialization wait (design §5-T7 / SA7 §2.5) > F1 race (deterministic window): verify-write issued while the hub is down stays in bounded wait (zero fast replies), then converges once the hub restarts  14849ms
   ✓ T7 stdin error chain + F1 verify-write bounded materialization wait (design §5-T7 / SA7 §2.5) > F1 race under load: verify-write fired immediately after peer ready while CPU burners contend — must converge, not fast write-failed (SA7 loaded repro shape)  7557ms
 ✓ apps/yjs-server/test/phase5-mgmt-verbs-sa7.test.ts (5 tests) 45556ms
   ✓ Phase-5 SA7 补充：bump-epoch 回执值正确性 + fence 检出延迟实测 > 回执 replicationEpoch=2 与权威代际交叉验证；fence 事件时延记录（<30s 契约余量）  14728ms
   ✓ Phase-5 SA7 补充：replace-schema 额外键响亮拒绝 + SCHEMA 未变 + 干净重提传播 > 5 键信封 → write-failed；旧 schema 写行为/读数不变；四键重提 ok；hub 写新字段收敛  2418ms
   ✓ Phase-5 SA7 补充：file 适配器 reset-replica 全周期 > reset ok + replica-reset 事件 + archive 落盘 + 进程内重引导收敛 + 崩溃重启恢复收敛  5150ms
   ✓ Phase-5 SA7 F1 回归锁：两轮 bump→fence→reset 运维循环的第二轮重引导 > 第二次成功 reset-replica 后重引导收敛；文档化恢复入口 add-target 有效  11684ms
   ✓ Phase-5 SA7 O-R3-1：终态通道（conflicted）+ peerOwners 在册 → add-target 放行 → target-added + 重建 > fence 终态下 add-target 不被幂等集短路：target-added 事件 + 通道离开终态 + 重建后 reset 收敛  11566ms
 ✓ apps/yjs-server/test/smoke-skeleton-red.test.ts (4 tests) 34583ms
   ✓ T3-skeleton real-process smoke (design §5-T3 minimized / AC7/AC2) > deployable hub rejects missing and invalid bearer credentials before WebSocket upgrade  6068ms
   ✓ T3-skeleton real-process smoke (design §5-T3 minimized / AC7/AC2) > hub emits provisioned→listening(actual port)→ready; peer authenticates static target; verify-write converges to hub read; SIGTERM exits 0  6637ms
   ✓ T3-skeleton real-process smoke (design §5-T3 minimized / AC7/AC2) > clean shutdown releases the rootDir lock: same rootDir restarts and reads back the durable value  13716ms
   ✓ T3-skeleton real-process smoke (design §5-T3 minimized / AC7/AC2) > a second instance sharing an active file root is rejected loudly (lock guard, AC2)  8161ms
 ✓ packages/vfsl/test/validate-patch-sa7.test.ts (22 tests) 31847ms
   ✓ SA7 补充：WorkBudgetExceeded 穿透 validateSubtree（SA4 动态重点#3） > 预算内对照：100k 键 × 120 成员联合经 validatePatch 新键写 -> 101 条截断输出（不误伤）  3394ms
   ✓ SA7 补充：WorkBudgetExceeded 穿透 validateSubtree（SA4 动态重点#3） > 超预算 loud fail-closed：900k 键 × 120 成员联合写入 -> 单条预算 issue + rebase 边界前缀 [m]  28432ms
 ✓ apps/yjs-server/test/phase5-three-instance-acceptance-red.test.ts (6 tests) 31928ms
   ✓ Phase-5 close AC1/AC6 已交付验收（三实例收敛 / crash recovery 回归锁） > AC1（MemoryPersistence）：hub+p1+p2 并发 ROOT 写 → 三处收敛（独立 rootDir）  2195ms
   ✓ Phase-5 close AC1/AC6 已交付验收（三实例收敛 / crash recovery 回归锁） > AC1（FilePersistence）：hub+p1+p2 并发 ROOT 写 → 三处收敛（独立 rootDir）  2165ms
   ✓ Phase-5 close AC1/AC6 已交付验收（三实例收敛 / crash recovery 回归锁） > AC6（FilePersistence）：peer-2 崩溃（SIGKILL 真实 app pid）→ hub 期间写入 → 同 rootDir 重启 → 收敛  5023ms
   ✓ Phase-5 close AC3 红灯锚（hub SCHEMA 传播 / epoch fencing / guarded reset 管理面） > AC3-①: hub 合法 SCHEMA 替换单向传播到双 peer（replace-schema 动词）  2303ms
   ✓ Phase-5 close AC3 红灯锚（hub SCHEMA 传播 / epoch fencing / guarded reset 管理面） > AC3-②: hub bump-epoch → 双 peer channel 立即 identity-conflicted（epoch fencing）  18135ms
   ✓ Phase-5 close AC3 红灯锚（hub SCHEMA 传播 / epoch fencing / guarded reset 管理面） > AC3-③: 受控 reset-replica —— 错误 expected identity 稳定拒绝零破坏；正确 identity 归档重引导后收敛  2100ms
 ✓ packages/vfsl-codegen/test/generate-cli-check.test.ts (8 tests) 7927ms
   ✓ AC4 — pnpm generate 存在且幂等（全量重新生成 + 写盘） > pnpm generate 命令存在且成功退出（退出码 0）——被测 CLI 存在的事实锚点  439ms
   ✓ 单领域自定义输出 > 将指定领域生成到宿主 package 路径，内容与默认 projection 逐字节相同  929ms
   ✓ 单领域自定义输出参数与 freshness > 自定义输出 --check：fresh=0；stale/missing=1 且不写盘  2237ms
   ✓ 单领域自定义输出参数与 freshness > 无效参数响亮失败：["generate","--domain","demo"]  546ms
   ✓ 单领域自定义输出参数与 freshness > 无效参数响亮失败：["generate","--out","x.ts"]  599ms
   ✓ 单领域自定义输出参数与 freshness > 无效参数响亮失败：["generate","--domain","missing","--out","x.ts"]  584ms
   ✓ AC4 — generate --check 对过期生成物退出非零，对新鲜生成物退出 0 > generate 后再 --check → diff 为空 → 退出 0（新鲜生成物）  1430ms
   ✓ AC4 — generate --check 对过期生成物退出非零，对新鲜生成物退出 0 > 源漂移后 --check → 退出非零（源改动 → 重新生成后 diff 非空）  1160ms
stderr | packages/namespace-registry/test/registry-surface.test.ts
Using an object as a third argument is deprecated. Vitest 4 will throw an error if the third argument is not a timeout number. Please use the second argument for options. See more at https://vitest.dev/guide/migration
Using an object as a third argument is deprecated. Vitest 4 will throw an error if the third argument is not a timeout number. Please use the second argument for options. See more at https://vitest.dev/guide/migration
Using an object as a third argument is deprecated. Vitest 4 will throw an error if the third argument is not a timeout number. Please use the second argument for options. See more at https://vitest.dev/guide/migration

 ✓ packages/vfsl/test/validate-logical-snapshot.test.ts (29 tests) 9109ms
   ✓ 行为回归 — 资源预算 III：全局工作预算 WORK_LIMIT=2×10⁸ 耗尽 fail-closed > NFA 步数跨多次匹配累计超 2×10⁸ → 单条预算耗尽 issue（非 E100、非截断、非 Pattern），path []  8844ms
 ✓ apps/yjs-server/test/hub-restart-static-target-red.test.ts (1 test) 23352ms
   ✓ issue #229：Hub 正常重启后 Peer 自动恢复静态 target > live → Hub SIGTERM → Peer 保持运行并 backoff → 同 endpoint 重启 → 自动 live 且收敛断线期 Hub 写  23351ms
 ✓ packages/namespace-registry/test/registry-surface.test.ts (12 tests) 8396ms
   ✓ declaration emit 审计：主入口可达声明图无 Runtime/DocHandle/Y.Doc / internal subpath > 主入口可达声明图文本不包含任何禁用标识符，且审计本身非空（覆盖 wrapper 链，含 #112 plugin.ts）  3314ms
   ✓ declaration emit 审计：主入口可达声明图无 Runtime/DocHandle/Y.Doc / internal subpath > 主入口 index.d.ts：#112 增量类型/值导出在（ShutdownError/PluginConfig/ShutdownFailure/RegistryTimeoutScheduler/plugin 工厂）；RegistryOperationUnavailableIssue 删除后不在  2333ms
   ✓ declaration emit 审计：主入口可达声明图无 Runtime/DocHandle/Y.Doc / internal subpath > testing 入口声明允许内部类型 import（Runtime/DocHandle 仅出现在受控子路径）  1797ms
   ✓ 模块边界活链路（SA2 B3；REPO_ROOT relPath，非 fixture-only） > 真实生产树扫描收集 registry.ts 的 internal import 且 violators=[]  479ms
   ✓ 模块边界活链路（SA2 B3；REPO_ROOT relPath，非 fixture-only） > Registry 包内仅 registry.ts 消费 internal subpath（testing.ts 不消费）  316ms
stdout | packages/ws-replication/test/ws-replication-sa7-r1-transport-auth.test.ts > issue #138 SA7 R1：真实 TCP 认证窗口动态验证（SA4 D3/D4/D5） > D3-①条数界：未认证 socket 灌 40×1MiB → 第 17 帧即 close(1008)、零分配、后续帧零驻留（40MiB 上 wire 活外部内存增量 ≤24MiB）
[SA7-DIAG] D3-① flood40MiB framesParsed=17 extDeltaAfterClose=17.1MiB rssDelta=76.8MiB

 ✓ packages/dsh-persistence/test/dsh-probe-cli.test.ts (7 tests) 5345ms
   ✓ DSH 探针命令（AC8：可复制的命令 + 输出记录） > memory profile：命令输出完整记录（AC2/AC3 链路标记）并以 0 退出  948ms
   ✓ DSH 探针命令（AC8：可复制的命令 + 输出记录） > 可复制性：同一命令两次运行 stdout 逐字节一致  1252ms
   ✓ DSH 探针命令（AC8：可复制的命令 + 输出记录） > file profile：命令落盘快照（users/<user>/<doc>.snapshot），记录不携带 rootDir 痕迹；两次运行记录一致  1174ms
   ✓ DSH 探针命令（AC8：可复制的命令 + 输出记录） > AC4 完整性：--fail-first-flushes 1 使记录包含 degraded → save-degraded → recovered 完整序列  713ms
   ✓ DSH 探针命令（AC8：可复制的命令 + 输出记录） > 异常输入：file adapter 缺 rootDir → 非零退出并报错  644ms
   ✓ DSH 探针命令（AC8：可复制的命令 + 输出记录） > 异常输入：未知 adapter → 非零退出并报错  610ms
 ✓ apps/yjs-server/test/issue164-slice9-red.test.ts (10 tests) 7694ms
   ✓ issue #164 切片 9：apps/yjs-server 组合根（真实 WebSocket） > FS7 namespace 权限接线：未经授权 namespace → NAMESPACE_UNAUTHORIZED（连接不杀）  352ms
   ✓ issue #164 切片 9：apps/yjs-server 组合根（真实 WebSocket） > FS8 活性链路：hub 经真实 adapter 发送 WS ping；回 pong 连接保持（G5.1）  4019ms
   ✓ issue #164 切片 9：apps/yjs-server 组合根（真实 WebSocket） > FS9 活性链路反向：不回 pong → hub 以 pong-timeout 收口（onPong 面真实接线）  3032ms
stdout | packages/ws-replication/test/ws-replication-sa7-r1-transport-auth.test.ts > issue #138 SA7 R1：真实 TCP 认证窗口动态验证（SA4 D3/D4/D5） > D3-②封顶+回收：认证等待 helloTimeoutMs(2s) 到点 close(1008/upgrade-timeout)；16×1MiB 早到帧活外部内存驻留有界（8–40MiB ≪ 128MiB 结构界）、迟归验证器不复活、放行后驻留释放过半
[SA7-DIAG] D3-② cap16MiB extHeldDelta=17.0MiB extReleasedDelta=1.0MiB rssRawPeak=46.3MiB rssSteady=46.1MiB rssFinal=0.4MiB gc=expose-gc

stderr | packages/doc-runtime/test/doc-runtime-surface.test.ts
Using an object as a third argument is deprecated. Vitest 4 will throw an error if the third argument is not a timeout number. Please use the second argument for options. See more at https://vitest.dev/guide/migration

 ✓ packages/ws-replication/test/ws-replication-sa7-r1-transport-auth.test.ts (5 tests) 4715ms
   ✓ issue #138 SA7 R1：真实 TCP 认证窗口动态验证（SA4 D3/D4/D5） > D3-①条数界：未认证 socket 灌 40×1MiB → 第 17 帧即 close(1008)、零分配、后续帧零驻留（40MiB 上 wire 活外部内存增量 ≤24MiB）  1209ms
   ✓ issue #138 SA7 R1：真实 TCP 认证窗口动态验证（SA4 D3/D4/D5） > D3-②封顶+回收：认证等待 helloTimeoutMs(2s) 到点 close(1008/upgrade-timeout)；16×1MiB 早到帧活外部内存驻留有界（8–40MiB ≪ 128MiB 结构界）、迟归验证器不复活、放行后驻留释放过半  2595ms
   ✓ issue #138 SA7 R1：真实 TCP 认证窗口动态验证（SA4 D3/D4/D5） > D3-③单帧界：首帧 > maxFrameBytes(8MiB) → close(1009)，零协议连接分配、零协议帧  502ms
 ✓ packages/doc-runtime/test/doc-runtime-surface.test.ts (2 tests) 4481ms
   ✓ declaration emit：doc-runtime 主入口合法出现 createInitialDocument 与 Y.Doc（§8 正向 fixture） > 主入口可达声明图包含 createInitialDocument 且合法出现 Y.Doc（正向 fixture）  4479ms
 ✓ packages/vfsl-codegen/test/generate-semicolon-free.test.ts (12 tests) 5048ms
   ✓ issue #222 — semicolonFree 生成物孤立 tsc 可编译（ASI 安全性实证） > 生成文本写盘后 pre-emit 诊断为零（含多行字面量/联合/可选字段/接口成员的 ASI 边界）  1145ms
   ✓ issue #222 — CLI --semicolon-free：生成与 --check 同格式闭环 > generate --semicolon-free 写盘产物零分号；--check --semicolon-free 新鲜退出 0（无消费端后处理）  2449ms
   ✓ issue #222 — CLI --semicolon-free：生成与 --check 同格式闭环 > 格式错配必报过期：semicolon-free 产物用默认 --check 比较 → 退出 1（两格式字节互斥，防混用静默）  1405ms
 ✓ packages/namespace-runtime/test/runtime-replace-schema-sa7-dynamic.test.ts (11 tests) 4963ms
   ✓ SA7 动态验证 — T3.4（rev2）：深 doc × keep-root → E 层吸收为领域失败 + 零写入 + fatal 零置位 + provide-root 修复通道开放 > 深 doc × keep-root replaceSchema({schema: ENV_DEEP}) → resolved ok:false（/DOCRT-E100|VFSL-E100|校验工作预算耗尽/）+ 零写入 + fatal 零置位 + 写位未禁（运行时修复通道开放）；同 runtime provide-root 修复尝试的实测结果按 SA6 偏差锚登记（见注释）  4799ms
 ✓ packages/ws-replication/test/ws-replication-sa7-issue171-real-transport.test.ts (4 tests) 3755ms
   ✓ SA7 RT-F1（issue #171，SA4 §4.1）：真实 TCP + 真实 timer 下 GOAWAY drain 窗口 removeTarget——deadline 关 socket 触发本地 onClose 后资源收口恰一次 > RT-F1：live → GOAWAY(RESTARTING) → 窗口内 removeTarget → deadline close(1001) 本地 onClose → lease-released 恰一次 + watchdog 零空转 + 字段清空  1851ms
   ✓ SA7 RT-F1（issue #171，SA4 §4.1）：真实 TCP + 真实 timer 下 GOAWAY drain 窗口 removeTarget——deadline 关 socket 触发本地 onClose 后资源收口恰一次 > RT-G5：GOAWAY 收帧同步静默——drain 窗口内 peer 业务写零 UPDATE 出站；deadline 才关 transport；deadline 全量层处置 lease 恰一次  1588ms
 ✓ packages/namespace-registry/test/registry-phase5-replication-session-red.test.ts (22 tests) 2784ms
   ✓ AC-5 peer degraded 只允许 hub→peer trusted apply；O-5 补锚 (a)(b) > peer persistence-degraded：业务写禁用（RUNTIME_WRITE_DISABLED）；hub→peer apply 允许（内存生效 + saveDoc 仍登记 + 内存/磁盘可区分）  1330ms
   ✓ AC-5 peer degraded 只允许 hub→peer trusted apply；O-5 补锚 (a)(b) > 补锚 (a)：hub persistence-degraded 拒绝 peer→hub raw apply；读取、身份检查和 state-vector 交换保留  1272ms
 ✓ packages/vfsl/test/schema-check-cli.test.ts (6 tests) 3556ms
   ✓ pnpm schema:check schema validation > accepts a valid schema without requiring a domain layout  528ms
   ✓ pnpm schema:check schema validation > rejects an invalid schema with line and column diagnostics  564ms
   ✓ pnpm schema:check ROOT data validation > validates ROOT data read from a JSON file  520ms
   ✓ pnpm schema:check ROOT data validation > validates ROOT data read from stdin  513ms
   ✓ pnpm schema:check ROOT data validation > reports JSON-path issues for invalid ROOT data  634ms
   ✓ pnpm schema:check ROOT data validation > rejects malformed JSON input as a usage error  794ms
 ✓ packages/ws-replication/test/ws-replication-sa7-r2-transport.test.ts (2 tests) 1388ms
   ✓ issue #137 R2 SA7：真实 transport control 额度边界抽样（真实 TCP + 真实 bufferedAmount） > A（存活侧）：真实暂停段 + 缺省 8MiB 额度内 control 流量（4 ns × 32 ACK = 128 ≈ 7.3KiB）——全部上 wire、零 ERROR、连接 ready  504ms
   ✓ issue #137 R2 SA7：真实 transport control 额度边界抽样（真实 TCP + 真实 bufferedAmount） > B（耗尽侧）：真实暂停段 + 跨越显式 64KiB 对照额度的 control 流量（40 ns × 32 ACK = 1280 ≈ 73KiB）——恰 1 ERROR(CONNECTION_BACKPRESSURE) + close(1011) + peer backoff  881ms
 ✓ packages/ws-replication/test/ws-replication-sa7-issue169-dynamic.test.ts (2 tests) 2372ms
   ✓ issue #169 SA7-D2（SA4 动态重点 2）：Δ≡0 write-through-0 悬崖——真实 TCP 长寿命连接饱和签名 > D2：帧间 settle 节奏下累计 data 超过 cap → data 准入恒拒（RESYNC_REQUIRED 恢复环）/ UPDATE 字节平 / 零 1011、零 close（无终局信号）  2359ms
stdout | packages/namespace-registry/test/registry-sa7-phase5-dynamic.test.ts > SA7 动态验证 #131 — plugin 生产随机链路 / File 持久化 / CSPRNG 抽样 / 真实调度锚 A > D1 真实 cordis host 下 plugin 桥接的生产随机链路：create 产物 namespaceId 锚 ^ns-[0-9a-f]{32}$、两次互异、lease 可读
[SA7-DYN] D1 plugin 链生成 ID: ns-75729e7ba61e3355572b54557638073b / ns-3302caa86cbdefd3d82593ce6db59d39

stdout | packages/namespace-registry/test/registry-sa7-phase5-dynamic.test.ts > SA7 动态验证 #131 — plugin 生产随机链路 / File 持久化 / CSPRNG 抽样 / 真实调度锚 A > D2 真实 File Persistence round-trip：生成 ID 按 owner 分区落盘（35 字符文件名）→ 全拆 → 新 host 同 rootDir 恢复；跨 owner NOT_FOUND
[SA7-DYN] D2 落盘文件: ns-a698a145986604ec0576ba68b529795c.snapshot, ns-dbe5b914ab80980a5ac5a552fb409093.snapshot（rootDir=/tmp/nomicore-sa7-131-4X3gWz）

 ✓ packages/ws-replication/test/ws-replication-sa7-175-dynamic.test.ts (6 tests) 2229ms
   ✓ issue #175 SA7：主动 reauth 生命周期动态验证（SA4 六项动态重点） > D1（SA4 重点 1）：真实 TCP——requestReauth 后 peer 原始 socket 先收 GOAWAY(REAUTH_REQUIRED, drain>0) 再 socket-close；hub close=(1001,"hub-reauth")；全 wire 字节零 token；收口后 blocked 保持零重拨  2156ms
 ✓ packages/dsh-persistence/test/dsh-file-probe-determinism.test.ts (2 tests) 2011ms
   ✓ SA7 补充回归锚：file 通道探针确定性（AC8 + 设计 §5 钉死时间线） > CLI 连跑 2 次（各自独立 rootDir）：均以 0 退出、尾行精确 events=28，且 stdout 逐字节一致  1851ms
stdout | packages/namespace-registry/test/registry-sa7-phase5-dynamic.test.ts > SA7 动态验证 #131 — plugin 生产随机链路 / File 持久化 / CSPRNG 抽样 / 真实调度锚 A > D3 生产 CSPRNG 抽样：plugin host 100 次 create 全唯一 + 桥接形状 60,000 抽样零重复/16 字节/分布 ±6σ
[SA7-DYN] D3 (a) plugin host 100 create → 100 唯一；(b) 60000 抽样 → 0 重复，字节频率界 [3383, 4117]（期望 3750）

stdout | packages/namespace-registry/test/registry-sa7-phase5-dynamic.test.ts > SA7 动态验证 #131 — plugin 生产随机链路 / File 持久化 / CSPRNG 抽样 / 真实调度锚 A > D4 锚 A 真实调度复跑：事件驱动 6 次（shutdown 构造性落在重试 write 在途窗口）+ real-sleep 抖动 6 次；不变量逐次成立、零 unhandled
[SA7-DYN] D4 12 次真实调度迭代，shutdown 落点分布: {"in-write":6,"pre-write":3,"post-write":3}

 ✓ packages/namespace-registry/test/registry-sa7-phase5-dynamic.test.ts (4 tests) 1578ms
   ✓ SA7 动态验证 #131 — plugin 生产随机链路 / File 持久化 / CSPRNG 抽样 / 真实调度锚 A > D3 生产 CSPRNG 抽样：plugin host 100 次 create 全唯一 + 桥接形状 60,000 抽样零重复/16 字节/分布 ±6σ  1413ms
 ✓ apps/yjs-server/test/root-lock-atomic-reclaim-red.test.ts (7 tests) 1982ms
   ✓ root lock atomic ownership > recovers a directory lock left by a dead process  303ms
   ✓ root lock atomic ownership > real-process stale reclaim race has exactly one live owner  1662ms
 ✓ packages/namespace-runtime/test/runtime-registry-internal-seam-rev1.test.ts (20 tests) 1315ms
   ✓ RAC1 真实全仓门禁：审计 helper 对仓库生产代码树的既有门禁保持绿 > 防空扫（真实侧）：仓库有生产代码文件被审计（helper 默认 roots = packages/domains/apps）  684ms
 ✓ packages/ws-replication/test/ws-replication-sa7-issue170-real-transport.test.ts (2 tests) 1569ms
   ✓ SA7 issue #170 真实 transport：pong 超时收口 → backoff 重拨 → hub 只留新连接 → 数据收敛（真实 TCP + 真实 timer） > 真实链路：死对端 pong 超时 close(1001) → 重拨后 hub.connections===1、旧传输零僵尸 ping/零 ws 抛错、新代健康、写值收敛  993ms
   ✓ SA7 issue #170 真实 transport：pong 超时收口 → backoff 重拨 → hub 只留新连接 → 数据收敛（真实 TCP + 真实 timer） > A4 故障注入：适配器 ping() 首调抛错（socket 仍开放）→ liveness catch 吸收 → close(1001,pong-timeout) + backoff → 重连健康收敛（零未捕获异常）  573ms
 ✓ apps/yjs-server/test/issue164-sa7-dynamic.test.ts (6 tests) 1629ms
   ✓ issue #164 SA7 动态验证：SA4 §5 动态审核重点 > DV2（A1）：无 alert + 缺面 transportFactory → uncaughtException 捕获 TypeError(含 bufferedAmount)，unhandledRejection 零触达，零 HELLO_ACK + 1011 收口  977ms
   ✓ issue #164 SA7 动态验证：SA4 §5 动态审核重点 > DV3（A2）：永不 resolve 的 verifier → helloTimeoutMs + slack 内 503 Auth Timeout（pre-auth 封顶），服务存活  313ms
 ✓ packages/vfsl/test/parse-vfsl-sa7-supplementary.test.ts (8 tests) 1116ms
   ✓ SA7 补充 — 资源界 / 必终止 / 声明序不变性（设计 §11 SA7 动态验证位） > T-l：20k 裸引用链 + Record 键 → ok:true（栈安全回归，无 RangeError、无挂起）  330ms
   ✓ SA7 补充 — fuzz 烟雾（SA4 动态审核重点 #3：不抛异常 / 二态 union / 兜底通道不可达） > fixture 变异/截断：3000 组 + 全前缀截断全部落契约内  482ms
 ✓ packages/vfsl-codegen/test/generate-error-message-tail.test.ts (4 tests) 986ms
   ✓ AC-4 — CLI 端到端：错误消息尾串经结构化 stderr 可见（exit 2） > 异形 ROOT 域经 pnpm generate → exit 2 且 stderr 消息尾串 = 见 #44  975ms
 ✓ packages/namespace-registry/test/registry-phase5-replication-red.test.ts (16 tests) 2375ms
   ✓ AC-6 close/fatal 竞态与 Memory persistence 恢复 > persistence-degraded：gate 通过后降级——enable 成功、后续 bump 被 RUNTIME_WRITE_DISABLED 拒绝零写入；恢复后 retry 覆盖、bump 成功；Memory 恢复可见  2158ms
 ✓ packages/vfsl-codegen/test/generate-alias-collision-guard.test.ts (4 tests) 733ms
   ✓ AC-3 — CLI 端到端：碰撞域响亮失败（exit 2 + 结构化 stderr，非 exit 0 静默产出） > pnpm generate 对碰撞域 → exit 2，stderr 含独立错误码与碰撞别名  710ms
 ✓ packages/namespace-runtime/test/runtime-mutate-root-sa7-dynamic.test.ts (4 tests) 977ms
   ✓ SA7 动态验证 — SA4 重点 1：notifier 挂住双窗口 > DV-1a S6 成功路径挂住：槽停滞、后续写永排队（非 disabled 结算）、read 照常、无 fatal 降级  452ms
   ✓ SA7 动态验证 — SA4 重点 1：notifier 挂住双窗口 > DV-1b fatal committed:true 路径挂住：status.fatal 先于（永不送达的）rejection 可观测、pA 永 pending、提交值保留、新调用因队列停滞不结算  452ms
 ✓ packages/vfsl-codegen/test/generate-protocol-import.test.ts (5 tests) 1714ms
   ✓ AC-1 — 生成物原样（孤立 program）tsc --noEmit 可编译（编译级锚） > 具名别名域生成物孤立编译零诊断（N1：TS2304/TS2664 治愈锚）  967ms
   ✓ AC-1 — 生成物原样（孤立 program）tsc --noEmit 可编译（编译级锚） > 零别名域生成物 + 协议消费方同 program 编译零诊断（N2：script 遮蔽治愈锚——消费方不被毒化）  736ms
 ✓ packages/doc-runtime/test/apply-validated-mutation-operations.test.ts (21 tests) 1450ms
   ✓ applyValidatedMutation incremental carrier contract > array mutations preserve the target Y.Array and scale with the changed slice  1294ms
 ✓ apps/yjs-server/test/lifecycle-watchdog-red.test.ts (1 test) 1428ms
   ✓ B2: total-timeout watchdog vs configured dirty-flush drain window (SA4 §R-B2) > boot rejects maxDirtyMs above the stop-watchdog budget loudly (config-error + exit 1, never a watchdog-killed flush)  1421ms
 ✓ packages/replication-protocol/test/codec-fuzz-property.test.ts (5 tests) 393ms
 ✓ packages/namespace-runtime/test/runtime-acceptance-fullchain.test.ts (8 tests) 569ms
 ✓ packages/namespace-runtime/test/runtime-acceptance-degraded-two-adapter.test.ts (4 tests) 480ms
 ✓ packages/ws-replication/test/ws-replication-sa7-dynamic.test.ts (6 tests) 316ms
 ✓ apps/yjs-server/test/app-config-red.test.ts (23 tests) 498ms
   ✓ T1 strict app config contract (design §3.2 / AC1) > rejects config without a static role (mandatory, no default)  488ms
 ✓ packages/ws-replication/test/ws-replication-r3-r4-regressions.test.ts (11 tests) 224ms
 ✓ packages/ws-replication/test/ws-replication-issue231-send-failure.test.ts (10 tests) 366ms
 ✓ packages/ws-replication/test/ws-replication-issue172-contract-anchors.test.ts (16 tests) 390ms
 ✓ packages/ws-replication/test/ws-replication-sa6-hardening-g3-g4-red.test.ts (16 tests) 831ms
 ✓ packages/namespace-runtime/test/runtime-replication-session-round2-red.test.ts (17 tests) 481ms
 ✓ apps/yjs-server/test/ordered-shutdown-red.test.ts (2 tests) 703ms
   ✓ T5 ordered shutdown (design §3.6 / AC4) > createNomicoreApp + stop() emits ordered teardown events and is idempotent  637ms
 ✓ packages/ws-replication/test/ws-replication-observer-red.test.ts (32 tests) 413ms
 ✓ packages/namespace-registry/test/registry-sa7-phase5-bootstrap-reset-dynamic.test.ts (10 tests) 673ms
 ✓ packages/replication-protocol/test/codec-roundtrip-truncation.test.ts (8 tests) 140ms
 ✓ packages/ws-replication/test/ws-replication-issue137-r2-red.test.ts (9 tests) 500ms
 ✓ packages/dsh-persistence/test/dsh-profile-acceptance.test.ts (12 tests) 203ms
 ✓ packages/namespace-runtime/test/runtime-registry-internal-seam.test.ts (5 tests) 200ms
 ✓ packages/ws-replication/test/ws-replication-sa7-issue137-dynamic.test.ts (8 tests) 348ms
 ✓ packages/namespace-runtime/test/runtime-replication-session-round2.test.ts (25 tests) 196ms
 ✓ packages/ws-replication/test/ws-replication-issue238-segmented-observation.test.ts (8 tests) 245ms
 ✓ packages/ws-replication/test/ws-replication-review-revisions-r1-r7-red.test.ts (14 tests) 398ms
 ✓ packages/ws-replication/test/ws-replication-ac1-ac2-open.test.ts (12 tests) 225ms
 ✓ packages/ws-replication/test/ws-replication-auth-lifecycle-red.test.ts (20 tests) 289ms
 ✓ packages/ws-replication/test/ws-replication-ac6-resync-close.test.ts (7 tests) 140ms
 ✓ packages/doc-runtime/test/materialize-root-rev2.test.ts (23 tests) 176ms
 ✓ packages/ws-replication/test/ws-replication-issue230-incremental-mutation.test.ts (2 tests) 226ms
 ✓ packages/ws-replication/test/ws-replication-spec-b1-b2-red.test.ts (5 tests) 157ms
 ✓ packages/ws-replication/test/ws-replication-ac5-live.test.ts (7 tests) 189ms
 ✓ apps/yjs-server/test/ws-replication-issue190-sa7-real-transport.test.ts (3 tests) 180ms
 ✓ packages/persistence/test/file-persistence.test.ts (22 tests) 224ms
stdout | packages/ws-replication/test/ws-replication-issue239-repro.test.ts > issue #239：periodic reconciliation 语义 no-op 可观测（修复后语义，翻转断言） > 场景 1：已收敛副本 7 轮 periodic round —— bytes 恒非零但观察面明确报全 noop（roundId 关联 + 效果组）
[issue239 repro] no-op round 1: hub sent/applied = [10]/[10] B, peer sent/applied = [10]/[10] B

stdout | packages/ws-replication/test/ws-replication-issue239-repro.test.ts > issue #239：periodic reconciliation 语义 no-op 可观测（修复后语义，翻转断言） > 场景 1：已收敛副本 7 轮 periodic round —— bytes 恒非零但观察面明确报全 noop（roundId 关联 + 效果组）
[issue239 repro] no-op round 2: hub sent/applied = [10]/[10] B, peer sent/applied = [10]/[10] B

stdout | packages/ws-replication/test/ws-replication-issue239-repro.test.ts > issue #239：periodic reconciliation 语义 no-op 可观测（修复后语义，翻转断言） > 场景 1：已收敛副本 7 轮 periodic round —— bytes 恒非零但观察面明确报全 noop（roundId 关联 + 效果组）
[issue239 repro] no-op round 3: hub sent/applied = [10]/[10] B, peer sent/applied = [10]/[10] B

stdout | packages/ws-replication/test/ws-replication-issue239-repro.test.ts > issue #239：periodic reconciliation 语义 no-op 可观测（修复后语义，翻转断言） > 场景 1：已收敛副本 7 轮 periodic round —— bytes 恒非零但观察面明确报全 noop（roundId 关联 + 效果组）
[issue239 repro] no-op round 4: hub sent/applied = [10]/[10] B, peer sent/applied = [10]/[10] B

stdout | packages/ws-replication/test/ws-replication-issue239-repro.test.ts > issue #239：periodic reconciliation 语义 no-op 可观测（修复后语义，翻转断言） > 场景 1：已收敛副本 7 轮 periodic round —— bytes 恒非零但观察面明确报全 noop（roundId 关联 + 效果组）
[issue239 repro] no-op round 5: hub sent/applied = [10]/[10] B, peer sent/applied = [10]/[10] B

stdout | packages/ws-replication/test/ws-replication-issue239-repro.test.ts > issue #239：periodic reconciliation 语义 no-op 可观测（修复后语义，翻转断言） > 场景 1：已收敛副本 7 轮 periodic round —— bytes 恒非零但观察面明确报全 noop（roundId 关联 + 效果组）
[issue239 repro] no-op round 6: hub sent/applied = [10]/[10] B, peer sent/applied = [10]/[10] B

stdout | packages/ws-replication/test/ws-replication-issue239-repro.test.ts > issue #239：periodic reconciliation 语义 no-op 可观测（修复后语义，翻转断言） > 场景 1：已收敛副本 7 轮 periodic round —— bytes 恒非零但观察面明确报全 noop（roundId 关联 + 效果组）
[issue239 repro] no-op round 7: hub sent/applied = [10]/[10] B, peer sent/applied = [10]/[10] B
[issue239 repro] no-op 事件字段形状（去重）: ["connectionId,from,side,to,type","connectionId,from,namespaceId,side,to,type","bytes,connectionId,encodedUpdateBytes,namespaceId,side,syncRoundId,type","applyEffect,bytes,connectionId,encodedUpdateBytes,namespaceId,sequence,side,stateVectorAfterHash,stateVectorBeforeHash,stateVectorChanged,syncRoundId,type","from,side,to,type"]

stdout | packages/ws-replication/test/ws-replication-issue239-repro.test.ts > issue #239：periodic reconciliation 语义 no-op 可观测（修复后语义，翻转断言） > 场景 2：静默漂移修复 round —— 观察面必须报 changed（与实测 SV 增量一一对应）；修复后 next round 回 noop（非粘滞）
[issue239 repro] drift-repair round: hub sent/applied = [36]/[10] B, peer sent/applied = [10]/[36] B

stdout | packages/ws-replication/test/ws-replication-issue239-repro.test.ts > issue #239：periodic reconciliation 语义 no-op 可观测（修复后语义，翻转断言） > 场景 2：静默漂移修复 round —— 观察面必须报 changed（与实测 SV 增量一一对应）；修复后 next round 回 noop（非粘滞）
[issue239 repro] 修复后 no-op 事件字段形状（去重）: ["bytes,connectionId,encodedUpdateBytes,namespaceId,side,syncRoundId,type","applyEffect,bytes,connectionId,encodedUpdateBytes,namespaceId,sequence,side,stateVectorAfterHash,stateVectorBeforeHash,stateVectorChanged,syncRoundId,type","connectionId,from,namespaceId,side,to,type"]

 ✓ packages/ws-replication/test/ws-replication-issue239-repro.test.ts (2 tests) 170ms
 ✓ packages/namespace-runtime/test/runtime-replace-schema-persistence.test.ts (2 tests) 213ms
 ✓ packages/namespace-registry/test/registry-sa7-rev1.test.ts (6 tests) 129ms
 ✓ packages/ws-replication/test/ws-replication-ac7-faults.test.ts (12 tests) 154ms
 ✓ packages/namespace-runtime/test/runtime-acceptance-production-assembly.test.ts (2 tests) 208ms
 ✓ packages/namespace-registry/test/registry-create.test.ts (47 tests) 140ms
 ✓ packages/namespace-runtime/test/runtime-replication-session.test.ts (30 tests) 132ms
 ✓ packages/persistence/test/persistence-sa7-phase5-bootstrap-dynamic.test.ts (14 tests) 67ms
 ✓ packages/ws-replication/test/ws-replication-sa6-hardening-g1-g2-red.test.ts (5 tests) 85ms
 ✓ apps/yjs-server/test/third-party-composition-red.test.ts (3 tests) 83ms
 ✓ packages/ws-replication/test/ws-replication-issue176-red.test.ts (9 tests) 195ms
 ✓ packages/namespace-runtime/test/runtime-mutate-root-persistence.test.ts (2 tests) 156ms
 ✓ packages/ws-replication/test/ws-replication-reauth-lifecycle-red.test.ts (7 tests) 154ms
 ✓ packages/ws-replication/test/ws-replication-sa7-hardening-dynamic.test.ts (8 tests) 156ms
 ✓ packages/ws-replication/test/ws-replication-plugin.test.ts (15 tests) 124ms
 ✓ apps/yjs-server/test/ws-server-upgrade-admission.test.ts (3 tests) 159ms
 ✓ packages/namespace-registry/test/registry-phase5-replication-session-round2-red.test.ts (12 tests) 85ms
stdout | packages/ws-replication/test/ws-replication-issue239-ac-red.test.ts > issue #239 验收契约（红灯）：periodic no-op 与有效同步的可观测性差异 > 场景 1：已收敛副本连续 periodic round —— 观察面必须报 roundId 关联 + 全 noop（SV/ROOT/META 不变，bytes 仍非零）
[issue239 ac-red] no-op rounds=3 groups=4 periodicGroups=3 全部断言完成

 ✓ packages/namespace-runtime/test/runtime-replace-schema-sequencer.test.ts (13 tests) 169ms
stdout | packages/ws-replication/test/ws-replication-issue239-ac-red.test.ts > issue #239 验收契约（红灯）：periodic no-op 与有效同步的可观测性差异 > 场景 2：hub 静默漂移 → 下一 periodic round 至少一侧 diff-applied 报 changed（与实测 SV 增量一致）并收敛
[issue239 ac-red] hub-drift 修复 round：delta={"hub":false,"peer":true} changedEvents=1

stdout | packages/ws-replication/test/ws-replication-issue239-ac-red.test.ts > issue #239 验收契约（红灯）：periodic no-op 与有效同步的可观测性差异 > 场景 2：hub 静默漂移 → 下一 periodic round 至少一侧 diff-applied 报 changed（与实测 SV 增量一致）并收敛
[issue239 ac-red] hub-drift 修复后 no-op round：changedEvents=0

 ✓ packages/ws-replication/test/ws-replication-issue239-ac-red.test.ts (2 tests) 129ms
 ✓ packages/ws-replication/test/ws-replication-issue171-red.test.ts (5 tests) 111ms
 ✓ packages/vfsl/test/validate-snapshot.test.ts (35 tests) 134ms
 ✓ packages/ws-replication/test/ws-replication-sa7-issue170-minor3-observation.test.ts (1 test) 85ms
 ✓ packages/ws-replication/test/ws-replication-issue137-ac1-ac7-red.test.ts (4 tests) 157ms
 ✓ packages/namespace-registry/test/registry-phase5-identity-red.test.ts (20 tests) 115ms
 ✓ packages/ws-replication/test/ws-replication-sa7-round2-dynamic.test.ts (6 tests) 143ms
 ✓ packages/ws-replication/test/ws-replication-periodic-reconcile.test.ts (5 tests) 142ms
 ✓ packages/ws-replication/test/ws-replication-issue168-hello-timeout-close-peer-red.test.ts (3 tests) 85ms
 ✓ packages/ws-replication/test/ws-replication-issue170-r1-r4-red.test.ts (7 tests) 133ms
 ✓ packages/namespace-runtime/test/runtime-mutate-root-sequencer.test.ts (12 tests) 146ms
 ✓ packages/doc-runtime/test/read-logical-value-at-path-guards.test.ts (39 tests) 133ms
 ✓ packages/namespace-registry/test/registry-sa7-phase5-replication-dynamic.test.ts (4 tests) 95ms
 ✓ packages/namespace-registry/test/registry-plugin.test.ts (9 tests) 123ms
 ✓ packages/namespace-registry/test/registry-open.test.ts (32 tests) 79ms
 ✓ packages/namespace-registry/test/registry-phase5-bootstrap-reset-red.test.ts (19 tests) 118ms
 ✓ packages/namespace-runtime/test/runtime-registry-internal-sa7-dynamic.test.ts (4 tests) 146ms
 ✓ packages/ws-replication/test/ws-replication-ac4-reconcile.test.ts (5 tests) 117ms
 ✓ packages/ws-replication/test/ws-replication-sa4-f1-f2-f3-red.test.ts (3 tests) 119ms
 ✓ packages/ws-replication/test/ws-replication-sa7-issue168-dynamic.test.ts (3 tests) 74ms
 ✓ packages/namespace-runtime/test/runtime-close-sa7-dynamic.test.ts (4 tests) 123ms
 ✓ packages/vfsl/test/docscope-guards.test.ts (6 tests) 100ms
 ✓ packages/namespace-registry/test/registry-sa7-cordis.test.ts (4 tests) 121ms
 ✓ packages/vfsl/test/validate-patch.test.ts (36 tests) 50ms
 ✓ domains/vfs3-assets/test/vfs3-assets-tsdoc.test.ts (6 tests) 89ms
 ✓ packages/namespace-runtime/test/runtime-boundary-supplementary.test.ts (3 tests) 77ms
 ✓ packages/persistence/test/persistence-phase5-archive-red.test.ts (23 tests) 99ms
 ✓ packages/doc-runtime/test/materialize-root.test.ts (59 tests) 143ms
 ✓ packages/persistence/test/persistence-phase5-import-red.test.ts (14 tests) 72ms
 ✓ packages/namespace-registry/test/registry-phase5-bootstrap-reset-r2-red.test.ts (10 tests) 56ms
 ✓ packages/ws-replication/test/ws-replication-issue238-repro.test.ts (1 test) 138ms
 ✓ apps/yjs-server/test/node-hub-peer-live.test.ts (1 test) 151ms
 ✓ packages/namespace-runtime/test/runtime-p0-sequencer.test.ts (7 tests) 72ms
 ✓ packages/persistence/test/memory-persistence.test.ts (42 tests) 146ms
 ✓ packages/namespace-registry/test/registry-phase5-bootstrap-reset-r2-internal.test.ts (16 tests) 87ms
 ✓ packages/ws-replication/test/ws-replication-ac3-bootstrap.test.ts (4 tests) 130ms
 ✓ packages/vfsl/test/vfsl-assets-fullchain-e2e.test.ts (16 tests) 69ms
 ✓ packages/replication-protocol/test/codec-version-interop.test.ts (25 tests) 24ms
stdout | packages/ws-replication/test/ws-replication-issue233-repro.test.ts > issue #233 复现：超限 UPDATE 丢弃 + 全量 reconciliation 回退（现状刻画） > R1：单笔 20KB 合法写 → 零 UPDATE / resync 声明 / 同一载荷改走控制帧全量 diff
[issue233 repro R1] {
  "scenario": "R1 single 20KB write, maxUpdateBytes=8192",
  "updateFramesCarryingBigWrite": 0,
  "resyncRounds": 1,
  "step2DiffBytesPeerToHub": [
    2,
    20029
  ],
  "wire": {
    "peerToHub": {
      "OPEN_NAMESPACE": {
        "count": 1,
        "bytes": 59
      },
      "BOOTSTRAP_ACK": {
        "count": 1,
        "bytes": 57
      },
      "SYNC_STEP1": {
        "count": 2,
        "bytes": 136
      },
      "SYNC_STEP2": {
        "count": 2,
        "bytes": 20151
      },
      "SYNC_APPLIED": {
        "count": 2,
        "bytes": 116
      },
      "RESYNC_REQUIRED": {
        "count": 1,
        "bytes": 76
      }
    },
    "hubToPeer": {
      "OPEN_OK": {
        "count": 1,
        "bytes": 91
      },
      "BOOTSTRAP_SNAPSHOT": {
        "count": 1,
        "bytes": 437
      },
      "SYNC_STEP1": {
        "count": 2,
        "bytes": 130
      },
      "SYNC_STEP2": {
        "count": 2,
        "bytes": 122
      },
      "SYNC_APPLIED": {
        "count": 2,
        "bytes": 116
      }
    }
  }
}

stdout | packages/ws-replication/test/ws-replication-issue233-repro.test.ts > issue #233 复现：超限 UPDATE 丢弃 + 全量 reconciliation 回退（现状刻画） > R2：连续两笔大写 → 两轮 resync（持续大写重复触发完整 round）
[issue233 repro R2] {"scenario":"R2 two consecutive 20KB writes","resyncRounds":2,"step2DiffBytesPeerToHub":[2,20029,20037],"wire":{"peerToHub":{"OPEN_NAMESPACE":{"count":1,"bytes":59},"BOOTSTRAP_ACK":{"count":1,"bytes":57},"SYNC_STEP1":{"count":3,"bytes":207},"SYNC_STEP2":{"count":3,"bytes":40249},"SYNC_APPLIED":{"count":3,"bytes":174},"RESYNC_REQUIRED":{"count":2,"bytes":152}},"hubToPeer":{"OPEN_OK":{"count":1,"bytes":91},"BOOTSTRAP_SNAPSHOT":{"count":1,"bytes":437},"SYNC_STEP1":{"count":3,"bytes":201},"SYNC_STEP2":{"count":3,"bytes":191},"SYNC_APPLIED":{"count":3,"bytes":174}}}}

stdout | packages/ws-replication/test/ws-replication-issue233-repro.test.ts > issue #233 复现：超限 UPDATE 丢弃 + 全量 reconciliation 回退（现状刻画） > R3：diff 超 maxSyncDiffBytes → SYNC_DIFF_TOO_LARGE → namespace 终局 failed（大文档致命尾部）
[issue233 repro R3] {"scenario":"R3 100KB write, maxSyncDiffBytes=32768","namespaceTerminalState":"failed","connectionState":"ready","wire":{"peerToHub":{"OPEN_NAMESPACE":{"count":1,"bytes":59},"BOOTSTRAP_ACK":{"count":1,"bytes":57},"SYNC_STEP1":{"count":2,"bytes":136},"SYNC_STEP2":{"count":1,"bytes":61},"SYNC_APPLIED":{"count":1,"bytes":58},"RESYNC_REQUIRED":{"count":1,"bytes":76},"ERROR":{"count":1,"bytes":117}},"hubToPeer":{"OPEN_OK":{"count":1,"bytes":91},"BOOTSTRAP_SNAPSHOT":{"count":1,"bytes":437},"SYNC_STEP1":{"count":2,"bytes":130},"SYNC_STEP2":{"count":2,"bytes":122},"SYNC_APPLIED":{"count":1,"bytes":58}}}}

 ✓ packages/ws-replication/test/ws-replication-issue233-repro.test.ts (3 tests) 87ms
 ✓ packages/namespace-registry/test/registry-sa7-concurrency.test.ts (4 tests) 116ms
 ✓ packages/namespace-registry/test/registry-idle.test.ts (18 tests) 58ms
 ✓ packages/doc-runtime/test/replace-root-content.test.ts (13 tests) 52ms
 ✓ packages/ws-replication/test/ws-replication-sa7-issue171-dynamic.test.ts (3 tests) 75ms
 ✓ packages/ws-replication/test/ws-replication-sa7-r2-supplement.test.ts (1 test) 60ms
 ✓ packages/namespace-runtime/test/runtime-close-lifecycle.test.ts (10 tests) 56ms
 ✓ packages/vfsl/test/parse-vfsl-forbidden-matrix.test.ts (79 tests) 42ms
 ✓ packages/replication-protocol/test/codec-messages-golden.test.ts (27 tests) 34ms
 ✓ packages/vfsl/test/evaluate-derived-schema.test.ts (37 tests) 81ms
 ✓ packages/namespace-runtime/test/runtime-replication-write.test.ts (14 tests) 83ms
 ✓ packages/doc-runtime/test/xml-attr-quote-domain.test.ts (26 tests) 49ms
 ✓ packages/namespace-runtime/test/runtime-schema-carrier-split.test.ts (4 tests) 45ms
 ✓ apps/yjs-server/test/issue164-transport-faces-red.test.ts (3 tests) 49ms
 ✓ packages/doc-runtime/test/sa7-fatal-dynamic-verify.test.ts (8 tests) 26ms
 ✓ packages/persistence/test/file-persistence-sa7-dynamic.test.ts (4 tests) 78ms
 ✓ packages/vfsl/test/evaluate-derived-docs-audit.test.ts (15 tests) 43ms
 ✓ packages/namespace-runtime/test/runtime-sync-read-face.test.ts (4 tests) 87ms
 ✓ packages/replication-protocol/test/codec-malformed.test.ts (37 tests) 32ms
 ✓ packages/ws-replication/test/ws-replication-issue169-backpressure-accounting-red.test.ts (19 tests) 94ms
 ✓ packages/persistence/test/issue-79-file-entry-status.test.ts (2 tests) 70ms
 ✓ packages/ws-replication/test/ws-replication-sa4-issue171-review-red.test.ts (1 test) 114ms
 ✓ packages/vfsl/test/docscope-getcompiled.test.ts (14 tests) 59ms
 ✓ packages/namespace-runtime/test/runtime-public-surface-ownership.test.ts (6 tests) 30ms
 ✓ packages/namespace-runtime/test/metadata-proto-key.test.ts (6 tests) 56ms
 ✓ packages/vfsl/test/parse-schema-envelope.test.ts (13 tests) 59ms
 ✓ packages/namespace-runtime/test/runtime-mutate-root-snapshotter-array.test.ts (5 tests) 80ms
 ✓ packages/replication-protocol/test/codec-issue242-ac-red.test.ts (28 tests) 112ms
 ✓ packages/ws-replication/test/ws-replication-issue171-blockers.test.ts (1 test) 132ms
 ✓ packages/ws-replication/test/ws-replication-sa4-r4-1-red.test.ts (1 test) 110ms
 ✓ packages/doc-runtime/test/read-logical-value-at-path-schema-independent.test.ts (33 tests) 115ms
 ✓ packages/instance/test/instance.test.ts (9 tests) 51ms
 ✓ packages/namespace-registry/test/registry-persistence-contract.test.ts (2 tests) 129ms
 ✓ packages/replication-protocol/test/codec-registries.test.ts (13 tests) 67ms
 ✓ packages/namespace-registry/test/registry-phase5-replication-channels.test.ts (14 tests) 94ms
 ✓ packages/doc-runtime/test/extract-yjs-snapshot.test.ts (21 tests) 40ms
 ✓ packages/vfsl/test/schemasource-seam.test.ts (13 tests) 71ms
 ✓ packages/vfsl/test/compile-schema-envelope.test.ts (28 tests) 39ms
 ✓ packages/vfsl/test/parse-vfsl-cycle-detection.test.ts (16 tests) 56ms
 ✓ packages/persistence/test/persistence-phase5-bootstrap-reset-r2.test.ts (11 tests) 77ms
 ✓ packages/doc-runtime/test/extract-union-trial.test.ts (8 tests) 44ms
 ✓ packages/vfsl-codegen/test/generate-discriminated-emission.test.ts (10 tests) 39ms
 ✓ packages/vfsl/test/parse-vfsl-containers-markers.test.ts (33 tests) 57ms
 ✓ packages/vfsl-codegen/test/generate-mapping-table.test.ts (13 tests) 71ms
 ✓ packages/vfsl/test/domains-scaffold.test.ts (2 tests) 22ms
 ✓ packages/persistence/test/issue-79-entry-status.test.ts (6 tests) 42ms
 ✓ packages/namespace-registry/test/registry-sa7-hostile.test.ts (6 tests) 70ms
 ✓ apps/yjs-server/test/ws-transport-liveness.test.ts (3 tests) 59ms
 ✓ packages/vfsl/test/docscope-sha256.test.ts (13 tests) 45ms
 ✓ packages/doc-runtime/test/xml-attr-quote-domain-sa7.test.ts (11 tests) 69ms
 ✓ packages/doc-runtime/test/extract-plain-domain.test.ts (9 tests) 61ms
 ✓ packages/doc-runtime/test/create-initial-document.test.ts (9 tests) 68ms
 ✓ packages/doc-runtime/test/apply-validated-mutation-nested-path-repro.test.ts (2 tests) 35ms
 ✓ packages/doc-runtime/test/transaction-fatal-materialize-contract.test.ts (16 tests) 78ms
 ✓ packages/replication-protocol/test/codec-package-contract.test.ts (5 tests) 26ms
 ✓ packages/namespace-runtime/test/runtime-write-fatal-message-rev1.test.ts (3 tests) 75ms
 ✓ packages/clock/test/clock-contract.test.ts (17 tests) 37ms
 ✓ packages/persistence/test/core-dsh-boundary.test.ts (6 tests) 27ms
 ✓ packages/namespace-runtime/test/runtime-phase5-reset-fence-r2.test.ts (7 tests) 67ms
 ✓ packages/vfsl/test/parse-vfsl-root-convention.test.ts (36 tests) 45ms
 ✓ packages/persistence/test/persistence-encode-fatal.test.ts (1 test) 53ms
 ✓ packages/vfsl/test/evaluate-derived-docs-typecls.test.ts (8 tests) 44ms
 ✓ packages/doc-runtime/test/extract-nonfinite-number.test.ts (8 tests) 48ms
 ✓ packages/clock/test/clock-plugin-lifecycle.test.ts (5 tests) 15ms
 ✓ packages/vfsl/test/compile-schema-envelope-sentinel.test.ts (7 tests) 21ms
 ✓ packages/doc-runtime/test/apply-validated-mutation-fatal-contract.test.ts (4 tests) 30ms
 ✓ packages/namespace-registry/test/registry-shutdown.test.ts (12 tests) 53ms
 ✓ packages/replication-protocol/test/codec-envelope.test.ts (13 tests) 10ms
 ✓ packages/vfsl/test/parse-vfsl.test.ts (11 tests) 14ms
 ✓ apps/yjs-server/test/shutdown-watchdog.test.ts (2 tests) 7ms
 ✓ packages/vfsl/test/parse-vfsl-r3-regression.test.ts (7 tests) 21ms
 ✓ packages/persistence/test/sa7-supplementary.test.ts (3 tests) 20ms
 ✓ packages/vfsl/test/parse-vfsl-errors.test.ts (19 tests) 33ms
 ✓ packages/namespace-registry/test/registry-entry-removal-guard.test.ts (7 tests) 19ms
 ✓ packages/doc-runtime/test/extract-record-keyspace.test.ts (2 tests) 11ms
 ✓ packages/namespace-runtime/test/sequencer-slotkind-close-barrier.test.ts (3 tests) 33ms
 ✓ packages/clock/test/clock-surface.test.ts (5 tests) 12ms
 ✓ packages/vfsl/test/parse-vfsl-jsdoc.test.ts (7 tests) 22ms
 ✓ packages/ws-replication/test/ws-replication-sa7-issue190-dynamic.test.ts (5 tests) 11ms
 ✓ packages/ws-replication/test/ws-replication-issue190-red.test.ts (4 tests) 11ms
 ✓ packages/persistence/test/persistence-contract.test.ts (6 tests) 23ms
 ✓ packages/vfsl-protocol/test/vfsl-protocol-empty-module.test.ts (1 test) 3ms
 ✓ packages/persistence/test/module-graph-regression.test.ts (4 tests) 17ms
 ✓ packages/namespace-runtime/test/runtime-acceptance-exports-audit.test.ts (4 tests) 5ms
 ✓ packages/namespace-registry/test/registry-node-dispose.test.ts (2 tests) 11ms
 ✓ packages/doc-runtime/test/public-surface-guard.test.ts (3 tests) 3ms
 ✓ packages/ws-replication/test/ws-replication-issue190-guard.test.ts (1 test) 5ms

 Test Files  231 passed (231)
      Tests  2396 passed (2396)
Type Errors  no errors
   Start at  14:33:06
   Duration  162.21s (transform 5.45s, setup 0ms, collect 52.21s, tests 355.17s, environment 85ms, prepare 23.37s, typecheck 5.77s)

EXIT: 0
ALL-DONE

==== SA7 live per-hop probe (tsx, NODE_OPTIONS=--conditions=nomicore-source) ====
PASS | A1 encode: frame built, 20B envelope header + payload | frame.length=66
PASS | A2 registry: MESSAGE_TYPES.UPDATE_CHUNK===0x42, scope=namespace/direction=either/ack=UPDATE_ACK | type=0x42 registry={"code":66,"scope":"namespace","direction":"either","ack":"UPDATE_ACK"}
PASS | B1 decode(negotiated): all six fields equal, detached copy | "UPDATE_CHUNK"
PASS | C1 gate: ungated decode -> UNSUPPORTED_MESSAGE_TYPE, fatal, wsCloseCode=1002 | code=UNSUPPORTED_MESSAGE_TYPE close=1002 name=ProtocolError
PASS | D1 truncation sweep: every prefix 0..len-1 classified ProtocolError, zero RangeError/TypeError/accept | prefixes=66 classifiedRejects=66 unclassified=[]
PASS | E1 eager option check: -1 -> CONNECTION_POLICY_VIOLATION | code=CONNECTION_POLICY_VIOLATION
PASS | F1 registry metadata frozen values (VIOLATION fatal/no/failed; TOO_LARGE fatal/config/failed) | v={"code":"UPDATE_TRANSFER_VIOLATION","scope":"namespace","fatal":true,"retryable":"no","terminalState":"failed"} t={"code":"UPDATE_TRANSFER_TOO_LARGE","scope":"namespace","fatal":true,"retryable":"config","terminalState":"failed"}
PASS | F2 ERROR wire roundtrip with new code | code=UPDATE_TRANSFER_TOO_LARGE
PASS | F3 RESYNC_REQUIRED wire roundtrip with new reason | reason=UPDATE_TRANSFER_EXPIRED

PROBE SUMMARY: 9/9 checks passed
EXIT:0
