Testing types with tsc and vue-tsc is an experimental feature.
Breaking changes might not follow SemVer, please pin Vitest's version when using it.

 RUN  v3.2.7 /home/wangjian/nomicore-fix-issue-239

xx

⎯⎯⎯⎯⎯⎯⎯ Failed Tests 2 ⎯⎯⎯⎯⎯⎯⎯

 FAIL  packages/ws-replication/test/ws-replication-issue239-ac-red.test.ts > issue #239 验收契约（红灯）：periodic no-op 与有效同步的可观测性差异 > 场景 1：已收敛副本连续 periodic round —— 观察面必须报 roundId 关联 + 全 noop（SV/ROOT/META 不变，bytes 仍非零）
AssertionError: [issue239 ac-red] 场景1 no-op sync-step2-sent(hub) 缺语义字段 syncRoundId——红灯：生产修复前不得在场: expected undefined to be type of 'number'

Expected: "number"
Received: "undefined"

 ❯ numberField packages/ws-replication/test/ws-replication-issue239-ac-red.test.ts:128:5
    126|     value,
    127|     `${label} ${e.type}(${e.side}) 缺语义字段 ${key}——红灯：生产修复前不得在场`,
    128|   ).toBeTypeOf('number');
       |     ^
    129|   return value as number;
    130| }
 ❯ groupsOf packages/ws-replication/test/ws-replication-issue239-ac-red.test.ts:146:21
 ❯ packages/ws-replication/test/ws-replication-issue239-ac-red.test.ts:224:20

⎯⎯⎯⎯⎯⎯⎯⎯⎯⎯⎯⎯⎯⎯⎯⎯⎯⎯⎯⎯⎯⎯⎯⎯[1/2]⎯

 FAIL  packages/ws-replication/test/ws-replication-issue239-ac-red.test.ts > issue #239 验收契约（红灯）：periodic no-op 与有效同步的可观测性差异 > 场景 2：hub 静默漂移 → 下一 periodic round 至少一侧 diff-applied 报 changed（与实测 SV 增量一致）并收敛
AssertionError: [issue239 ac-red] 场景2 hub-drift sync-step2-sent(hub) 缺语义字段 syncRoundId——红灯：生产修复前不得在场: expected undefined to be type of 'number'

Expected: "number"
Received: "undefined"

 ❯ numberField packages/ws-replication/test/ws-replication-issue239-ac-red.test.ts:128:5
    126|     value,
    127|     `${label} ${e.type}(${e.side}) 缺语义字段 ${key}——红灯：生产修复前不得在场`,
    128|   ).toBeTypeOf('number');
       |     ^
    129|   return value as number;
    130| }
 ❯ groupsOf packages/ws-replication/test/ws-replication-issue239-ac-red.test.ts:146:21
 ❯ packages/ws-replication/test/ws-replication-issue239-ac-red.test.ts:289:20

⎯⎯⎯⎯⎯⎯⎯⎯⎯⎯⎯⎯⎯⎯⎯⎯⎯⎯⎯⎯⎯⎯⎯⎯[2/2]⎯


 Test Files  1 failed (1)
      Tests  2 failed (2)
Type Errors  no errors
   Start at  00:57:01
   Duration  3.93s (transform 1.96s, setup 0ms, collect 2.61s, tests 174ms, environment 0ms, prepare 205ms)

Testing types with tsc and vue-tsc is an experimental feature.
Breaking changes might not follow SemVer, please pin Vitest's version when using it.

 RUN  v3.2.7 /home/wangjian/nomicore-fix-issue-239

xx

⎯⎯⎯⎯⎯⎯⎯ Failed Tests 2 ⎯⎯⎯⎯⎯⎯⎯

 FAIL  packages/ws-replication/test/ws-replication-issue239-ac-red.test.ts > issue #239 验收契约（红灯）：periodic no-op 与有效同步的可观测性差异 > 场景 1：已收敛副本连续 periodic round —— 观察面必须报 roundId 关联 + 全 noop（SV/ROOT/META 不变，bytes 仍非零）
AssertionError: [issue239 ac-red] 场景1 no-op sync-step2-sent(hub) 缺语义字段 syncRoundId——红灯：生产修复前不得在场: expected undefined to be type of 'number'

Expected: "number"
Received: "undefined"

 ❯ numberField packages/ws-replication/test/ws-replication-issue239-ac-red.test.ts:128:5
    126|     value,
    127|     `${label} ${e.type}(${e.side}) 缺语义字段 ${key}——红灯：生产修复前不得在场`,
    128|   ).toBeTypeOf('number');
       |     ^
    129|   return value as number;
    130| }
 ❯ groupsOf packages/ws-replication/test/ws-replication-issue239-ac-red.test.ts:146:21
 ❯ packages/ws-replication/test/ws-replication-issue239-ac-red.test.ts:224:20

⎯⎯⎯⎯⎯⎯⎯⎯⎯⎯⎯⎯⎯⎯⎯⎯⎯⎯⎯⎯⎯⎯⎯⎯[1/2]⎯

 FAIL  packages/ws-replication/test/ws-replication-issue239-ac-red.test.ts > issue #239 验收契约（红灯）：periodic no-op 与有效同步的可观测性差异 > 场景 2：hub 静默漂移 → 下一 periodic round 至少一侧 diff-applied 报 changed（与实测 SV 增量一致）并收敛
AssertionError: [issue239 ac-red] 场景2 hub-drift sync-step2-sent(hub) 缺语义字段 syncRoundId——红灯：生产修复前不得在场: expected undefined to be type of 'number'

Expected: "number"
Received: "undefined"

 ❯ numberField packages/ws-replication/test/ws-replication-issue239-ac-red.test.ts:128:5
    126|     value,
    127|     `${label} ${e.type}(${e.side}) 缺语义字段 ${key}——红灯：生产修复前不得在场`,
    128|   ).toBeTypeOf('number');
       |     ^
    129|   return value as number;
    130| }
 ❯ groupsOf packages/ws-replication/test/ws-replication-issue239-ac-red.test.ts:146:21
 ❯ packages/ws-replication/test/ws-replication-issue239-ac-red.test.ts:289:20

⎯⎯⎯⎯⎯⎯⎯⎯⎯⎯⎯⎯⎯⎯⎯⎯⎯⎯⎯⎯⎯⎯⎯⎯[2/2]⎯


 Test Files  1 failed (1)
      Tests  2 failed (2)
Type Errors  no errors
   Start at  00:57:07
   Duration  6.33s (transform 3.15s, setup 0ms, collect 4.48s, tests 302ms, environment 0ms, prepare 411ms)

Testing types with tsc and vue-tsc is an experimental feature.
Breaking changes might not follow SemVer, please pin Vitest's version when using it.

 RUN  v3.2.7 /home/wangjian/nomicore-fix-issue-239

xx

⎯⎯⎯⎯⎯⎯⎯ Failed Tests 2 ⎯⎯⎯⎯⎯⎯⎯

 FAIL  packages/ws-replication/test/ws-replication-issue239-ac-red.test.ts > issue #239 验收契约（红灯）：periodic no-op 与有效同步的可观测性差异 > 场景 1：已收敛副本连续 periodic round —— 观察面必须报 roundId 关联 + 全 noop（SV/ROOT/META 不变，bytes 仍非零）
AssertionError: [issue239 ac-red] 场景1 no-op sync-step2-sent(hub) 缺语义字段 syncRoundId——红灯：生产修复前不得在场: expected undefined to be type of 'number'

Expected: "number"
Received: "undefined"

 ❯ numberField packages/ws-replication/test/ws-replication-issue239-ac-red.test.ts:128:5
    126|     value,
    127|     `${label} ${e.type}(${e.side}) 缺语义字段 ${key}——红灯：生产修复前不得在场`,
    128|   ).toBeTypeOf('number');
       |     ^
    129|   return value as number;
    130| }
 ❯ groupsOf packages/ws-replication/test/ws-replication-issue239-ac-red.test.ts:146:21
 ❯ packages/ws-replication/test/ws-replication-issue239-ac-red.test.ts:224:20

⎯⎯⎯⎯⎯⎯⎯⎯⎯⎯⎯⎯⎯⎯⎯⎯⎯⎯⎯⎯⎯⎯⎯⎯[1/2]⎯

 FAIL  packages/ws-replication/test/ws-replication-issue239-ac-red.test.ts > issue #239 验收契约（红灯）：periodic no-op 与有效同步的可观测性差异 > 场景 2：hub 静默漂移 → 下一 periodic round 至少一侧 diff-applied 报 changed（与实测 SV 增量一致）并收敛
AssertionError: [issue239 ac-red] 场景2 hub-drift sync-step2-sent(hub) 缺语义字段 syncRoundId——红灯：生产修复前不得在场: expected undefined to be type of 'number'

Expected: "number"
Received: "undefined"

 ❯ numberField packages/ws-replication/test/ws-replication-issue239-ac-red.test.ts:128:5
    126|     value,
    127|     `${label} ${e.type}(${e.side}) 缺语义字段 ${key}——红灯：生产修复前不得在场`,
    128|   ).toBeTypeOf('number');
       |     ^
    129|   return value as number;
    130| }
 ❯ groupsOf packages/ws-replication/test/ws-replication-issue239-ac-red.test.ts:146:21
 ❯ packages/ws-replication/test/ws-replication-issue239-ac-red.test.ts:289:20

⎯⎯⎯⎯⎯⎯⎯⎯⎯⎯⎯⎯⎯⎯⎯⎯⎯⎯⎯⎯⎯⎯⎯⎯[2/2]⎯


 Test Files  1 failed (1)
      Tests  2 failed (2)
Type Errors  no errors
   Start at  00:57:18
   Duration  4.74s (transform 2.23s, setup 0ms, collect 3.25s, tests 175ms, environment 0ms, prepare 357ms)

Testing types with tsc and vue-tsc is an experimental feature.
Breaking changes might not follow SemVer, please pin Vitest's version when using it.

 RUN  v3.2.7 /home/wangjian/nomicore-fix-issue-239

xx

⎯⎯⎯⎯⎯⎯⎯ Failed Tests 2 ⎯⎯⎯⎯⎯⎯⎯

 FAIL  packages/ws-replication/test/ws-replication-issue239-ac-red.test.ts > issue #239 验收契约（红灯）：periodic no-op 与有效同步的可观测性差异 > 场景 1：已收敛副本连续 periodic round —— 观察面必须报 roundId 关联 + 全 noop（SV/ROOT/META 不变，bytes 仍非零）
AssertionError: [issue239 ac-red] 场景1 no-op sync-step2-sent(hub) 缺语义字段 syncRoundId——红灯：生产修复前不得在场: expected undefined to be type of 'number'

Expected: "number"
Received: "undefined"

 ❯ numberField packages/ws-replication/test/ws-replication-issue239-ac-red.test.ts:128:5
    126|     value,
    127|     `${label} ${e.type}(${e.side}) 缺语义字段 ${key}——红灯：生产修复前不得在场`,
    128|   ).toBeTypeOf('number');
       |     ^
    129|   return value as number;
    130| }
 ❯ groupsOf packages/ws-replication/test/ws-replication-issue239-ac-red.test.ts:146:21
 ❯ packages/ws-replication/test/ws-replication-issue239-ac-red.test.ts:224:20

⎯⎯⎯⎯⎯⎯⎯⎯⎯⎯⎯⎯⎯⎯⎯⎯⎯⎯⎯⎯⎯⎯⎯⎯[1/2]⎯

 FAIL  packages/ws-replication/test/ws-replication-issue239-ac-red.test.ts > issue #239 验收契约（红灯）：periodic no-op 与有效同步的可观测性差异 > 场景 2：hub 静默漂移 → 下一 periodic round 至少一侧 diff-applied 报 changed（与实测 SV 增量一致）并收敛
AssertionError: [issue239 ac-red] 场景2 hub-drift sync-step2-sent(hub) 缺语义字段 syncRoundId——红灯：生产修复前不得在场: expected undefined to be type of 'number'

Expected: "number"
Received: "undefined"

 ❯ numberField packages/ws-replication/test/ws-replication-issue239-ac-red.test.ts:128:5
    126|     value,
    127|     `${label} ${e.type}(${e.side}) 缺语义字段 ${key}——红灯：生产修复前不得在场`,
    128|   ).toBeTypeOf('number');
       |     ^
    129|   return value as number;
    130| }
 ❯ groupsOf packages/ws-replication/test/ws-replication-issue239-ac-red.test.ts:146:21
 ❯ packages/ws-replication/test/ws-replication-issue239-ac-red.test.ts:289:20

⎯⎯⎯⎯⎯⎯⎯⎯⎯⎯⎯⎯⎯⎯⎯⎯⎯⎯⎯⎯⎯⎯⎯⎯[2/2]⎯


 Test Files  1 failed (1)
      Tests  2 failed (2)
Type Errors  no errors
   Start at  00:57:24
   Duration  3.91s (transform 1.94s, setup 0ms, collect 2.70s, tests 155ms, environment 0ms, prepare 233ms)

Testing types with tsc and vue-tsc is an experimental feature.
Breaking changes might not follow SemVer, please pin Vitest's version when using it.

 RUN  v3.2.7 /home/wangjian/nomicore-fix-issue-239

xx

⎯⎯⎯⎯⎯⎯⎯ Failed Tests 2 ⎯⎯⎯⎯⎯⎯⎯

 FAIL  packages/ws-replication/test/ws-replication-issue239-ac-red.test.ts > issue #239 验收契约（红灯）：periodic no-op 与有效同步的可观测性差异 > 场景 1：已收敛副本连续 periodic round —— 观察面必须报 roundId 关联 + 全 noop（SV/ROOT/META 不变，bytes 仍非零）
AssertionError: [issue239 ac-red] 场景1 no-op sync-step2-sent(hub) 缺语义字段 syncRoundId——红灯：生产修复前不得在场: expected undefined to be type of 'number'

Expected: "number"
Received: "undefined"

 ❯ numberField packages/ws-replication/test/ws-replication-issue239-ac-red.test.ts:128:5
    126|     value,
    127|     `${label} ${e.type}(${e.side}) 缺语义字段 ${key}——红灯：生产修复前不得在场`,
    128|   ).toBeTypeOf('number');
       |     ^
    129|   return value as number;
    130| }
 ❯ groupsOf packages/ws-replication/test/ws-replication-issue239-ac-red.test.ts:146:21
 ❯ packages/ws-replication/test/ws-replication-issue239-ac-red.test.ts:224:20

⎯⎯⎯⎯⎯⎯⎯⎯⎯⎯⎯⎯⎯⎯⎯⎯⎯⎯⎯⎯⎯⎯⎯⎯[1/2]⎯

 FAIL  packages/ws-replication/test/ws-replication-issue239-ac-red.test.ts > issue #239 验收契约（红灯）：periodic no-op 与有效同步的可观测性差异 > 场景 2：hub 静默漂移 → 下一 periodic round 至少一侧 diff-applied 报 changed（与实测 SV 增量一致）并收敛
AssertionError: [issue239 ac-red] 场景2 hub-drift sync-step2-sent(hub) 缺语义字段 syncRoundId——红灯：生产修复前不得在场: expected undefined to be type of 'number'

Expected: "number"
Received: "undefined"

 ❯ numberField packages/ws-replication/test/ws-replication-issue239-ac-red.test.ts:128:5
    126|     value,
    127|     `${label} ${e.type}(${e.side}) 缺语义字段 ${key}——红灯：生产修复前不得在场`,
    128|   ).toBeTypeOf('number');
       |     ^
    129|   return value as number;
    130| }
 ❯ groupsOf packages/ws-replication/test/ws-replication-issue239-ac-red.test.ts:146:21
 ❯ packages/ws-replication/test/ws-replication-issue239-ac-red.test.ts:289:20

⎯⎯⎯⎯⎯⎯⎯⎯⎯⎯⎯⎯⎯⎯⎯⎯⎯⎯⎯⎯⎯⎯⎯⎯[2/2]⎯


 Test Files  1 failed (1)
      Tests  2 failed (2)
Type Errors  no errors
   Start at  00:57:30
   Duration  4.04s (transform 1.98s, setup 0ms, collect 2.79s, tests 165ms, environment 0ms, prepare 177ms)

Testing types with tsc and vue-tsc is an experimental feature.
Breaking changes might not follow SemVer, please pin Vitest's version when using it.

 RUN  v3.2.7 /home/wangjian/nomicore-fix-issue-239

xx

⎯⎯⎯⎯⎯⎯⎯ Failed Tests 2 ⎯⎯⎯⎯⎯⎯⎯

 FAIL  packages/ws-replication/test/ws-replication-issue239-ac-red.test.ts > issue #239 验收契约（红灯）：periodic no-op 与有效同步的可观测性差异 > 场景 1：已收敛副本连续 periodic round —— 观察面必须报 roundId 关联 + 全 noop（SV/ROOT/META 不变，bytes 仍非零）
AssertionError: [issue239 ac-red] 场景1 no-op sync-step2-sent(hub) 缺语义字段 syncRoundId——红灯：生产修复前不得在场: expected undefined to be type of 'number'

Expected: "number"
Received: "undefined"

 ❯ numberField packages/ws-replication/test/ws-replication-issue239-ac-red.test.ts:128:5
    126|     value,
    127|     `${label} ${e.type}(${e.side}) 缺语义字段 ${key}——红灯：生产修复前不得在场`,
    128|   ).toBeTypeOf('number');
       |     ^
    129|   return value as number;
    130| }
 ❯ groupsOf packages/ws-replication/test/ws-replication-issue239-ac-red.test.ts:146:21
 ❯ packages/ws-replication/test/ws-replication-issue239-ac-red.test.ts:224:20

⎯⎯⎯⎯⎯⎯⎯⎯⎯⎯⎯⎯⎯⎯⎯⎯⎯⎯⎯⎯⎯⎯⎯⎯[1/2]⎯

 FAIL  packages/ws-replication/test/ws-replication-issue239-ac-red.test.ts > issue #239 验收契约（红灯）：periodic no-op 与有效同步的可观测性差异 > 场景 2：hub 静默漂移 → 下一 periodic round 至少一侧 diff-applied 报 changed（与实测 SV 增量一致）并收敛
AssertionError: [issue239 ac-red] 场景2 hub-drift sync-step2-sent(hub) 缺语义字段 syncRoundId——红灯：生产修复前不得在场: expected undefined to be type of 'number'

Expected: "number"
Received: "undefined"

 ❯ numberField packages/ws-replication/test/ws-replication-issue239-ac-red.test.ts:128:5
    126|     value,
    127|     `${label} ${e.type}(${e.side}) 缺语义字段 ${key}——红灯：生产修复前不得在场`,
    128|   ).toBeTypeOf('number');
       |     ^
    129|   return value as number;
    130| }
 ❯ groupsOf packages/ws-replication/test/ws-replication-issue239-ac-red.test.ts:146:21
 ❯ packages/ws-replication/test/ws-replication-issue239-ac-red.test.ts:289:20

⎯⎯⎯⎯⎯⎯⎯⎯⎯⎯⎯⎯⎯⎯⎯⎯⎯⎯⎯⎯⎯⎯⎯⎯[2/2]⎯


 Test Files  1 failed (1)
      Tests  2 failed (2)
Type Errors  no errors
   Start at  00:57:36
   Duration  5.93s (transform 2.63s, setup 0ms, collect 4.05s, tests 339ms, environment 0ms, prepare 339ms)

Testing types with tsc and vue-tsc is an experimental feature.
Breaking changes might not follow SemVer, please pin Vitest's version when using it.

 RUN  v3.2.7 /home/wangjian/nomicore-fix-issue-239

xx

⎯⎯⎯⎯⎯⎯⎯ Failed Tests 2 ⎯⎯⎯⎯⎯⎯⎯

 FAIL  packages/ws-replication/test/ws-replication-issue239-ac-red.test.ts > issue #239 验收契约（红灯）：periodic no-op 与有效同步的可观测性差异 > 场景 1：已收敛副本连续 periodic round —— 观察面必须报 roundId 关联 + 全 noop（SV/ROOT/META 不变，bytes 仍非零）
AssertionError: [issue239 ac-red] 场景1 no-op sync-step2-sent(hub) 缺语义字段 syncRoundId——红灯：生产修复前不得在场: expected undefined to be type of 'number'

Expected: "number"
Received: "undefined"

 ❯ numberField packages/ws-replication/test/ws-replication-issue239-ac-red.test.ts:128:5
    126|     value,
    127|     `${label} ${e.type}(${e.side}) 缺语义字段 ${key}——红灯：生产修复前不得在场`,
    128|   ).toBeTypeOf('number');
       |     ^
    129|   return value as number;
    130| }
 ❯ groupsOf packages/ws-replication/test/ws-replication-issue239-ac-red.test.ts:146:21
 ❯ packages/ws-replication/test/ws-replication-issue239-ac-red.test.ts:224:20

⎯⎯⎯⎯⎯⎯⎯⎯⎯⎯⎯⎯⎯⎯⎯⎯⎯⎯⎯⎯⎯⎯⎯⎯[1/2]⎯

 FAIL  packages/ws-replication/test/ws-replication-issue239-ac-red.test.ts > issue #239 验收契约（红灯）：periodic no-op 与有效同步的可观测性差异 > 场景 2：hub 静默漂移 → 下一 periodic round 至少一侧 diff-applied 报 changed（与实测 SV 增量一致）并收敛
AssertionError: [issue239 ac-red] 场景2 hub-drift sync-step2-sent(hub) 缺语义字段 syncRoundId——红灯：生产修复前不得在场: expected undefined to be type of 'number'

Expected: "number"
Received: "undefined"

 ❯ numberField packages/ws-replication/test/ws-replication-issue239-ac-red.test.ts:128:5
    126|     value,
    127|     `${label} ${e.type}(${e.side}) 缺语义字段 ${key}——红灯：生产修复前不得在场`,
    128|   ).toBeTypeOf('number');
       |     ^
    129|   return value as number;
    130| }
 ❯ groupsOf packages/ws-replication/test/ws-replication-issue239-ac-red.test.ts:146:21
 ❯ packages/ws-replication/test/ws-replication-issue239-ac-red.test.ts:289:20

⎯⎯⎯⎯⎯⎯⎯⎯⎯⎯⎯⎯⎯⎯⎯⎯⎯⎯⎯⎯⎯⎯⎯⎯[2/2]⎯


 Test Files  1 failed (1)
      Tests  2 failed (2)
Type Errors  no errors
   Start at  00:57:46
   Duration  5.60s (transform 2.62s, setup 0ms, collect 3.90s, tests 155ms, environment 0ms, prepare 401ms)

Testing types with tsc and vue-tsc is an experimental feature.
Breaking changes might not follow SemVer, please pin Vitest's version when using it.

 RUN  v3.2.7 /home/wangjian/nomicore-fix-issue-239

xx

⎯⎯⎯⎯⎯⎯⎯ Failed Tests 2 ⎯⎯⎯⎯⎯⎯⎯

 FAIL  packages/ws-replication/test/ws-replication-issue239-ac-red.test.ts > issue #239 验收契约（红灯）：periodic no-op 与有效同步的可观测性差异 > 场景 1：已收敛副本连续 periodic round —— 观察面必须报 roundId 关联 + 全 noop（SV/ROOT/META 不变，bytes 仍非零）
AssertionError: [issue239 ac-red] 场景1 no-op sync-step2-sent(hub) 缺语义字段 syncRoundId——红灯：生产修复前不得在场: expected undefined to be type of 'number'

Expected: "number"
Received: "undefined"

 ❯ numberField packages/ws-replication/test/ws-replication-issue239-ac-red.test.ts:128:5
    126|     value,
    127|     `${label} ${e.type}(${e.side}) 缺语义字段 ${key}——红灯：生产修复前不得在场`,
    128|   ).toBeTypeOf('number');
       |     ^
    129|   return value as number;
    130| }
 ❯ groupsOf packages/ws-replication/test/ws-replication-issue239-ac-red.test.ts:146:21
 ❯ packages/ws-replication/test/ws-replication-issue239-ac-red.test.ts:224:20

⎯⎯⎯⎯⎯⎯⎯⎯⎯⎯⎯⎯⎯⎯⎯⎯⎯⎯⎯⎯⎯⎯⎯⎯[1/2]⎯

 FAIL  packages/ws-replication/test/ws-replication-issue239-ac-red.test.ts > issue #239 验收契约（红灯）：periodic no-op 与有效同步的可观测性差异 > 场景 2：hub 静默漂移 → 下一 periodic round 至少一侧 diff-applied 报 changed（与实测 SV 增量一致）并收敛
AssertionError: [issue239 ac-red] 场景2 hub-drift sync-step2-sent(hub) 缺语义字段 syncRoundId——红灯：生产修复前不得在场: expected undefined to be type of 'number'

Expected: "number"
Received: "undefined"

 ❯ numberField packages/ws-replication/test/ws-replication-issue239-ac-red.test.ts:128:5
    126|     value,
    127|     `${label} ${e.type}(${e.side}) 缺语义字段 ${key}——红灯：生产修复前不得在场`,
    128|   ).toBeTypeOf('number');
       |     ^
    129|   return value as number;
    130| }
 ❯ groupsOf packages/ws-replication/test/ws-replication-issue239-ac-red.test.ts:146:21
 ❯ packages/ws-replication/test/ws-replication-issue239-ac-red.test.ts:289:20

⎯⎯⎯⎯⎯⎯⎯⎯⎯⎯⎯⎯⎯⎯⎯⎯⎯⎯⎯⎯⎯⎯⎯⎯[2/2]⎯


 Test Files  1 failed (1)
      Tests  2 failed (2)
Type Errors  no errors
   Start at  00:57:54
   Duration  3.85s (transform 1.98s, setup 0ms, collect 2.64s, tests 174ms, environment 0ms, prepare 205ms)

Testing types with tsc and vue-tsc is an experimental feature.
Breaking changes might not follow SemVer, please pin Vitest's version when using it.

 RUN  v3.2.7 /home/wangjian/nomicore-fix-issue-239

xx

⎯⎯⎯⎯⎯⎯⎯ Failed Tests 2 ⎯⎯⎯⎯⎯⎯⎯

 FAIL  packages/ws-replication/test/ws-replication-issue239-ac-red.test.ts > issue #239 验收契约（红灯）：periodic no-op 与有效同步的可观测性差异 > 场景 1：已收敛副本连续 periodic round —— 观察面必须报 roundId 关联 + 全 noop（SV/ROOT/META 不变，bytes 仍非零）
AssertionError: [issue239 ac-red] 场景1 no-op sync-step2-sent(hub) 缺语义字段 syncRoundId——红灯：生产修复前不得在场: expected undefined to be type of 'number'

Expected: "number"
Received: "undefined"

 ❯ numberField packages/ws-replication/test/ws-replication-issue239-ac-red.test.ts:128:5
    126|     value,
    127|     `${label} ${e.type}(${e.side}) 缺语义字段 ${key}——红灯：生产修复前不得在场`,
    128|   ).toBeTypeOf('number');
       |     ^
    129|   return value as number;
    130| }
 ❯ groupsOf packages/ws-replication/test/ws-replication-issue239-ac-red.test.ts:146:21
 ❯ packages/ws-replication/test/ws-replication-issue239-ac-red.test.ts:224:20

⎯⎯⎯⎯⎯⎯⎯⎯⎯⎯⎯⎯⎯⎯⎯⎯⎯⎯⎯⎯⎯⎯⎯⎯[1/2]⎯

 FAIL  packages/ws-replication/test/ws-replication-issue239-ac-red.test.ts > issue #239 验收契约（红灯）：periodic no-op 与有效同步的可观测性差异 > 场景 2：hub 静默漂移 → 下一 periodic round 至少一侧 diff-applied 报 changed（与实测 SV 增量一致）并收敛
AssertionError: [issue239 ac-red] 场景2 hub-drift sync-step2-sent(hub) 缺语义字段 syncRoundId——红灯：生产修复前不得在场: expected undefined to be type of 'number'

Expected: "number"
Received: "undefined"

 ❯ numberField packages/ws-replication/test/ws-replication-issue239-ac-red.test.ts:128:5
    126|     value,
    127|     `${label} ${e.type}(${e.side}) 缺语义字段 ${key}——红灯：生产修复前不得在场`,
    128|   ).toBeTypeOf('number');
       |     ^
    129|   return value as number;
    130| }
 ❯ groupsOf packages/ws-replication/test/ws-replication-issue239-ac-red.test.ts:146:21
 ❯ packages/ws-replication/test/ws-replication-issue239-ac-red.test.ts:289:20

⎯⎯⎯⎯⎯⎯⎯⎯⎯⎯⎯⎯⎯⎯⎯⎯⎯⎯⎯⎯⎯⎯⎯⎯[2/2]⎯


 Test Files  1 failed (1)
      Tests  2 failed (2)
Type Errors  no errors
   Start at  00:57:59
   Duration  3.86s (transform 1.90s, setup 0ms, collect 2.62s, tests 176ms, environment 0ms, prepare 169ms)

Testing types with tsc and vue-tsc is an experimental feature.
Breaking changes might not follow SemVer, please pin Vitest's version when using it.

 RUN  v3.2.7 /home/wangjian/nomicore-fix-issue-239

xx

⎯⎯⎯⎯⎯⎯⎯ Failed Tests 2 ⎯⎯⎯⎯⎯⎯⎯

 FAIL  packages/ws-replication/test/ws-replication-issue239-ac-red.test.ts > issue #239 验收契约（红灯）：periodic no-op 与有效同步的可观测性差异 > 场景 1：已收敛副本连续 periodic round —— 观察面必须报 roundId 关联 + 全 noop（SV/ROOT/META 不变，bytes 仍非零）
AssertionError: [issue239 ac-red] 场景1 no-op sync-step2-sent(hub) 缺语义字段 syncRoundId——红灯：生产修复前不得在场: expected undefined to be type of 'number'

Expected: "number"
Received: "undefined"

 ❯ numberField packages/ws-replication/test/ws-replication-issue239-ac-red.test.ts:128:5
    126|     value,
    127|     `${label} ${e.type}(${e.side}) 缺语义字段 ${key}——红灯：生产修复前不得在场`,
    128|   ).toBeTypeOf('number');
       |     ^
    129|   return value as number;
    130| }
 ❯ groupsOf packages/ws-replication/test/ws-replication-issue239-ac-red.test.ts:146:21
 ❯ packages/ws-replication/test/ws-replication-issue239-ac-red.test.ts:224:20

⎯⎯⎯⎯⎯⎯⎯⎯⎯⎯⎯⎯⎯⎯⎯⎯⎯⎯⎯⎯⎯⎯⎯⎯[1/2]⎯

 FAIL  packages/ws-replication/test/ws-replication-issue239-ac-red.test.ts > issue #239 验收契约（红灯）：periodic no-op 与有效同步的可观测性差异 > 场景 2：hub 静默漂移 → 下一 periodic round 至少一侧 diff-applied 报 changed（与实测 SV 增量一致）并收敛
AssertionError: [issue239 ac-red] 场景2 hub-drift sync-step2-sent(hub) 缺语义字段 syncRoundId——红灯：生产修复前不得在场: expected undefined to be type of 'number'

Expected: "number"
Received: "undefined"

 ❯ numberField packages/ws-replication/test/ws-replication-issue239-ac-red.test.ts:128:5
    126|     value,
    127|     `${label} ${e.type}(${e.side}) 缺语义字段 ${key}——红灯：生产修复前不得在场`,
    128|   ).toBeTypeOf('number');
       |     ^
    129|   return value as number;
    130| }
 ❯ groupsOf packages/ws-replication/test/ws-replication-issue239-ac-red.test.ts:146:21
 ❯ packages/ws-replication/test/ws-replication-issue239-ac-red.test.ts:289:20

⎯⎯⎯⎯⎯⎯⎯⎯⎯⎯⎯⎯⎯⎯⎯⎯⎯⎯⎯⎯⎯⎯⎯⎯[2/2]⎯


 Test Files  1 failed (1)
      Tests  2 failed (2)
Type Errors  no errors
   Start at  00:58:05
   Duration  6.70s (transform 3.45s, setup 0ms, collect 5.18s, tests 434ms, environment 3ms, prepare 163ms)

RED-STABILITY: red(as-expected)=10 unexpected=0
