=== File B 重复运行 ×20（F1 零假红佐证；SA7 动态轮为正式验收方） ===
=== run 1 ===
 Test Files  1 passed (1)
      Tests  4 passed (4)
Type Errors  no errors
exit=0
=== run 2 ===
 Test Files  1 passed (1)
      Tests  4 passed (4)
Type Errors  no errors
exit=0
=== run 3 ===
 Test Files  1 passed (1)
      Tests  4 passed (4)
Type Errors  no errors
exit=0
=== run 4 ===
 Test Files  1 passed (1)
      Tests  4 passed (4)
Type Errors  no errors
exit=0
=== run 5 ===
 Test Files  1 passed (1)
      Tests  4 passed (4)
Type Errors  no errors
exit=0
=== run 6 ===
 Test Files  1 passed (1)
      Tests  4 passed (4)
Type Errors  no errors
exit=0
=== run 7 ===
 Test Files  1 passed (1)
      Tests  4 passed (4)
Type Errors  no errors
exit=0
=== run 8 ===
 Test Files  1 passed (1)
      Tests  4 passed (4)
Type Errors  no errors
exit=0
=== run 9 ===
 Test Files  1 passed (1)
      Tests  4 passed (4)
Type Errors  no errors
exit=0
=== run 10 ===
 Test Files  1 passed (1)
      Tests  4 passed (4)
Type Errors  no errors
exit=0
=== run 11 ===
 Test Files  1 passed (1)
      Tests  4 passed (4)
Type Errors  no errors
exit=0
=== run 12 ===
 Test Files  1 passed (1)
      Tests  4 passed (4)
Type Errors  no errors
exit=0
=== run 13 ===
 Test Files  1 passed (1)
      Tests  4 passed (4)
Type Errors  no errors
exit=0
=== run 14 ===
 Test Files  1 passed (1)
      Tests  4 passed (4)
Type Errors  no errors
exit=0
=== run 15 ===
 Test Files  1 passed (1)
      Tests  4 passed (4)
Type Errors  no errors
exit=0
=== run 16 ===
 Test Files  1 passed (1)
      Tests  4 passed (4)
Type Errors  no errors
exit=0
=== run 17 ===
 Test Files  1 passed (1)
      Tests  4 passed (4)
Type Errors  no errors
exit=0
=== run 18 ===
 Test Files  1 passed (1)
      Tests  4 passed (4)
Type Errors  no errors
exit=0
=== run 19 ===
 Test Files  1 passed (1)
      Tests  4 passed (4)
Type Errors  no errors
exit=0
=== run 20 ===
 Test Files  1 passed (1)
      Tests  4 passed (4)
Type Errors  no errors
exit=0
DONE
