SA6 issue-244 iteration-1 verify log (acceptance-contract revision, SA4-2 cross-field semantics)
worktree: nomicore-fix-issue-244 branch mabf/issue-244 HEAD e2178f3 (slice-3 implementation tree: SA3 iter0 + SA4-1 fix)
All commands run with NODE_OPTIONS=--conditions=nomicore-source pnpm exec vitest ... from worktree root.

[1] baseline: current contract file before iteration-1 supplement (11 cases)
$ vitest run packages/ws-replication/test/ws-replication-issue244-ac-red.test.ts
   11 passed (11); Type Errors no errors; duration ~0.9s        # 2026-09-09T20:44

[2] after supplement (R1c + N5 + N6; 14 cases) - red guard run (hub entry fails first)
$ vitest run packages/ws-replication/test/ws-replication-issue244-ac-red.test.ts --reporter=verbose
   x 红灯 R1c: ... .toThrow(TypeError) at ws-replication-issue244-ac-red.test.ts:726
      AssertionError: 显式 maxChunksPerUpdate=4 + 缺省 envelope 4MiB 必须构造期 TypeError
      (链②：4MiB > 4x512KiB=2MiB；现行单键门静默接受)
      -> createHubReplication(hubOptionsWith({ maxChunksPerUpdate: 4 })) did NOT throw
   PASS: R1a R1b R2 R3 R4 R5a R5b N1 N2 N3 N4 N5 N6
   Test Files  1 failed (1); Tests  1 failed | 13 passed (14); Type Errors no errors

[3] determinism: same file x3 consecutive runs -> 1 failed | 13 passed (14) every run

[4] full ws-replication package regression (includes supplemented contract file)
$ vitest run packages/ws-replication/test --reporter=dot
   Test Files  1 failed | 61 passed (62)
   Tests       1 failed | 450 passed (451)      # only failure = R1c red guard
   Type Errors no errors; duration ~36.7s

[5] package typecheck
$ pnpm exec tsc -p packages/ws-replication/tsconfig.json   -> exit 0 (TSC_OK)

[6] sensitivity contrast (inside R1c; green today): same merged values expressed with
    explicit maxChunkedUpdateBytes AND maxChunksPerUpdate -> hub/peer constructors throw
    TypeError today (chain2 arithmetic real); only-maxChunksPerUpdate expression does not
    throw today -> red localized to the missing count-key activation (single-key gate
    hub-connection.ts:195-202 / peer-connection.ts:109-116), not the chain machinery.

[7] worktree hygiene: no temp probe files; no production code touched by SA6; contract
    supplement = header docs + R1c/N5/N6 only; report wiki/raw/task_issue-244_sa6_contract.md.
